balanced_search_tree.insert small calibrate count=100000 reps=1 bend_delta=4000000ns ref_delta=2667000ns bendA=8000000ns
balanced_search_tree.insert small calibrate count=100000 reps=26 bend_delta=97000000ns ref_delta=65249000ns bendA=199000000ns
balanced_search_tree.insert small calibrate count=100000 reps=52 bend_delta=200000000ns ref_delta=129545000ns bendA=403000000ns
balanced_search_tree.insert medium calibrate count=50000 reps=1 bend_delta=4000000ns ref_delta=3278000ns bendA=8000000ns
balanced_search_tree.insert medium calibrate count=50000 reps=26 bend_delta=90000000ns ref_delta=82483000ns bendA=202000000ns
balanced_search_tree.insert medium calibrate count=50000 reps=52 bend_delta=182000000ns ref_delta=164849000ns bendA=406000000ns
balanced_search_tree.insert large calibrate count=20000 reps=1 bend_delta=6000000ns ref_delta=3036000ns bendA=33000000ns
balanced_search_tree.insert large calibrate count=131072 reps=1 bend_delta=18000000ns ref_delta=19586000ns bendA=62000000ns
balanced_search_tree.insert large calibrate count=131072 reps=6 bend_delta=105000000ns ref_delta=117499000ns bendA=401000000ns
balanced_search_tree.remove small calibrate count=100000 reps=1 bend_delta=22000000ns ref_delta=5707000ns bendA=42000000ns
balanced_search_tree.remove small calibrate count=500000 reps=1 bend_delta=106000000ns ref_delta=26888000ns bendA=209000000ns
balanced_search_tree.remove medium calibrate count=50000 reps=1 bend_delta=15000000ns ref_delta=6045000ns bendA=30000000ns
balanced_search_tree.remove medium calibrate count=350000 reps=1 bend_delta=102000000ns ref_delta=41615000ns bendA=203000000ns
balanced_search_tree.remove large calibrate count=20000 reps=1 bend_delta=12000000ns ref_delta=4958000ns bendA=46000000ns
balanced_search_tree.remove large calibrate count=180000 reps=1 bend_delta=75000000ns ref_delta=39898000ns bendA=174000000ns
balanced_search_tree.remove large calibrate count=360000 reps=1 bend_delta=162000000ns ref_delta=84368000ns bendA=346000000ns
balanced_search_tree.lookup small calibrate count=100000 reps=1 bend_delta=3000000ns ref_delta=1688000ns bendA=6000000ns
balanced_search_tree.lookup small calibrate count=3400000 reps=1 bend_delta=117000000ns ref_delta=55808000ns bendA=227000000ns
balanced_search_tree.lookup medium calibrate count=50000 reps=1 bend_delta=3000000ns ref_delta=1987000ns bendA=7000000ns
balanced_search_tree.lookup medium calibrate count=1700000 reps=1 bend_delta=105000000ns ref_delta=65693000ns bendA=212000000ns
balanced_search_tree.lookup large calibrate count=20000 reps=1 bend_delta=3000000ns ref_delta=1899000ns bendA=31000000ns
balanced_search_tree.lookup large calibrate count=680000 reps=1 bend_delta=80000000ns ref_delta=65625000ns bendA=189000000ns
balanced_search_tree.lookup large calibrate count=1360000 reps=1 bend_delta=224000000ns ref_delta=122349000ns bendA=416000000ns
balanced_search_tree.contains small calibrate count=100000 reps=1 bend_delta=3000000ns ref_delta=1956000ns bendA=6000000ns
balanced_search_tree.contains small calibrate count=3400000 reps=1 bend_delta=106000000ns ref_delta=61248000ns bendA=211000000ns
balanced_search_tree.contains medium calibrate count=50000 reps=1 bend_delta=3000000ns ref_delta=2006000ns bendA=7000000ns
balanced_search_tree.contains medium calibrate count=1700000 reps=1 bend_delta=101000000ns ref_delta=67944000ns bendA=206000000ns
balanced_search_tree.contains large calibrate count=20000 reps=1 bend_delta=0ns ref_delta=2521000ns bendA=33000000ns
balanced_search_tree.contains large calibrate count=1280000 reps=1 bend_delta=153000000ns ref_delta=110419000ns bendA=343000000ns
balanced_search_tree.min small calibrate count=200000 reps=1 bend_delta=0ns ref_delta=617000ns bendA=0ns
balanced_search_tree.min small calibrate count=12800000 reps=1 bend_delta=17000000ns ref_delta=19415000ns bendA=33000000ns
balanced_search_tree.min small calibrate count=76800000 reps=1 bend_delta=96000000ns ref_delta=116247000ns bendA=193000000ns
balanced_search_tree.min small calibrate count=153600000 reps=1 bend_delta=195000000ns ref_delta=232277000ns bendA=388000000ns
balanced_search_tree.min medium calibrate count=100000 reps=1 bend_delta=0ns ref_delta=433000ns bendA=1000000ns
balanced_search_tree.min medium calibrate count=6400000 reps=1 bend_delta=9000000ns ref_delta=25692000ns bendA=17000000ns
balanced_search_tree.min medium calibrate count=76800000 reps=1 bend_delta=97000000ns ref_delta=271304000ns bendA=194000000ns
balanced_search_tree.min medium calibrate count=153600000 reps=1 bend_delta=194000000ns ref_delta=544471000ns bendA=389000000ns
balanced_search_tree.min large calibrate count=50000 reps=1 bend_delta=-1000000ns ref_delta=485000ns bendA=27000000ns
balanced_search_tree.min large calibrate count=3200000 reps=1 bend_delta=3000000ns ref_delta=19313000ns bendA=34000000ns
balanced_search_tree.min large calibrate count=108800000 reps=1 bend_delta=140000000ns ref_delta=619106000ns bendA=304000000ns
balanced_search_tree.max small calibrate count=200000 reps=1 bend_delta=-1000000ns ref_delta=303000ns bendA=0ns
balanced_search_tree.max small calibrate count=12800000 reps=1 bend_delta=15000000ns ref_delta=19284000ns bendA=32000000ns
balanced_search_tree.max small calibrate count=89600000 reps=1 bend_delta=113000000ns ref_delta=136445000ns bendA=226000000ns
balanced_search_tree.max medium calibrate count=100000 reps=1 bend_delta=0ns ref_delta=351000ns bendA=1000000ns
balanced_search_tree.max medium calibrate count=6400000 reps=1 bend_delta=7000000ns ref_delta=11073000ns bendA=16000000ns
balanced_search_tree.max medium calibrate count=96000000 reps=1 bend_delta=124000000ns ref_delta=217785000ns bendA=248000000ns
balanced_search_tree.max large calibrate count=50000 reps=1 bend_delta=3000000ns ref_delta=703000ns bendA=29000000ns
balanced_search_tree.max large calibrate count=1700000 reps=1 bend_delta=6000000ns ref_delta=8850000ns bendA=37000000ns
balanced_search_tree.max large calibrate count=28900000 reps=1 bend_delta=37000000ns ref_delta=147514000ns bendA=104000000ns
balanced_search_tree.max large calibrate count=86700000 reps=1 bend_delta=110000000ns ref_delta=490385000ns bendA=247000000ns
balanced_search_tree.lower_bound small calibrate count=100000 reps=1 bend_delta=4000000ns ref_delta=1854000ns bendA=7000000ns
balanced_search_tree.lower_bound small calibrate count=2600000 reps=1 bend_delta=84000000ns ref_delta=44856000ns bendA=171000000ns
balanced_search_tree.lower_bound small calibrate count=5200000 reps=1 bend_delta=173000000ns ref_delta=89144000ns bendA=344000000ns
balanced_search_tree.lower_bound medium calibrate count=50000 reps=1 bend_delta=3000000ns ref_delta=2073000ns bendA=7000000ns
balanced_search_tree.lower_bound medium calibrate count=1700000 reps=1 bend_delta=109000000ns ref_delta=65207000ns bendA=217000000ns
balanced_search_tree.lower_bound large calibrate count=20000 reps=1 bend_delta=5000000ns ref_delta=1883000ns bendA=33000000ns
balanced_search_tree.lower_bound large calibrate count=420000 reps=1 bend_delta=56000000ns ref_delta=39258000ns bendA=150000000ns
balanced_search_tree.lower_bound large calibrate count=840000 reps=1 bend_delta=113000000ns ref_delta=71043000ns bendA=242000000ns
balanced_search_tree.range small calibrate count=2000 reps=1 bend_delta=1000000ns ref_delta=73000ns bendA=1000000ns
balanced_search_tree.range small calibrate count=128000 reps=1 bend_delta=25000000ns ref_delta=3819000ns bendA=51000000ns
balanced_search_tree.range small calibrate count=640000 reps=1 bend_delta=125000000ns ref_delta=19597000ns bendA=260000000ns
balanced_search_tree.range medium calibrate count=300 reps=1 bend_delta=4000000ns ref_delta=297000ns bendA=9000000ns
balanced_search_tree.range medium calibrate count=7800 reps=1 bend_delta=104000000ns ref_delta=6255000ns bendA=208000000ns
balanced_search_tree.range large calibrate count=20 reps=1 bend_delta=5000000ns ref_delta=489000ns bendA=33000000ns
balanced_search_tree.range large calibrate count=420 reps=1 bend_delta=50000000ns ref_delta=3915000ns bendA=136000000ns
balanced_search_tree.range large calibrate count=1260 reps=1 bend_delta=139000000ns ref_delta=9879000ns bendA=311000000ns
balanced_search_tree.to_list small calibrate count=2000 reps=1 bend_delta=2000000ns ref_delta=93000ns bendA=4000000ns
balanced_search_tree.to_list small calibrate count=102000 reps=1 bend_delta=107000000ns ref_delta=4508000ns bendA=207000000ns
balanced_search_tree.to_list medium calibrate count=100 reps=1 bend_delta=7000000ns ref_delta=372000ns bendA=16000000ns
balanced_search_tree.to_list medium calibrate count=1500 reps=1 bend_delta=122000000ns ref_delta=4597000ns bendA=240000000ns
balanced_search_tree.to_list large calibrate count=5 reps=1 bend_delta=16000000ns ref_delta=1509000ns bendA=57000000ns
balanced_search_tree.to_list large calibrate count=35 reps=1 bend_delta=102000000ns ref_delta=8680000ns bendA=232000000ns
balanced_search_tree.length small calibrate count=200000 reps=1 bend_delta=1000000ns ref_delta=579000ns bendA=1000000ns
balanced_search_tree.length small calibrate count=12800000 reps=1 bend_delta=13000000ns ref_delta=36976000ns bendA=26000000ns
balanced_search_tree.length small calibrate count=102400000 reps=1 bend_delta=104000000ns ref_delta=297895000ns bendA=207000000ns
balanced_search_tree.length medium calibrate count=100000 reps=1 bend_delta=0ns ref_delta=345000ns bendA=1000000ns
balanced_search_tree.length medium calibrate count=6400000 reps=1 bend_delta=7000000ns ref_delta=18461000ns bendA=14000000ns
balanced_search_tree.length medium calibrate count=96000000 reps=1 bend_delta=97000000ns ref_delta=277759000ns bendA=194000000ns
balanced_search_tree.length medium calibrate count=192000000 reps=1 bend_delta=194000000ns ref_delta=556486000ns bendA=388000000ns
balanced_search_tree.length large calibrate count=50000 reps=1 bend_delta=2000000ns ref_delta=199000ns bendA=29000000ns
balanced_search_tree.length large calibrate count=2550000 reps=1 bend_delta=3000000ns ref_delta=7623000ns bendA=32000000ns
balanced_search_tree.length large calibrate count=86700000 reps=1 bend_delta=88000000ns ref_delta=253550000ns bendA=203000000ns
balanced_search_tree.length large calibrate count=173400000 reps=1 bend_delta=179000000ns ref_delta=505108000ns bendA=384000000ns
balanced_search_tree.new small calibrate count=200000 reps=1 bend_delta=2000000ns ref_delta=511000ns bendA=5000000ns
balanced_search_tree.new small calibrate count=10200000 reps=1 bend_delta=134000000ns ref_delta=25614000ns bendA=267000000ns
balanced_search_tree.new medium calibrate count=200000 reps=1 bend_delta=3000000ns ref_delta=556000ns bendA=6000000ns
balanced_search_tree.new medium calibrate count=6800000 reps=1 bend_delta=89000000ns ref_delta=17104000ns bendA=179000000ns
balanced_search_tree.new medium calibrate count=13600000 reps=1 bend_delta=179000000ns ref_delta=33794000ns bendA=357000000ns
balanced_search_tree.new large calibrate count=50000 reps=1 bend_delta=2000000ns ref_delta=381000ns bendA=28000000ns
balanced_search_tree.new large calibrate count=2550000 reps=1 bend_delta=33000000ns ref_delta=6554000ns bendA=92000000ns
balanced_search_tree.new large calibrate count=10200000 reps=1 bend_delta=126000000ns ref_delta=26089000ns bendA=294000000ns
