built balanced_search_tree
built binary_heap
built bitset
built deque
built doubly_linked_list
built dynamic_array
built fenwick_tree
built graph
built prefix_trie
built queue
built segment_tree
built union_find
dynamic_array.push                 small            size=64       ops=20400000   bend=     5.39ns ref=     3.39ns   1.59x ok
dynamic_array.push                 medium           size=4096     ops=19200000   bend=     5.60ns ref=     3.32ns   1.69x ok
dynamic_array.push                 large            size=262144   ops=17825792   bend=     6.40ns ref=     4.25ns   1.50x ok
dynamic_array.get                  small            size=64       ops=102400000  bend=     1.60ns ref=     1.37ns   1.17x ok
dynamic_array.get                  medium           size=4096     ops=70400000   bend=     1.50ns ref=     1.23ns   1.22x ok
dynamic_array.get                  large            size=262144   ops=67200000   bend=     1.68ns ref=     1.28ns   1.32x ok
dynamic_array.set                  small            size=64       ops=76800000   bend=     1.39ns ref=     1.35ns   1.03x ok
dynamic_array.set                  medium           size=4096     ops=83200000   bend=     1.24ns ref=     1.22ns   1.02x ok
dynamic_array.set                  large            size=262144   ops=132600000  bend=     1.31ns ref=     1.31ns   1.00x ok
dynamic_array.length               small            size=64       ops=102400000  bend=     1.02ns ref=     2.90ns   0.35x ok
dynamic_array.length               medium           size=4096     ops=108800000  bend=     1.01ns ref=     2.90ns   0.35x ok
dynamic_array.length               large            size=262144   ops=173400000  bend=     1.01ns ref=     2.90ns   0.35x ok
dynamic_array.capacity             small            size=64       ops=102400000  bend=     1.02ns ref=     2.52ns   0.40x ok
dynamic_array.capacity             medium           size=4096     ops=192000000  bend=     1.01ns ref=     2.52ns   0.40x ok
dynamic_array.capacity             large            size=262144   ops=108800000  bend=     1.02ns ref=     2.52ns   0.40x ok
dynamic_array.reserve              small            size=64       ops=38400000   bend=     3.71ns ref=     1.11ns   3.35x ok
dynamic_array.reserve              medium           size=4096     ops=32000000   bend=     3.69ns ref=     1.11ns   3.33x ok
dynamic_array.reserve              large            size=262144   ops=32000000   bend=     3.67ns ref=     1.11ns   3.31x ok
dynamic_array.to_list              small            size=64       ops=220000     bend=   520.45ns ref=    75.38ns   6.90x ok
dynamic_array.to_list              medium           size=4096     ops=5000       bend= 25800.00ns ref=  4229.00ns   6.10x ok
dynamic_array.to_list              large            size=262144   ops=100        bend=1680000.00ns ref=326495.00ns   5.15x ok
dynamic_array.clear                small            size=64       ops=3400000    bend=    47.06ns ref=     5.78ns   8.14x ok
dynamic_array.clear                medium           size=4096     ops=60000      bend=  2633.33ns ref=   436.94ns   6.03x ok
dynamic_array.clear                large            size=262144   ops=1000       bend=171000.00ns ref= 14407.00ns  11.87x ok
dynamic_array.pop                  small            size=64       ops=30600000   bend=     4.28ns ref=     2.68ns   1.60x ok
dynamic_array.pop                  medium           size=4096     ops=40800000   bend=     4.06ns ref=     2.52ns   1.61x ok
dynamic_array.pop                  large            size=262144   ops=25600000   bend=     4.47ns ref=     2.85ns   1.57x ok
dynamic_array.new                  small            size=64       ops=51200000   bend=     3.88ns ref=     2.53ns   1.53x ok
dynamic_array.new                  medium           size=4096     ops=51200000   bend=     3.88ns ref=     2.53ns   1.54x ok
dynamic_array.new                  large            size=262144   ops=28800000   bend=     3.82ns ref=     2.53ns   1.51x ok
dynamic_array.new                  edge-empty       size=0        ops=51200000   bend=     3.87ns ref=     2.52ns   1.53x ok
dynamic_array.length               edge-empty       size=0        ops=102400000  bend=     1.01ns ref=     2.90ns   0.35x ok
dynamic_array.capacity             edge-empty       size=0        ops=102400000  bend=     1.01ns ref=     2.52ns   0.40x ok
dynamic_array.get                  edge-empty       size=0        ops=89600000   bend=     1.13ns ref=     1.02ns   1.10x ok
dynamic_array.set                  edge-empty       size=0        ops=89600000   bend=     1.14ns ref=     1.03ns   1.11x ok
dynamic_array.push                 edge-empty       size=0        ops=25600000   bend=     5.31ns ref=     3.31ns   1.60x ok
dynamic_array.pop                  edge-empty       size=0        ops=102400000  bend=     1.01ns ref=     1.01ns   1.00x ok
dynamic_array.reserve              edge-empty       size=0        ops=38400000   bend=     3.63ns ref=     1.04ns   3.49x ok
dynamic_array.clear                edge-empty       size=0        ops=38400000   bend=     3.33ns ref=     1.76ns   1.89x ok
dynamic_array.to_list              edge-empty       size=0        ops=51200000   bend=     3.72ns ref=     1.56ns   2.38x ok
deque.push_front                   small            size=64       ops=25600000   bend=     7.27ns ref=     1.66ns   4.39x ok
deque.push_front                   medium           size=4096     ops=19200000   bend=     5.34ns ref=     1.17ns   4.54x ok
deque.push_front                   large            size=262144   ops=17825792   bend=     5.89ns ref=     1.23ns   4.78x ok
deque.push_back                    small            size=64       ops=20400000   bend=     5.64ns ref=     1.22ns   4.63x ok
deque.push_back                    medium           size=4096     ops=19200000   bend=     9.97ns ref=     2.13ns   4.68x ok
deque.push_back                    large            size=262144   ops=27262976   bend=     8.42ns ref=     1.85ns   4.56x ok
deque.peek_front                   small            size=64       ops=76800000   bend=     1.39ns ref=     1.50ns   0.93x ok
deque.peek_front                   medium           size=4096     ops=128000000  bend=     1.98ns ref=     2.01ns   0.99x ok
deque.peek_front                   large            size=262144   ops=54400000   bend=     1.70ns ref=     1.71ns   0.99x ok
deque.peek_back                    small            size=64       ops=64000000   bend=     1.66ns ref=     1.87ns   0.89x ok
deque.peek_back                    medium           size=4096     ops=102400000  bend=     1.64ns ref=     1.76ns   0.93x ok
deque.peek_back                    large            size=262144   ops=66300000   bend=     1.57ns ref=     1.70ns   0.92x ok
deque.length                       small            size=64       ops=76800000   bend=     1.50ns ref=     4.14ns   0.36x ok
deque.length                       medium           size=4096     ops=70400000   bend=     1.53ns ref=     4.13ns   0.37x ok
deque.length                       large            size=262144   ops=134400000  bend=     1.50ns ref=     4.14ns   0.36x ok
deque.to_list                      small            size=64       ops=160000     bend=   850.00ns ref=   125.30ns   6.78x ok
deque.to_list                      medium           size=4096     ops=3000       bend= 42000.00ns ref=  8728.33ns   4.81x ok
deque.to_list                      large            size=262144   ops=50         bend=2660000.00ns ref=537080.00ns   4.95x ok
deque.pop_front                    small            size=64       ops=25600000   bend=     5.86ns ref=     9.41ns   0.62x ok
deque.pop_front                    medium           size=4096     ops=19200000   bend=     6.17ns ref=     9.79ns   0.63x ok
deque.pop_front                    large            size=262144   ops=19200000   bend=     6.12ns ref=     9.79ns   0.62x ok
deque.pop_back                     small            size=64       ops=20400000   bend=     5.86ns ref=     9.23ns   0.63x ok
deque.pop_back                     medium           size=4096     ops=19200000   bend=     6.04ns ref=     9.30ns   0.65x ok
deque.pop_back                     large            size=262144   ops=20400000   bend=     5.74ns ref=     8.70ns   0.66x ok
deque.new                          small            size=64       ops=30600000   bend=     4.36ns ref=     1.73ns   2.52x ok
deque.new                          medium           size=4096     ops=51200000   bend=     3.61ns ref=     1.39ns   2.60x ok
deque.new                          large            size=262144   ops=32000000   bend=     3.67ns ref=     1.43ns   2.57x ok
deque.new                          edge-empty       size=0        ops=38400000   bend=     3.52ns ref=     1.37ns   2.56x ok
deque.length                       edge-empty       size=0        ops=153600000  bend=     1.15ns ref=     3.23ns   0.35x ok
deque.push_front                   edge-empty       size=0        ops=40800000   bend=     6.02ns ref=     1.50ns   4.02x ok
deque.push_back                    edge-empty       size=0        ops=20400000   bend=     6.72ns ref=     1.48ns   4.54x ok
deque.pop_front                    edge-empty       size=0        ops=102400000  bend=     1.23ns ref=     1.19ns   1.04x ok
deque.pop_back                     edge-empty       size=0        ops=102400000  bend=     1.21ns ref=     1.23ns   0.98x ok
deque.peek_front                   edge-empty       size=0        ops=89600000   bend=     1.14ns ref=     1.20ns   0.95x ok
deque.peek_back                    edge-empty       size=0        ops=89600000   bend=     1.10ns ref=     1.11ns   0.99x ok
deque.to_list                      edge-empty       size=0        ops=25600000   bend=     6.39ns ref=     1.37ns   4.65x ok
queue.enqueue                      small            size=64       ops=25600000   bend=     7.85ns ref=     1.53ns   5.13x ok
queue.enqueue                      medium           size=4096     ops=19200000   bend=     7.71ns ref=     1.44ns   5.34x ok
queue.enqueue                      large            size=262144   ops=17825792   bend=     8.70ns ref=     1.55ns   5.62x ok
queue.peek                         small            size=64       ops=76800000   bend=     1.48ns ref=     1.20ns   1.23x ok
queue.peek                         medium           size=4096     ops=70400000   bend=     1.49ns ref=     1.18ns   1.27x ok
queue.peek                         large            size=262144   ops=86700000   bend=     1.47ns ref=     1.24ns   1.19x ok
queue.length                       small            size=64       ops=89600000   bend=     1.10ns ref=     3.18ns   0.35x ok
queue.length                       medium           size=4096     ops=96000000   bend=     1.09ns ref=     3.13ns   0.35x ok
queue.length                       large            size=262144   ops=134400000  bend=     1.10ns ref=     3.16ns   0.35x ok
queue.to_list                      small            size=64       ops=200000     bend=   737.50ns ref=   102.65ns   7.18x ok
queue.to_list                      medium           size=4096     ops=4000       bend= 32500.00ns ref=  6791.25ns   4.79x ok
queue.to_list                      large            size=262144   ops=100        bend=2160000.00ns ref=403165.00ns   5.36x ok
queue.dequeue                      small            size=64       ops=20400000   bend=     9.71ns ref=     7.66ns   1.27x ok
queue.dequeue                      medium           size=4096     ops=19200000   bend=    10.62ns ref=     7.73ns   1.38x ok
queue.dequeue                      large            size=262144   ops=16000000   bend=     8.44ns ref=     7.43ns   1.14x ok
queue.new                          small            size=64       ops=38400000   bend=     3.63ns ref=     1.42ns   2.56x ok
queue.new                          medium           size=4096     ops=76800000   bend=     3.63ns ref=     1.44ns   2.52x ok
queue.new                          large            size=262144   ops=35200000   bend=     3.76ns ref=     1.32ns   2.86x ok
queue.new                          edge-empty       size=0        ops=40800000   bend=     3.54ns ref=     1.41ns   2.51x ok
queue.length                       edge-empty       size=0        ops=153600000  bend=     1.06ns ref=     3.09ns   0.34x ok
queue.enqueue                      edge-empty       size=0        ops=20400000   bend=     7.33ns ref=     1.51ns   4.85x ok
queue.dequeue                      edge-empty       size=0        ops=89600000   bend=     1.13ns ref=     1.14ns   0.99x ok
queue.peek                         edge-empty       size=0        ops=76800000   bend=     1.37ns ref=     1.11ns   1.23x ok
queue.to_list                      edge-empty       size=0        ops=25600000   bend=     6.21ns ref=     1.31ns   4.73x ok
doubly_linked_list.push_front      small            size=64       ops=12800000   bend=    10.12ns ref=     4.30ns   2.36x ok
doubly_linked_list.push_front      medium           size=2048     ops=12750000   bend=     9.96ns ref=     4.00ns   2.49x ok
doubly_linked_list.push_front      large            size=32768    ops=12582912   bend=    10.77ns ref=     4.19ns   2.57x ok
doubly_linked_list.push_back       small            size=64       ops=12800000   bend=     9.57ns ref=     4.11ns   2.33x ok
doubly_linked_list.push_back       medium           size=2048     ops=12800000   bend=     9.88ns ref=     4.23ns   2.34x ok
doubly_linked_list.push_back       large            size=32768    ops=16777216   bend=    10.88ns ref=     4.09ns   2.66x ok
doubly_linked_list.insert_before   small            size=64       ops=10200000   bend=    10.69ns ref=     4.30ns   2.49x ok
doubly_linked_list.insert_before   medium           size=2048     ops=12800000   bend=    10.00ns ref=     4.22ns   2.37x ok
doubly_linked_list.insert_before   large            size=32768    ops=8388608    bend=    12.93ns ref=     4.61ns   2.81x ok
doubly_linked_list.insert_after    small            size=64       ops=12800000   bend=    10.78ns ref=     4.05ns   2.66x ok
doubly_linked_list.insert_after    medium           size=2048     ops=9600000    bend=    10.26ns ref=     4.59ns   2.23x ok
doubly_linked_list.insert_after    large            size=32768    ops=8388608    bend=    14.36ns ref=     4.74ns   3.03x ok
doubly_linked_list.get             small            size=64       ops=57600000   bend=     1.78ns ref=     1.53ns   1.17x ok
doubly_linked_list.get             medium           size=2048     ops=96000000   bend=     1.80ns ref=     1.54ns   1.17x ok
doubly_linked_list.get             large            size=32768    ops=65280000   bend=     1.82ns ref=     1.46ns   1.24x ok
doubly_linked_list.set             small            size=64       ops=57600000   bend=     1.71ns ref=     1.50ns   1.14x ok
doubly_linked_list.set             medium           size=2048     ops=54400000   bend=     1.66ns ref=     1.40ns   1.18x ok
doubly_linked_list.set             large            size=32768    ops=81920000   bend=     1.64ns ref=     1.47ns   1.12x ok
doubly_linked_list.next            small            size=64       ops=51200000   bend=     2.01ns ref=     1.72ns   1.17x ok
doubly_linked_list.next            medium           size=2048     ops=54400000   bend=     2.04ns ref=     1.55ns   1.32x ok
doubly_linked_list.next            large            size=32768    ops=66560000   bend=     2.18ns ref=     1.72ns   1.27x ok
doubly_linked_list.prev            small            size=64       ops=51200000   bend=     1.99ns ref=     1.80ns   1.10x ok
doubly_linked_list.prev            medium           size=2048     ops=41600000   bend=     2.00ns ref=     1.53ns   1.30x ok
doubly_linked_list.prev            large            size=32768    ops=87040000   bend=     2.19ns ref=     1.73ns   1.27x ok
doubly_linked_list.length          small            size=64       ops=83200000   bend=     1.03ns ref=     3.01ns   0.34x ok
doubly_linked_list.length          medium           size=2048     ops=108800000  bend=     1.10ns ref=     3.18ns   0.35x ok
doubly_linked_list.length          large            size=32768    ops=130560000  bend=     1.12ns ref=     3.12ns   0.36x ok
doubly_linked_list.to_list         small            size=64       ops=260000     bend=   788.46ns ref=   145.48ns   5.42x ok
doubly_linked_list.to_list         medium           size=2048     ops=6300       bend= 21269.84ns ref=  5093.89ns   4.18x ok
doubly_linked_list.to_list         large            size=32768    ops=300        bend=325000.00ns ref= 78951.67ns   4.12x ok
doubly_linked_list.remove          small            size=64       ops=13369344   bend=    12.87ns ref=    11.00ns   1.17x ok
doubly_linked_list.remove          medium           size=2048     ops=12582912   bend=    11.64ns ref=     9.85ns   1.18x ok
doubly_linked_list.remove          large            size=32768    ops=13631488   bend=    12.80ns ref=    11.93ns   1.07x ok
doubly_linked_list.new             small            size=64       ops=12800000   bend=    12.77ns ref=     4.26ns   3.00x ok
doubly_linked_list.new             medium           size=2048     ops=10200000   bend=    13.09ns ref=     4.26ns   3.07x ok
doubly_linked_list.new             large            size=32768    ops=9600000    bend=    13.49ns ref=     4.21ns   3.21x ok
doubly_linked_list.new             edge-empty       size=0        ops=12800000   bend=    13.44ns ref=     4.26ns   3.16x ok
doubly_linked_list.length          edge-empty       size=0        ops=128000000  bend=     1.53ns ref=     4.38ns   0.35x ok
doubly_linked_list.push_front      edge-empty       size=0        ops=12800000   bend=    15.23ns ref=     5.82ns   2.62x ok
doubly_linked_list.push_back       edge-empty       size=0        ops=10200000   bend=    12.94ns ref=     5.52ns   2.34x ok
doubly_linked_list.insert_before   edge-empty       size=0        ops=64000000   bend=     1.90ns ref=     1.61ns   1.18x ok
doubly_linked_list.insert_after    edge-empty       size=0        ops=64000000   bend=     1.91ns ref=     1.73ns   1.10x ok
doubly_linked_list.remove          edge-empty       size=0        ops=38400000   bend=     1.95ns ref=     1.62ns   1.20x ok
doubly_linked_list.get             edge-empty       size=0        ops=70400000   bend=     2.30ns ref=     1.86ns   1.23x ok
doubly_linked_list.set             edge-empty       size=0        ops=89600000   bend=     2.15ns ref=     1.88ns   1.14x ok
doubly_linked_list.next            edge-empty       size=0        ops=102400000  bend=     2.02ns ref=     1.81ns   1.12x ok
doubly_linked_list.prev            edge-empty       size=0        ops=89600000   bend=     2.03ns ref=     1.74ns   1.17x ok
doubly_linked_list.to_list         edge-empty       size=0        ops=76800000   bend=     3.31ns ref=     5.34ns   0.62x ok
binary_heap.push                   small            size=64       ops=5100000    bend=    28.43ns ref=    16.57ns   1.72x ok
binary_heap.push                   medium           size=4096     ops=5100000    bend=    31.57ns ref=    16.84ns   1.87x ok
binary_heap.push                   large            size=131072   FAILED MEASUREMENT (sample 0: A-B = 16000000ns (bend) / 140686000ns (reference), below the 50000000ns / 100000ns minima)
binary_heap.peek                   small            size=64       ops=76800000   bend=     1.69ns ref=     2.34ns   0.72x ok
binary_heap.peek                   medium           size=4096     ops=57600000   bend=     1.66ns ref=     1.75ns   0.95x ok
binary_heap.peek                   large            size=131072   ops=83200000   bend=     1.72ns ref=     2.40ns   0.72x ok
binary_heap.length                 small            size=64       ops=64000000   bend=     1.61ns ref=     4.75ns   0.34x ok
binary_heap.length                 medium           size=4096     ops=128000000  bend=     1.67ns ref=     5.02ns   0.33x ok
binary_heap.length                 large            size=131072   ops=204800000  bend=     1.66ns ref=     4.95ns   0.34x ok
binary_heap.from_list              small            size=64       ops=650000     bend=   193.85ns ref=   100.35ns   1.93x ok
binary_heap.from_list              medium           size=4096     ops=500000     bend=   189.00ns ref=    85.00ns   2.22x ok
binary_heap.from_list              large            size=131072   ops=680000     bend=   247.06ns ref=   115.91ns   2.13x ok
binary_heap.to_sorted_list         small            size=64       ops=68000      bend=  2139.71ns ref=   931.84ns   2.30x ok
binary_heap.to_sorted_list         medium           size=4096     ops=400        bend=236250.00ns ref= 99982.50ns   2.36x ok
binary_heap.to_sorted_list         large            size=131072   ops=10         bend=13450000.00ns ref=5842650.00ns   2.30x ok
binary_heap.pop                    small            size=64       ops=3000000    bend=    61.00ns ref=    27.16ns   2.25x ok
binary_heap.pop                    medium           size=4096     ops=1300000    bend=   131.15ns ref=    54.71ns   2.40x ok
binary_heap.pop                    large            size=131072   ops=840000     bend=   205.95ns ref=    80.55ns   2.56x ok
binary_heap.new                    small            size=64       ops=25600000   bend=     7.13ns ref=     4.26ns   1.67x ok
binary_heap.new                    medium           size=4096     ops=25600000   bend=     4.86ns ref=     4.59ns   1.06x ok
binary_heap.new                    large            size=131072   ops=19200000   bend=     5.86ns ref=     4.11ns   1.42x ok
binary_heap.new                    edge-empty       size=0        ops=25600000   bend=     7.15ns ref=     4.41ns   1.62x ok
binary_heap.length                 edge-empty       size=0        ops=70400000   bend=     1.62ns ref=     4.73ns   0.34x ok
binary_heap.push                   edge-empty       size=0        ops=7800000    bend=    27.95ns ref=    17.87ns   1.56x ok
binary_heap.peek                   edge-empty       size=0        ops=102400000  bend=     1.61ns ref=     2.19ns   0.74x ok
binary_heap.pop                    edge-empty       size=0        ops=70400000   bend=     1.83ns ref=     2.46ns   0.74x ok
binary_heap.from_list              edge-empty       size=0        ops=600000     bend=   198.33ns ref=    88.15ns   2.25x ok
binary_heap.to_sorted_list         edge-empty       size=0        ops=12800000   bend=    20.74ns ref=     7.20ns   2.88x ok
balanced_search_tree.insert        small            size=64       ops=200000     bend=   842.50ns ref=    54.16ns  15.56x ok
balanced_search_tree.insert        medium           size=4096     ops=100000     bend=  1505.00ns ref=   110.93ns  13.57x ok
balanced_search_tree.insert        large            size=131072   ops=131072     bend=  3044.13ns ref=   291.59ns  10.44x ok
balanced_search_tree.remove        small            size=64       ops=100000     bend=  1190.00ns ref=    96.69ns  12.31x ok
balanced_search_tree.remove        medium           size=4096     ops=50000      bend=  2820.00ns ref=   205.64ns  13.71x ok
balanced_search_tree.remove        large            size=131072   ops=720000     bend=  5111.11ns ref=   425.79ns  12.00x ok
balanced_search_tree.lookup        small            size=64       ops=600000     bend=   203.33ns ref=    28.57ns   7.12x ok
balanced_search_tree.lookup        medium           size=4096     ops=250000     bend=   454.00ns ref=    64.15ns   7.08x ok
balanced_search_tree.lookup        large            size=131072   ops=1120000    bend=  1291.52ns ref=   173.71ns   7.43x ok
balanced_search_tree.contains      small            size=64       ops=600000     bend=   202.50ns ref=    32.22ns   6.29x ok
balanced_search_tree.contains      medium           size=4096     ops=250000     bend=   460.00ns ref=    72.98ns   6.30x ok
balanced_search_tree.contains      large            size=131072   ops=1020000    bend=   537.75ns ref=   119.83ns   4.49x ok
balanced_search_tree.min           small            size=64       ops=2400000    bend=    43.75ns ref=     1.26ns  34.65x ok
balanced_search_tree.min           medium           size=4096     ops=800000     bend=   133.12ns ref=     4.36ns  30.57x ok
balanced_search_tree.min           large            size=131072   ops=650000     bend=   212.31ns ref=     8.02ns  26.49x ok
balanced_search_tree.max           small            size=64       ops=1600000    bend=    67.50ns ref=     1.69ns  39.83x ok
balanced_search_tree.max           medium           size=4096     ops=800000     bend=   178.75ns ref=     5.34ns  33.49x ok
balanced_search_tree.max           large            size=131072   ops=2850000    bend=   242.63ns ref=     6.71ns  36.18x ok
balanced_search_tree.lower_bound   small            size=64       ops=700000     bend=   199.29ns ref=    28.25ns   7.05x ok
balanced_search_tree.lower_bound   medium           size=4096     ops=250000     bend=   440.00ns ref=    61.42ns   7.16x ok
balanced_search_tree.lower_bound   large            size=131072   ops=1240000    bend=   758.47ns ref=   144.32ns   5.26x ok
balanced_search_tree.range         small            size=64       ops=384000     bend=   355.47ns ref=    53.47ns   6.65x ok
balanced_search_tree.range         medium           size=4096     ops=6300       bend= 16825.40ns ref=  1362.14ns  12.35x ok
balanced_search_tree.range         large            size=131072   ops=840        bend=197619.05ns ref= 13462.50ns  14.68x ok
balanced_search_tree.to_list       small            size=64       ops=102000     bend=  1004.90ns ref=    69.19ns  14.52x ok
balanced_search_tree.to_list       medium           size=4096     ops=1200       bend= 82500.00ns ref=  6104.17ns  13.52x ok
balanced_search_tree.to_list       large            size=131072   ops=305        bend=3936065.57ns ref=341754.10ns  11.52x ok
balanced_search_tree.length        small            size=64       ops=128000000  bend=     1.57ns ref=     4.34ns   0.36x ok
balanced_search_tree.length        medium           size=4096     ops=70400000   bend=     1.68ns ref=     4.64ns   0.36x ok
balanced_search_tree.length        large            size=131072   ops=88500000   bend=     1.31ns ref=     4.57ns   0.29x ok
balanced_search_tree.new           small            size=64       ops=89600000   bend=     1.05ns ref=     2.68ns   0.39x ok
balanced_search_tree.new           medium           size=4096     ops=102400000  bend=     1.07ns ref=     2.68ns   0.40x ok
balanced_search_tree.new           large            size=131072   ops=124800000  bend=     1.09ns ref=     2.84ns   0.38x ok
balanced_search_tree.new           edge-empty       size=0        ops=108800000  bend=     1.08ns ref=     2.67ns   0.40x ok
balanced_search_tree.length        edge-empty       size=0        ops=166400000  bend=     1.14ns ref=     3.30ns   0.35x ok
balanced_search_tree.insert        edge-empty       size=0        ops=2600000    bend=    42.69ns ref=     3.10ns  13.75x ok
balanced_search_tree.remove        edge-empty       size=0        ops=19200000   bend=     6.82ns ref=     3.17ns   2.15x ok
balanced_search_tree.lookup        edge-empty       size=0        ops=25600000   bend=     4.69ns ref=     1.40ns   3.34x ok
balanced_search_tree.contains      edge-empty       size=0        ops=25600000   bend=     4.51ns ref=     1.37ns   3.28x ok
balanced_search_tree.min           edge-empty       size=0        ops=25600000   bend=     4.28ns ref=     1.27ns   3.38x ok
balanced_search_tree.max           edge-empty       size=0        ops=25600000   bend=     4.16ns ref=     1.28ns   3.25x ok
balanced_search_tree.lower_bound   edge-empty       size=0        ops=20400000   bend=     6.30ns ref=     1.32ns   4.77x ok
balanced_search_tree.range         edge-empty       size=0        ops=38400000   bend=     4.84ns ref=     4.91ns   0.99x ok
balanced_search_tree.to_list       edge-empty       size=0        ops=25600000   bend=     4.63ns ref=     3.86ns   1.20x ok
bitset.set                         small            size=64       ops=64000000   bend=     1.70ns ref=     1.56ns   1.09x ok
bitset.set                         medium           size=4096     ops=70400000   bend=     1.52ns ref=     1.37ns   1.11x ok
bitset.set                         large            size=262144   ops=67200000   bend=     1.54ns ref=     1.38ns   1.12x ok
bitset.clear                       small            size=64       ops=64000000   bend=     1.73ns ref=     1.53ns   1.13x ok
bitset.clear                       medium           size=4096     ops=128000000  bend=     1.44ns ref=     1.28ns   1.12x ok
bitset.clear                       large            size=262144   ops=67200000   bend=     1.58ns ref=     1.41ns   1.12x ok
bitset.get                         small            size=64       ops=64000000   bend=     1.84ns ref=     1.60ns   1.15x ok
bitset.get                         medium           size=4096     ops=64000000   bend=     1.65ns ref=     1.32ns   1.25x ok
bitset.get                         large            size=262144   ops=67200000   bend=     1.66ns ref=     1.36ns   1.22x ok
bitset.count                       small            size=64       ops=1700000    bend=    64.12ns ref=     5.06ns  12.67x ok
bitset.count                       medium           size=4096     ops=40000      bend=  3475.00ns ref=   226.69ns  15.33x ok
bitset.count                       large            size=262144   ops=500        bend=226000.00ns ref= 14606.00ns  15.47x ok
bitset.length                      small            size=64       ops=89600000   bend=     1.07ns ref=     3.07ns   0.35x ok
bitset.length                      medium           size=4096     ops=166400000  bend=     1.05ns ref=     3.07ns   0.34x ok
bitset.length                      large            size=262144   ops=134400000  bend=     1.07ns ref=     3.14ns   0.34x ok
bitset.to_list                     small            size=64       ops=340000     bend=   366.18ns ref=    77.55ns   4.72x ok
bitset.to_list                     medium           size=4096     ops=6000       bend= 21250.00ns ref=  4805.33ns   4.42x ok
bitset.to_list                     large            size=262144   ops=100        bend=1820000.00ns ref=315565.00ns   5.77x ok
bitset.union                       small            size=64       ops=19200000   bend=     6.04ns ref=     1.24ns   4.87x ok
bitset.union                       medium           size=4096     ops=2040000    bend=    71.57ns ref=    66.26ns   1.08x ok
bitset.union                       large            size=262144   ops=51000      bend=  3372.55ns ref=  3523.27ns   0.96x ok
bitset.intersection                small            size=64       ops=19200000   bend=     5.99ns ref=     1.21ns   4.94x ok
bitset.intersection                medium           size=4096     ops=2040000    bend=    68.14ns ref=    64.79ns   1.05x ok
bitset.intersection                large            size=262144   ops=32000      bend=  3359.38ns ref=  3605.25ns   0.93x ok
bitset.difference                  small            size=64       ops=19200000   bend=     6.04ns ref=     1.26ns   4.81x ok
bitset.difference                  medium           size=4096     ops=2560000    bend=    67.38ns ref=    62.30ns   1.08x ok
bitset.difference                  large            size=262144   ops=34000      bend=  3470.59ns ref=  3609.94ns   0.96x ok
bitset.xor                         small            size=64       ops=19200000   bend=     6.17ns ref=     1.22ns   5.06x ok
bitset.xor                         medium           size=4096     ops=2040000    bend=    64.22ns ref=    59.58ns   1.08x ok
bitset.xor                         large            size=262144   ops=32000      bend=  3390.62ns ref=  3541.44ns   0.96x ok
bitset.new                         small            size=64       ops=38400000   bend=     3.24ns ref=    11.89ns   0.27x ok
bitset.new                         medium           size=4096     ops=38400000   bend=     3.06ns ref=    10.83ns   0.28x ok
bitset.new                         large            size=262144   ops=41600000   bend=     3.09ns ref=    10.80ns   0.29x ok
bitset.new                         edge-empty       size=0        ops=38400000   bend=     3.12ns ref=    11.16ns   0.28x ok
bitset.length                      edge-empty       size=0        ops=89600000   bend=     1.07ns ref=     3.15ns   0.34x ok
bitset.get                         edge-empty       size=0        ops=153600000  bend=     1.26ns ref=     1.19ns   1.06x ok
bitset.set                         edge-empty       size=0        ops=76800000   bend=     1.33ns ref=     1.24ns   1.08x ok
bitset.clear                       edge-empty       size=0        ops=76800000   bend=     1.35ns ref=     1.25ns   1.08x ok
bitset.count                       edge-empty       size=0        ops=3400000    bend=    32.21ns ref=     4.46ns   7.21x ok
bitset.union                       edge-empty       size=0        ops=25600000   bend=     5.35ns ref=     1.30ns   4.13x ok
bitset.intersection                edge-empty       size=0        ops=25600000   bend=     5.29ns ref=     1.22ns   4.35x ok
bitset.difference                  edge-empty       size=0        ops=25600000   bend=     5.16ns ref=     1.22ns   4.24x ok
bitset.xor                         edge-empty       size=0        ops=20400000   bend=     5.42ns ref=     1.22ns   4.43x ok
bitset.to_list                     edge-empty       size=0        ops=5200000    bend=    37.50ns ref=     4.18ns   8.97x ok
union_find.find                    small            size=64       ops=57600000   bend=     1.67ns ref=     1.52ns   1.10x ok
union_find.find                    medium           size=4096     ops=67200000   bend=     1.53ns ref=     1.37ns   1.12x ok
union_find.find                    large            size=65536    ops=87040000   bend=     1.61ns ref=     1.43ns   1.13x ok
union_find.union                   small            size=64       ops=25600000   bend=     5.18ns ref=     2.03ns   2.55x ok
union_find.union                   medium           size=4096     ops=22400000   bend=     4.24ns ref=     1.66ns   2.56x ok
union_find.union                   large            size=65536    FAILED MEASUREMENT (sample 0: A-B = -557000000ns (bend) / 94831000ns (reference), below the 50000000ns / 100000ns minima)
union_find.connected               small            size=64       ops=76800000   bend=     2.65ns ref=     1.89ns   1.40x ok
union_find.connected               medium           size=4096     ops=41600000   bend=     2.37ns ref=     1.67ns   1.42x ok
union_find.connected               large            size=65536    ops=66560000   bend=     2.69ns ref=     1.90ns   1.42x ok
union_find.component_size          small            size=64       ops=64000000   bend=     1.73ns ref=     1.51ns   1.15x ok
union_find.component_size          medium           size=4096     ops=67200000   bend=     1.71ns ref=     1.43ns   1.19x ok
union_find.component_size          large            size=65536    ops=87040000   bend=     1.94ns ref=     1.59ns   1.22x ok
union_find.component_count         small            size=64       ops=89600000   bend=     1.13ns ref=     3.27ns   0.35x ok
union_find.component_count         medium           size=4096     ops=96000000   bend=     1.03ns ref=     2.99ns   0.34x ok
union_find.component_count         large            size=65536    ops=134400000  bend=     1.09ns ref=     3.04ns   0.36x ok
union_find.new                     small            size=64       ops=3000000    bend=    45.50ns ref=     2.40ns  19.00x ok
union_find.new                     medium           size=4096     ops=2600000    bend=    44.42ns ref=     2.35ns  18.92x ok
union_find.new                     large            size=65536    ops=2550000    bend=    45.29ns ref=     2.34ns  19.37x ok
union_find.new                     edge-empty       size=0        ops=2600000    bend=    48.08ns ref=     2.49ns  19.29x ok
union_find.find                    edge-empty       size=0        ops=70400000   bend=     1.26ns ref=     1.15ns   1.10x ok
union_find.union                   edge-empty       size=0        ops=32000000   bend=     4.11ns ref=     1.36ns   3.03x ok
union_find.connected               edge-empty       size=0        ops=38400000   bend=     2.25ns ref=     1.55ns   1.46x ok
union_find.component_size          edge-empty       size=0        ops=83200000   bend=     1.27ns ref=     1.17ns   1.09x ok
union_find.component_count         edge-empty       size=0        ops=96000000   bend=     1.11ns ref=     3.19ns   0.35x ok
fenwick_tree.add                   small            size=64       ops=5200000    bend=    25.38ns ref=    22.01ns   1.15x ok
fenwick_tree.add                   medium           size=4096     ops=2550000    bend=    48.04ns ref=    43.08ns   1.12x ok
fenwick_tree.add                   large            size=262144   ops=2040000    bend=    66.42ns ref=    58.85ns   1.13x ok
fenwick_tree.prefix_sum            small            size=64       ops=5100000    bend=    25.29ns ref=    21.14ns   1.20x ok
fenwick_tree.prefix_sum            medium           size=4096     ops=3400000    bend=    48.24ns ref=    45.01ns   1.07x ok
fenwick_tree.prefix_sum            large            size=262144   ops=1040000    bend=    70.19ns ref=    61.01ns   1.15x ok
fenwick_tree.range_sum             small            size=64       ops=5100000    bend=    26.27ns ref=    21.94ns   1.20x ok
fenwick_tree.range_sum             medium           size=4096     ops=3400000    bend=    47.50ns ref=    44.54ns   1.07x ok
fenwick_tree.range_sum             large            size=262144   ops=7680000    bend=    16.99ns ref=    14.69ns   1.16x ok
fenwick_tree.length                small            size=64       ops=102400000  bend=     1.09ns ref=     3.19ns   0.34x ok
fenwick_tree.length                medium           size=4096     ops=96000000   bend=     1.08ns ref=     3.02ns   0.36x ok
fenwick_tree.length                large            size=262144   ops=67200000   bend=     1.09ns ref=     3.17ns   0.34x ok
fenwick_tree.from_list             small            size=64       ops=1500000    bend=   146.67ns ref=    27.18ns   5.40x ok
fenwick_tree.from_list             medium           size=4096     ops=750000     bend=   137.33ns ref=    28.16ns   4.88x ok
fenwick_tree.from_list             large            size=262144   ops=1020000    bend=   150.00ns ref=    27.54ns   5.45x ok
fenwick_tree.new                   small            size=64       ops=20400000   bend=     7.43ns ref=    11.40ns   0.65x ok
fenwick_tree.new                   medium           size=4096     ops=25600000   bend=     7.30ns ref=    11.40ns   0.64x ok
fenwick_tree.new                   large            size=262144   ops=16000000   bend=     7.34ns ref=    12.03ns   0.61x ok
fenwick_tree.new                   edge-empty       size=0        ops=19200000   bend=     7.08ns ref=    11.93ns   0.59x ok
fenwick_tree.from_list             edge-empty       size=0        ops=800000     bend=   140.00ns ref=    28.06ns   4.99x ok
fenwick_tree.length                edge-empty       size=0        ops=153600000  bend=     1.05ns ref=     3.00ns   0.35x ok
fenwick_tree.add                   edge-empty       size=0        ops=64000000   bend=     2.01ns ref=     1.32ns   1.52x ok
fenwick_tree.prefix_sum            edge-empty       size=0        ops=44800000   bend=     2.24ns ref=     1.23ns   1.83x ok
fenwick_tree.range_sum             edge-empty       size=0        ops=32000000   bend=     4.00ns ref=     1.76ns   2.27x ok
segment_tree.range_add             small            size=64       ops=2550000    bend=    54.71ns ref=    34.53ns   1.58x ok
segment_tree.range_add             medium           size=4096     ops=1360000    bend=   125.74ns ref=    65.09ns   1.93x ok
segment_tree.range_add             large            size=262144   ops=2560000    bend=    48.24ns ref=    33.55ns   1.44x ok
segment_tree.get                   small            size=64       ops=6400000    bend=    27.81ns ref=     3.79ns   7.34x ok
segment_tree.get                   medium           size=4096     ops=2560000    bend=    49.02ns ref=     6.74ns   7.27x ok
segment_tree.get                   large            size=262144   ops=1920000    bend=    69.53ns ref=    12.54ns   5.55x ok
segment_tree.range_query           small            size=64       ops=3200000    bend=    37.97ns ref=    24.19ns   1.57x ok
segment_tree.range_query           medium           size=4096     ops=2560000    bend=    66.60ns ref=    43.96ns   1.52x ok
segment_tree.range_query           large            size=262144   ops=5120000    bend=    24.61ns ref=    15.11ns   1.63x ok
segment_tree.length                small            size=64       ops=102400000  bend=     1.02ns ref=     2.58ns   0.39x ok
segment_tree.length                medium           size=4096     ops=96000000   bend=     1.08ns ref=     2.65ns   0.41x ok
segment_tree.length                large            size=262144   ops=166400000  bend=     1.08ns ref=     2.65ns   0.41x ok
segment_tree.set                   small            size=64       ops=3400000    bend=    57.50ns ref=    13.90ns   4.14x ok
segment_tree.set                   medium           size=4096     ops=1020000    bend=   133.33ns ref=    27.62ns   4.83x ok
segment_tree.set                   large            size=262144   ops=680000     bend=   205.15ns ref=   138.77ns   1.48x ok
segment_tree.from_list             small            size=64       ops=450000     bend=   254.44ns ref=    74.15ns   3.43x ok
segment_tree.from_list             medium           size=4096     ops=450000     bend=   257.78ns ref=    71.54ns   3.60x ok
segment_tree.from_list             large            size=262144   ops=420000     bend=   265.48ns ref=    72.97ns   3.64x ok
segment_tree.new                   small            size=64       ops=12800000   bend=    11.64ns ref=    12.48ns   0.93x ok
segment_tree.new                   medium           size=4096     ops=10400000   bend=    11.83ns ref=    13.57ns   0.87x ok
segment_tree.new                   large            size=262144   ops=9600000    bend=    11.88ns ref=    13.16ns   0.90x ok
segment_tree.new                   edge-empty       size=0        ops=12800000   bend=    12.03ns ref=    12.70ns   0.95x ok
segment_tree.from_list             edge-empty       size=0        ops=500000     bend=   263.00ns ref=    73.73ns   3.57x ok
segment_tree.length                edge-empty       size=0        ops=96000000   bend=     1.06ns ref=     2.68ns   0.39x ok
segment_tree.get                   edge-empty       size=0        ops=83200000   bend=     1.29ns ref=     1.19ns   1.08x ok
segment_tree.set                   edge-empty       size=0        ops=25600000   bend=     4.34ns ref=     1.26ns   3.43x ok
segment_tree.range_query           edge-empty       size=0        ops=12800000   bend=     8.67ns ref=     1.94ns   4.47x ok
segment_tree.range_add             edge-empty       size=0        ops=15300000   bend=     6.99ns ref=     3.21ns   2.18x ok
prefix_trie.insert                 small            size=64       ops=200000     bend=   697.50ns ref=   147.51ns   4.73x ok
prefix_trie.insert                 medium           size=2048     ops=240000     bend=   591.67ns ref=   121.40ns   4.87x ok
prefix_trie.insert                 large            size=32768    ops=524288     bend=   963.21ns ref=   142.57ns   6.76x ok
prefix_trie.lookup                 small            size=64       ops=450000     bend=   251.11ns ref=    28.70ns   8.75x ok
prefix_trie.lookup                 medium           size=2048     ops=340000     bend=   360.29ns ref=    54.06ns   6.67x ok
prefix_trie.lookup                 large            size=32768    ops=260000     bend=   690.38ns ref=   127.30ns   5.42x ok
prefix_trie.remove                 small            size=64       ops=250000     bend=   512.00ns ref=    64.06ns   7.99x ok
prefix_trie.remove                 medium           size=2048     ops=140000     bend=   778.57ns ref=   103.79ns   7.50x ok
prefix_trie.remove                 large            size=32768    ops=160000     bend=  1134.38ns ref=   189.51ns   5.99x ok
prefix_trie.contains               small            size=64       ops=450000     bend=   261.11ns ref=    30.03ns   8.69x ok
prefix_trie.contains               medium           size=2048     ops=300000     bend=   375.00ns ref=    53.70ns   6.98x ok
prefix_trie.contains               large            size=32768    ops=210000     bend=   547.62ns ref=   107.62ns   5.09x ok
prefix_trie.prefix_entries         small            size=64       ops=130000     bend=  1330.77ns ref=    92.89ns  14.33x ok
prefix_trie.prefix_entries         medium           size=2048     ops=2500       bend= 45600.00ns ref=  2438.20ns  18.70x ok
prefix_trie.prefix_entries         large            size=32768    ops=120        bend=1045833.33ns ref= 33591.67ns  31.13x ok
prefix_trie.longest_prefix         small            size=64       ops=550000     bend=   230.91ns ref=    33.03ns   6.99x ok
prefix_trie.longest_prefix         medium           size=2048     ops=300000     bend=   333.33ns ref=    60.30ns   5.53x ok
prefix_trie.longest_prefix         large            size=32768    ops=340000     bend=   448.53ns ref=   105.85ns   4.24x ok
prefix_trie.new                    small            size=64       ops=153600000  bend=     1.10ns ref=     2.74ns   0.40x ok
prefix_trie.new                    medium           size=2048     ops=96000000   bend=     1.14ns ref=     2.81ns   0.40x ok
prefix_trie.new                    large            size=32768    ops=105600000  bend=     1.23ns ref=     2.85ns   0.43x ok
prefix_trie.new                    edge-empty       size=0        ops=76800000   bend=     1.13ns ref=     2.78ns   0.41x ok
prefix_trie.insert                 edge-empty       size=0        ops=300000     bend=   901.67ns ref=   168.75ns   5.34x ok
prefix_trie.lookup                 edge-empty       size=0        ops=600000     bend=   205.00ns ref=     1.87ns 109.58x ok
prefix_trie.remove                 edge-empty       size=0        ops=800000     bend=   200.00ns ref=     2.41ns  82.90x ok
prefix_trie.contains               edge-empty       size=0        ops=700000     bend=   167.86ns ref=     1.61ns 103.98x ok
prefix_trie.prefix_entries         edge-empty       size=0        ops=6800000    bend=    25.15ns ref=     4.81ns   5.23x ok
prefix_trie.longest_prefix         edge-empty       size=0        ops=1200000    bend=   167.50ns ref=     3.22ns  52.03x ok
graph.add_vertex                   small            size=32       ops=9600000    bend=    11.46ns ref=    19.89ns   0.58x ok
graph.add_vertex                   medium           size=512      ops=8960000    bend=    12.95ns ref=    33.75ns   0.38x ok
graph.add_vertex                   large            size=4096     ops=10240000   bend=    15.97ns ref=    52.10ns   0.31x ok
graph.remove_vertex                small            size=32       ops=40960000   bend=     2.84ns ref=     1.16ns   2.45x ok
graph.remove_vertex                medium           size=512      ops=384000     bend=   393.23ns ref=   263.60ns   1.49x ok
graph.remove_vertex                large            size=4096     ops=16384      bend= 10528.56ns ref=  7193.57ns   1.46x ok
graph.add_edge                     small            size=32       ops=5100000    bend=    30.00ns ref=    81.89ns   0.37x ok
graph.add_edge                     medium           size=512      ops=1040000    bend=   157.21ns ref=   368.22ns   0.43x ok
graph.add_edge                     large            size=4096     ops=1280000    bend=   121.48ns ref=   382.63ns   0.32x ok
graph.remove_edge                  small            size=32       ops=5100000    bend=    26.57ns ref=    35.61ns   0.75x ok
graph.remove_edge                  medium           size=512      ops=2560000    bend=    45.70ns ref=    73.97ns   0.62x ok
graph.remove_edge                  large            size=4096     ops=1920000    bend=    54.17ns ref=   112.16ns   0.48x ok
graph.has_vertex                   small            size=32       ops=5100000    bend=    24.80ns ref=    18.44ns   1.35x ok
graph.has_vertex                   medium           size=512      ops=3060000    bend=    33.17ns ref=    31.52ns   1.05x ok
graph.has_vertex                   large            size=4096     ops=2560000    bend=    43.16ns ref=    44.92ns   0.96x ok
graph.has_edge                     small            size=32       ops=2550000    bend=    40.98ns ref=    38.18ns   1.07x ok
graph.has_edge                     medium           size=512      ops=2560000    bend=    54.10ns ref=    72.00ns   0.75x ok
graph.has_edge                     large            size=4096     ops=1920000    bend=    67.71ns ref=   111.15ns   0.61x ok
graph.neighbors                    small            size=32       ops=5100000    bend=    32.45ns ref=    22.40ns   1.45x ok
graph.neighbors                    medium           size=512      ops=2560000    bend=    46.48ns ref=    35.38ns   1.31x ok
graph.neighbors                    large            size=4096     ops=1920000    bend=    59.64ns ref=    62.14ns   0.96x ok
graph.vertices                     small            size=32       ops=510000     bend=   261.76ns ref=    34.57ns   7.57x ok
graph.vertices                     medium           size=512      ops=25500      bend=  4235.29ns ref=   598.76ns   7.07x ok
graph.vertices                     large            size=4096     ops=5100       bend= 39019.61ns ref=  5368.43ns   7.27x ok
graph.edges                        small            size=32       ops=255000     bend=   550.98ns ref=   170.93ns   3.22x ok
graph.edges                        medium           size=512      ops=13000      bend=  8576.92ns ref=  2946.96ns   2.91x ok
graph.edges                        large            size=4096     ops=1300       bend= 75384.62ns ref= 26116.15ns   2.89x ok
graph.new                          small            size=32       ops=6800000    bend=    16.18ns ref=     2.30ns   7.02x ok
graph.new                          medium           size=512      ops=6400000    bend=    16.09ns ref=     2.30ns   7.00x ok
graph.new                          large            size=4096     ops=7650000    bend=    16.54ns ref=     2.42ns   6.83x ok
graph.new                          edge-empty       size=0        ops=6800000    bend=    16.32ns ref=     2.39ns   6.82x ok
graph.add_vertex                   edge-empty       size=0        ops=19200000   bend=     5.94ns ref=     1.36ns   4.37x ok
graph.remove_vertex                edge-empty       size=0        ops=64000000   bend=     1.55ns ref=     1.22ns   1.28x ok
graph.add_edge                     edge-empty       size=0        ops=57600000   bend=     1.92ns ref=     1.24ns   1.55x ok
graph.remove_edge                  edge-empty       size=0        ops=51200000   bend=     1.92ns ref=     1.23ns   1.56x ok
graph.has_vertex                   edge-empty       size=0        ops=25600000   bend=     4.67ns ref=     1.21ns   3.85x ok
graph.has_edge                     edge-empty       size=0        ops=51200000   bend=     4.38ns ref=     1.30ns   3.37x ok
graph.neighbors                    edge-empty       size=0        ops=76800000   bend=     1.40ns ref=     1.11ns   1.27x ok
graph.vertices                     edge-empty       size=0        FAILED MEASUREMENT (sample 1: A-B = 7000000ns (bend) / 179882000ns (reference), below the 50000000ns / 100000ns minima)
graph.edges                        edge-empty       size=0        ops=12800000   bend=    10.98ns ref=     3.97ns   2.77x ok
report: build/performance/triage.json (408 workloads, 3117s)
