built balanced_search_tree
built binary_heap
built bitset
built deque
built doubly_linked_list
built dynamic_array
built fenwick_tree
built graph
built prefix_trie
built queue
built segment_tree
built union_find
dynamic_array.push                 small            size=64       ops=25600000   bend=     7.25ns ref=     4.29ns   1.69x ok
dynamic_array.push                 medium           size=4096     ops=12800000   bend=     8.16ns ref=     4.66ns   1.75x ok
dynamic_array.push                 large            size=262144   ops=16777216   bend=     9.06ns ref=     6.38ns   1.42x ok
dynamic_array.get                  small            size=64       ops=51200000   bend=     2.09ns ref=     1.73ns   1.20x ok
dynamic_array.get                  medium           size=4096     ops=57600000   bend=     1.93ns ref=     1.63ns   1.18x ok
dynamic_array.get                  large            size=262144   ops=48000000   bend=     2.08ns ref=     1.65ns   1.26x ok
dynamic_array.set                  small            size=64       ops=64000000   bend=     1.82ns ref=     1.74ns   1.05x ok
dynamic_array.set                  medium           size=4096     ops=70400000   bend=     1.63ns ref=     1.57ns   1.04x ok
dynamic_array.set                  large            size=262144   ops=76800000   bend=     2.32ns ref=     2.19ns   1.06x ok
dynamic_array.length               small            size=64       ops=64000000   bend=     1.66ns ref=     4.96ns   0.33x ok
dynamic_array.length               medium           size=4096     ops=115200000  bend=     1.56ns ref=     4.05ns   0.39x ok
dynamic_array.length               large            size=262144   ops=83200000   bend=     1.30ns ref=     3.72ns   0.35x ok
dynamic_array.capacity             small            size=64       ops=153600000  bend=     1.26ns ref=     3.26ns   0.39x ok
dynamic_array.capacity             medium           size=4096     ops=76800000   bend=     1.22ns ref=     3.04ns   0.40x ok
dynamic_array.capacity             large            size=262144   ops=108800000  bend=     1.22ns ref=     3.04ns   0.40x ok
dynamic_array.reserve              small            size=64       ops=25600000   bend=     4.98ns ref=     1.56ns   3.18x ok
dynamic_array.reserve              medium           size=4096     ops=25600000   bend=     4.84ns ref=     1.53ns   3.17x ok
dynamic_array.reserve              large            size=262144   ops=22400000   bend=     4.84ns ref=     1.53ns   3.17x ok
dynamic_array.to_list              small            size=64       ops=160000     bend=   675.00ns ref=   103.56ns   6.52x ok
dynamic_array.to_list              medium           size=4096     ops=3000       bend= 36000.00ns ref=  6371.33ns   5.65x ok
dynamic_array.to_list              large            size=262144   ops=50         bend=2390000.00ns ref=471450.00ns   5.07x ok
dynamic_array.clear                small            size=64       ops=2600000    bend=    71.73ns ref=     8.66ns   8.28x ok
dynamic_array.clear                medium           size=4096     ops=40000      bend=  3762.50ns ref=   661.96ns   5.68x ok
dynamic_array.clear                large            size=262144   ops=500        bend=231000.00ns ref= 14981.00ns  15.42x ok
dynamic_array.pop                  small            size=64       ops=20400000   bend=     6.18ns ref=     4.03ns   1.53x ok
dynamic_array.pop                  medium           size=4096     ops=38400000   bend=     5.78ns ref=     3.95ns   1.46x ok
dynamic_array.pop                  large            size=262144   ops=18700000   bend=     5.40ns ref=     3.76ns   1.44x ok
dynamic_array.new                  small            size=64       ops=25600000   bend=     4.77ns ref=     3.22ns   1.48x ok
dynamic_array.new                  medium           size=4096     ops=25600000   bend=     4.75ns ref=     3.28ns   1.45x ok
dynamic_array.new                  large            size=262144   ops=40800000   bend=     5.21ns ref=     3.52ns   1.48x ok
dynamic_array.new                  edge-empty       size=0        ops=25600000   bend=     4.92ns ref=     3.21ns   1.53x ok
dynamic_array.length               edge-empty       size=0        ops=89600000   bend=     1.19ns ref=     3.38ns   0.35x ok
dynamic_array.capacity             edge-empty       size=0        ops=89600000   bend=     1.17ns ref=     3.04ns   0.38x ok
dynamic_array.get                  edge-empty       size=0        ops=76800000   bend=     1.45ns ref=     1.30ns   1.11x ok
dynamic_array.set                  edge-empty       size=0        ops=76800000   bend=     1.54ns ref=     1.46ns   1.05x ok
dynamic_array.push                 edge-empty       size=0        ops=20400000   bend=     7.48ns ref=     4.20ns   1.78x ok
dynamic_array.pop                  edge-empty       size=0        ops=76800000   bend=     1.26ns ref=     1.31ns   0.96x ok
dynamic_array.reserve              edge-empty       size=0        ops=25600000   bend=     4.67ns ref=     1.42ns   3.28x ok
dynamic_array.clear                edge-empty       size=0        ops=25600000   bend=     4.41ns ref=     2.40ns   1.84x ok
dynamic_array.to_list              edge-empty       size=0        ops=25600000   bend=     5.45ns ref=     2.39ns   2.28x ok
deque.push_front                   small            size=64       ops=25600000   bend=     6.74ns ref=     1.54ns   4.38x ok
deque.push_front                   medium           size=4096     ops=15300000   bend=     6.96ns ref=     1.56ns   4.46x ok
deque.push_front                   large            size=262144   ops=13369344   bend=     8.15ns ref=     1.78ns   4.57x ok
deque.push_back                    small            size=64       ops=15600000   bend=     7.37ns ref=     1.57ns   4.71x ok
deque.push_back                    medium           size=4096     ops=19200000   bend=     8.39ns ref=     1.67ns   5.03x ok
deque.push_back                    large            size=262144   ops=13369344   bend=     8.49ns ref=     1.63ns   5.21x ok
deque.peek_front                   small            size=64       ops=76800000   bend=     1.31ns ref=     1.34ns   0.97x ok
deque.peek_front                   medium           size=4096     ops=153600000  bend=     1.27ns ref=     1.33ns   0.96x ok
deque.peek_front                   large            size=262144   ops=108800000  bend=     1.26ns ref=     1.30ns   0.97x ok
deque.peek_back                    small            size=64       ops=153600000  bend=     1.27ns ref=     1.30ns   0.97x ok
deque.peek_back                    medium           size=4096     ops=96000000   bend=     1.27ns ref=     1.42ns   0.90x ok
deque.peek_back                    large            size=262144   ops=83200000   bend=     1.26ns ref=     1.30ns   0.96x ok
deque.length                       small            size=64       ops=153600000  bend=     1.20ns ref=     3.39ns   0.36x ok
deque.length                       medium           size=4096     ops=153600000  bend=     1.19ns ref=     3.46ns   0.34x ok
deque.length                       large            size=262144   ops=86700000   bend=     1.23ns ref=     3.50ns   0.35x ok
deque.to_list                      small            size=64       ops=160000     bend=   731.25ns ref=   103.08ns   7.09x ok
deque.to_list                      medium           size=4096     ops=3000       bend= 35500.00ns ref=  7095.00ns   5.00x ok
deque.to_list                      large            size=262144   ops=50         bend=2200000.00ns ref=456160.00ns   4.82x ok
deque.pop_front                    small            size=64       ops=25600000   bend=     5.37ns ref=     8.12ns   0.66x ok
deque.pop_front                    medium           size=4096     ops=25600000   bend=     5.00ns ref=     8.01ns   0.62x ok
deque.pop_front                    large            size=262144   ops=22400000   bend=     5.71ns ref=     8.22ns   0.69x ok
deque.pop_back                     small            size=64       ops=25600000   bend=     5.45ns ref=     8.49ns   0.64x ok
deque.pop_back                     medium           size=4096     ops=25600000   bend=     4.92ns ref=     8.02ns   0.61x ok
deque.pop_back                     large            size=262144   ops=20400000   bend=     5.17ns ref=     8.31ns   0.62x ok
deque.new                          small            size=64       ops=38400000   bend=     3.91ns ref=     1.48ns   2.64x ok
deque.new                          medium           size=4096     ops=30600000   bend=     3.82ns ref=     1.52ns   2.52x ok
deque.new                          large            size=262144   ops=51000000   bend=     3.91ns ref=     1.61ns   2.43x ok
deque.new                          edge-empty       size=0        ops=38400000   bend=     3.96ns ref=     1.52ns   2.61x ok
deque.length                       edge-empty       size=0        ops=76800000   bend=     1.20ns ref=     3.47ns   0.35x ok
deque.push_front                   edge-empty       size=0        ops=20400000   bend=     6.76ns ref=     1.64ns   4.12x ok
deque.push_back                    edge-empty       size=0        ops=20400000   bend=     7.82ns ref=     1.71ns   4.58x ok
deque.pop_front                    edge-empty       size=0        ops=76800000   bend=     1.27ns ref=     1.27ns   1.00x ok
deque.pop_back                     edge-empty       size=0        ops=89600000   bend=     1.24ns ref=     1.30ns   0.96x ok
deque.peek_front                   edge-empty       size=0        ops=89600000   bend=     1.27ns ref=     1.32ns   0.96x ok
deque.peek_back                    edge-empty       size=0        ops=89600000   bend=     1.34ns ref=     1.45ns   0.92x ok
deque.to_list                      edge-empty       size=0        ops=20400000   bend=     7.40ns ref=     1.51ns   4.89x ok
queue.enqueue                      small            size=64       ops=13600000   bend=     7.94ns ref=     1.56ns   5.08x ok
queue.enqueue                      medium           size=4096     ops=12800000   bend=     8.05ns ref=     1.55ns   5.21x ok
queue.enqueue                      large            size=262144   ops=16777216   bend=     9.75ns ref=     1.72ns   5.66x ok
queue.peek                         small            size=64       ops=64000000   bend=     1.58ns ref=     1.31ns   1.21x ok
queue.peek                         medium           size=4096     ops=70400000   bend=     1.56ns ref=     1.26ns   1.24x ok
queue.peek                         large            size=262144   ops=108800000  bend=     1.81ns ref=     1.31ns   1.38x ok
queue.length                       small            size=64       ops=153600000  bend=     1.23ns ref=     3.44ns   0.36x ok
queue.length                       medium           size=4096     ops=153600000  bend=     1.21ns ref=     3.53ns   0.34x ok
queue.length                       large            size=262144   ops=108800000  bend=     1.21ns ref=     3.50ns   0.35x ok
queue.to_list                      small            size=64       ops=180000     bend=   741.67ns ref=   102.81ns   7.21x ok
queue.to_list                      medium           size=4096     ops=3000       bend= 34500.00ns ref=  7234.67ns   4.77x ok
queue.to_list                      large            size=262144   ops=50         bend=2430000.00ns ref=473240.00ns   5.13x ok
queue.dequeue                      small            size=64       ops=13600000   bend=     9.12ns ref=     8.58ns   1.06x ok
queue.dequeue                      medium           size=4096     ops=15300000   bend=     8.30ns ref=     8.51ns   0.98x ok
queue.dequeue                      large            size=262144   ops=12750000   bend=    10.78ns ref=     9.68ns   1.11x ok
queue.new                          small            size=64       ops=51200000   bend=     4.19ns ref=     1.54ns   2.72x ok
queue.new                          medium           size=4096     ops=38400000   bend=     4.34ns ref=     1.65ns   2.62x ok
queue.new                          large            size=262144   ops=30600000   bend=     3.91ns ref=     1.57ns   2.49x ok
queue.new                          edge-empty       size=0        ops=38400000   bend=     3.88ns ref=     1.55ns   2.50x ok
queue.length                       edge-empty       size=0        ops=76800000   bend=     1.21ns ref=     3.51ns   0.35x ok
queue.enqueue                      edge-empty       size=0        ops=20400000   bend=     7.60ns ref=     1.63ns   4.67x ok
queue.dequeue                      edge-empty       size=0        ops=76800000   bend=     1.46ns ref=     1.48ns   0.99x ok
queue.peek                         edge-empty       size=0        ops=64000000   bend=     1.54ns ref=     1.30ns   1.18x ok
queue.to_list                      edge-empty       size=0        ops=20400000   bend=     7.40ns ref=     1.54ns   4.80x ok
doubly_linked_list.push_front      small            size=64       ops=10200000   bend=    10.69ns ref=     4.46ns   2.40x ok
doubly_linked_list.push_front      medium           size=2048     ops=10200000   bend=    11.23ns ref=     4.49ns   2.50x ok
doubly_linked_list.push_front      large            size=32768    ops=10485760   bend=    12.92ns ref=     4.03ns   3.21x ok
doubly_linked_list.push_back       small            size=64       ops=12800000   bend=    10.90ns ref=     4.52ns   2.41x ok
doubly_linked_list.push_back       medium           size=2048     ops=9600000    bend=    10.83ns ref=     4.30ns   2.52x ok
doubly_linked_list.push_back       large            size=32768    ops=8388608    bend=    14.54ns ref=     5.21ns   2.79x ok
doubly_linked_list.insert_before   small            size=64       ops=10200000   bend=    13.09ns ref=     5.18ns   2.53x ok
doubly_linked_list.insert_before   medium           size=2048     ops=10200000   bend=    10.93ns ref=     4.77ns   2.29x ok
doubly_linked_list.insert_before   large            size=32768    ops=12582912   bend=    18.20ns ref=     5.89ns   3.09x ok
doubly_linked_list.insert_after    small            size=64       ops=10200000   bend=    13.09ns ref=     5.00ns   2.62x ok
doubly_linked_list.insert_after    medium           size=2048     ops=9600000    bend=    13.91ns ref=     6.13ns   2.27x ok
doubly_linked_list.insert_after    large            size=32768    ops=12582912   bend=    19.47ns ref=     5.89ns   3.30x ok
doubly_linked_list.get             small            size=64       ops=44800000   bend=     2.08ns ref=     1.80ns   1.15x ok
doubly_linked_list.get             medium           size=2048     ops=41600000   bend=     2.09ns ref=     1.77ns   1.18x ok
doubly_linked_list.get             large            size=32768    ops=87040000   bend=     2.23ns ref=     1.71ns   1.30x ok
doubly_linked_list.set             small            size=64       ops=44800000   bend=     2.29ns ref=     1.94ns   1.18x ok
doubly_linked_list.set             medium           size=2048     ops=48000000   bend=     2.02ns ref=     1.68ns   1.20x ok
doubly_linked_list.set             large            size=32768    ops=81920000   bend=     2.01ns ref=     1.77ns   1.14x ok
doubly_linked_list.next            small            size=64       ops=44800000   bend=     2.47ns ref=     2.13ns   1.16x ok
doubly_linked_list.next            medium           size=2048     ops=54400000   bend=     2.46ns ref=     1.93ns   1.27x ok
doubly_linked_list.next            large            size=32768    ops=66560000   bend=     2.57ns ref=     2.04ns   1.26x ok
doubly_linked_list.prev            small            size=64       ops=38400000   bend=     2.75ns ref=     2.29ns   1.20x ok
doubly_linked_list.prev            medium           size=2048     ops=54400000   bend=     2.45ns ref=     1.90ns   1.29x ok
doubly_linked_list.prev            large            size=32768    ops=66560000   bend=     2.52ns ref=     2.14ns   1.18x ok
doubly_linked_list.length          small            size=64       ops=70400000   bend=     1.31ns ref=     3.73ns   0.35x ok
doubly_linked_list.length          medium           size=2048     ops=134400000  bend=     1.41ns ref=     4.11ns   0.34x ok
doubly_linked_list.length          large            size=32768    ops=81920000   bend=     1.51ns ref=     3.91ns   0.39x ok
doubly_linked_list.to_list         small            size=64       ops=260000     bend=   575.00ns ref=   110.45ns   5.21x ok
doubly_linked_list.to_list         medium           size=2048     ops=7800       bend= 15769.23ns ref=  3792.44ns   4.16x ok
doubly_linked_list.to_list         large            size=32768    ops=420        bend=352380.95ns ref= 75730.95ns   4.65x ok
doubly_linked_list.remove          small            size=64       FAILED MEASUREMENT (sample 1: A-B = 37000000ns (bend) / 113091000ns (reference), below the 50000000ns / 100000ns minima)
doubly_linked_list.remove          medium           size=2048     ops=16777216   bend=     7.51ns ref=     6.67ns   1.13x ok
doubly_linked_list.remove          large            size=32768    ops=27262976   bend=     7.78ns ref=     7.41ns   1.05x ok
doubly_linked_list.new             small            size=64       ops=12800000   bend=     8.12ns ref=     2.64ns   3.07x ok
doubly_linked_list.new             medium           size=2048     ops=12800000   bend=     8.75ns ref=     2.88ns   3.04x ok
doubly_linked_list.new             large            size=32768    ops=12800000   bend=     8.40ns ref=     2.77ns   3.03x ok
doubly_linked_list.new             edge-empty       size=0        ops=19200000   bend=     8.26ns ref=     2.64ns   3.13x ok
doubly_linked_list.length          edge-empty       size=0        ops=108800000  bend=     1.00ns ref=     2.85ns   0.35x ok
doubly_linked_list.push_front      edge-empty       size=0        ops=15300000   bend=     7.39ns ref=     3.07ns   2.40x ok
doubly_linked_list.push_back       edge-empty       size=0        ops=19200000   bend=     7.40ns ref=     3.07ns   2.41x ok
doubly_linked_list.insert_before   edge-empty       size=0        ops=96000000   bend=     1.12ns ref=     1.01ns   1.11x ok
doubly_linked_list.insert_after    edge-empty       size=0        ops=166400000  bend=     1.12ns ref=     1.01ns   1.11x ok
doubly_linked_list.remove          edge-empty       size=0        ops=96000000   bend=     1.11ns ref=     1.01ns   1.10x ok
doubly_linked_list.get             edge-empty       size=0        ops=96000000   bend=     1.11ns ref=     1.02ns   1.09x ok
doubly_linked_list.set             edge-empty       size=0        ops=96000000   bend=     1.11ns ref=     1.01ns   1.10x ok
doubly_linked_list.next            edge-empty       size=0        ops=166400000  bend=     1.12ns ref=     1.02ns   1.10x ok
doubly_linked_list.prev            edge-empty       size=0        ops=96000000   bend=     1.11ns ref=     1.01ns   1.10x ok
doubly_linked_list.to_list         edge-empty       size=0        ops=57600000   bend=     1.86ns ref=     3.40ns   0.55x ok
binary_heap.push                   small            size=64       ops=12800000   bend=    14.26ns ref=     9.18ns   1.55x ok
binary_heap.push                   medium           size=4096     ops=9600000    bend=    14.27ns ref=     9.19ns   1.55x ok
binary_heap.push                   large            size=131072   ops=8912896    bend=    15.15ns ref=     9.18ns   1.65x ok
binary_heap.peek                   small            size=64       ops=102400000  bend=     0.99ns ref=     1.00ns   0.99x ok
binary_heap.peek                   medium           size=4096     ops=108800000  bend=     1.00ns ref=     1.00ns   1.00x ok
binary_heap.peek                   large            size=131072   ops=163200000  bend=     1.00ns ref=     1.00ns   1.00x ok
binary_heap.length                 small            size=64       ops=102400000  bend=     1.00ns ref=     2.85ns   0.35x ok
binary_heap.length                 medium           size=4096     ops=108800000  bend=     1.25ns ref=     3.22ns   0.39x ok
binary_heap.length                 large            size=131072   ops=108800000  bend=     1.46ns ref=     3.91ns   0.37x ok
binary_heap.from_list              small            size=64       ops=850000     bend=   165.29ns ref=    81.50ns   2.03x ok
binary_heap.from_list              medium           size=4096     ops=650000     bend=   190.77ns ref=    83.00ns   2.30x ok
binary_heap.from_list              large            size=131072   ops=680000     bend=   182.35ns ref=    86.52ns   2.11x ok
binary_heap.to_sorted_list         small            size=64       ops=68000      bend=  1860.29ns ref=   840.34ns   2.21x ok
binary_heap.to_sorted_list         medium           size=4096     ops=600        bend=187500.00ns ref= 76250.00ns   2.46x ok
binary_heap.to_sorted_list         large            size=131072   ops=15         bend=9766666.67ns ref=5002700.00ns   1.95x ok
binary_heap.pop                    small            size=64       ops=3400000    bend=    47.35ns ref=    20.01ns   2.37x ok
binary_heap.pop                    medium           size=4096     ops=1300000    bend=    90.00ns ref=    39.16ns   2.30x ok
binary_heap.pop                    large            size=131072   ops=1040000    bend=   133.65ns ref=    51.98ns   2.57x ok
binary_heap.new                    small            size=64       ops=76800000   bend=     3.42ns ref=     3.06ns   1.12x ok
binary_heap.new                    medium           size=4096     ops=40800000   bend=     2.93ns ref=     3.22ns   0.91x ok
binary_heap.new                    large            size=131072   ops=28800000   bend=     3.33ns ref=     3.19ns   1.04x ok
binary_heap.new                    edge-empty       size=0        ops=64000000   bend=     3.06ns ref=     2.95ns   1.04x ok
binary_heap.length                 edge-empty       size=0        ops=166400000  bend=     1.11ns ref=     3.10ns   0.36x ok
binary_heap.push                   edge-empty       size=0        ops=10200000   bend=    17.60ns ref=    11.14ns   1.58x ok
binary_heap.peek                   edge-empty       size=0        ops=108800000  bend=     1.14ns ref=     1.14ns   1.00x ok
binary_heap.pop                    edge-empty       size=0        ops=96000000   bend=     1.17ns ref=     1.21ns   0.97x ok
binary_heap.from_list              edge-empty       size=0        ops=900000     bend=   127.78ns ref=    61.69ns   2.07x ok
binary_heap.to_sorted_list         edge-empty       size=0        ops=12800000   bend=    11.64ns ref=     5.46ns   2.13x ok
balanced_search_tree.insert        small            size=64       ops=300000     bend=   435.00ns ref=    29.99ns  14.50x ok
balanced_search_tree.insert        medium           size=4096     ops=100000     bend=  1160.00ns ref=    85.22ns  13.61x ok
balanced_search_tree.insert        large            size=131072   ops=120000     bend=  1829.17ns ref=   187.16ns   9.77x ok
balanced_search_tree.remove        small            size=64       ops=200000     bend=   920.00ns ref=    70.90ns  12.98x ok
balanced_search_tree.remove        medium           size=4096     ops=50000      bend=  2120.00ns ref=   166.18ns  12.76x ok
balanced_search_tree.remove        large            size=131072   ops=60000      bend=  2891.67ns ref=   268.85ns  10.76x ok
balanced_search_tree.lookup        small            size=64       ops=800000     bend=   140.62ns ref=    20.86ns   6.74x ok
balanced_search_tree.lookup        medium           size=4096     ops=300000     bend=   330.00ns ref=    52.11ns   6.33x ok
balanced_search_tree.lookup        large            size=131072   ops=480000     bend=   503.12ns ref=   113.54ns   4.43x ok
balanced_search_tree.contains      small            size=64       ops=700000     bend=   150.71ns ref=    25.52ns   5.90x ok
balanced_search_tree.contains      medium           size=4096     ops=600000     bend=   326.67ns ref=    48.83ns   6.69x ok
balanced_search_tree.contains      large            size=131072   ops=1020000    bend=   530.39ns ref=   107.16ns   4.95x ok
balanced_search_tree.min           small            size=64       ops=2600000    bend=    45.38ns ref=     1.32ns  34.51x ok
balanced_search_tree.min           medium           size=4096     ops=700000     bend=   139.29ns ref=     5.19ns  26.84x ok
balanced_search_tree.min           large            size=131072   ops=1100000    bend=   174.55ns ref=     6.22ns  28.07x ok
balanced_search_tree.max           small            size=64       ops=2200000    bend=    50.68ns ref=     1.31ns  38.61x ok
balanced_search_tree.max           medium           size=4096     ops=1600000    bend=   142.81ns ref=     4.31ns  33.16x ok
balanced_search_tree.max           large            size=131072   ops=3200000    bend=   168.91ns ref=     5.80ns  29.12x ok
balanced_search_tree.lower_bound   small            size=64       ops=800000     bend=   151.88ns ref=    21.34ns   7.12x ok
balanced_search_tree.lower_bound   medium           size=4096     ops=300000     bend=   358.33ns ref=    52.44ns   6.83x ok
balanced_search_tree.lower_bound   large            size=131072   ops=340000     bend=   519.12ns ref=   105.89ns   4.90x ok
balanced_search_tree.range         small            size=64       ops=384000     bend=   256.51ns ref=    38.13ns   6.73x ok
balanced_search_tree.range         medium           size=4096     ops=7800       bend= 13525.64ns ref=  1067.63ns  12.67x ok
balanced_search_tree.range         large            size=131072   ops=1280       bend=116015.62ns ref= 10255.08ns  11.31x ok
balanced_search_tree.to_list       small            size=64       ops=256000     bend=   736.33ns ref=    55.41ns  13.29x ok
balanced_search_tree.to_list       medium           size=4096     ops=1500       bend= 70333.33ns ref=  4455.33ns  15.79x ok
balanced_search_tree.to_list       large            size=131072   ops=255        bend=2437254.90ns ref=248945.10ns   9.79x ok
balanced_search_tree.length        small            size=64       ops=89600000   bend=     1.08ns ref=     3.09ns   0.35x ok
balanced_search_tree.length        medium           size=4096     ops=108800000  bend=     1.12ns ref=     3.17ns   0.35x ok
balanced_search_tree.length        large            size=131072   ops=204800000  bend=     1.10ns ref=     3.13ns   0.35x ok
balanced_search_tree.new           small            size=64       ops=89600000   bend=     1.16ns ref=     2.89ns   0.40x ok
balanced_search_tree.new           medium           size=4096     ops=102400000  bend=     1.09ns ref=     2.74ns   0.40x ok
balanced_search_tree.new           large            size=131072   ops=172800000  bend=     1.12ns ref=     2.89ns   0.39x ok
balanced_search_tree.new           edge-empty       size=0        ops=83200000   bend=     1.14ns ref=     2.78ns   0.41x ok
balanced_search_tree.length        edge-empty       size=0        ops=96000000   bend=     1.10ns ref=     3.11ns   0.35x ok
balanced_search_tree.insert        edge-empty       size=0        ops=3400000    bend=    46.47ns ref=     3.52ns  13.21x ok
balanced_search_tree.remove        edge-empty       size=0        ops=19200000   bend=     7.06ns ref=     3.18ns   2.22x ok
balanced_search_tree.lookup        edge-empty       size=0        ops=25600000   bend=     4.63ns ref=     1.40ns   3.30x ok
balanced_search_tree.contains      edge-empty       size=0        ops=25600000   bend=     4.63ns ref=     1.36ns   3.41x ok
balanced_search_tree.min           edge-empty       size=0        ops=25600000   bend=     4.22ns ref=     1.22ns   3.45x ok
balanced_search_tree.max           edge-empty       size=0        ops=25600000   bend=     4.51ns ref=     1.41ns   3.20x ok
balanced_search_tree.lower_bound   edge-empty       size=0        ops=15300000   bend=     7.03ns ref=     1.41ns   4.97x ok
balanced_search_tree.range         edge-empty       size=0        ops=20400000   bend=     5.32ns ref=     5.31ns   1.00x ok
balanced_search_tree.to_list       edge-empty       size=0        ops=25600000   bend=     5.12ns ref=     4.21ns   1.22x ok
bitset.set                         small            size=64       ops=64000000   bend=     1.91ns ref=     1.79ns   1.07x ok
bitset.set                         medium           size=4096     ops=64000000   bend=     1.57ns ref=     1.43ns   1.10x ok
bitset.set                         large            size=262144   ops=83200000   bend=     1.53ns ref=     1.38ns   1.11x ok
bitset.clear                       small            size=64       ops=64000000   bend=     1.87ns ref=     1.69ns   1.10x ok
bitset.clear                       medium           size=4096     ops=70400000   bend=     1.63ns ref=     1.46ns   1.12x ok
bitset.clear                       large            size=262144   ops=108800000  bend=     1.53ns ref=     1.41ns   1.09x ok
bitset.get                         small            size=64       ops=64000000   bend=     1.95ns ref=     1.71ns   1.14x ok
bitset.get                         medium           size=4096     ops=57600000   bend=     1.83ns ref=     1.44ns   1.27x ok
bitset.get                         large            size=262144   ops=108800000  bend=     1.76ns ref=     1.47ns   1.20x ok
bitset.count                       small            size=64       ops=1700000    bend=    65.00ns ref=     5.06ns  12.86x ok
bitset.count                       medium           size=4096     ops=40000      bend=  3725.00ns ref=   244.45ns  15.24x ok
bitset.count                       large            size=262144   ops=500        bend=238000.00ns ref= 15393.00ns  15.46x ok
bitset.length                      small            size=64       ops=89600000   bend=     1.10ns ref=     3.21ns   0.34x ok
bitset.length                      medium           size=4096     ops=96000000   bend=     1.26ns ref=     3.51ns   0.36x ok
bitset.length                      large            size=262144   ops=83200000   bend=     1.16ns ref=     3.42ns   0.34x ok
bitset.to_list                     small            size=64       ops=340000     bend=   397.06ns ref=    84.02ns   4.73x ok
bitset.to_list                     medium           size=4096     ops=6000       bend= 20833.33ns ref=  4927.92ns   4.23x ok
bitset.to_list                     large            size=262144   ops=100        bend=1900000.00ns ref=330645.00ns   5.75x ok
bitset.union                       small            size=64       ops=19200000   bend=     6.90ns ref=     1.54ns   4.48x ok
bitset.union                       medium           size=4096     ops=2560000    bend=    67.77ns ref=    63.11ns   1.07x ok
bitset.union                       large            size=262144   ops=32000      bend=  3687.50ns ref=  3713.62ns   0.99x ok
bitset.intersection                small            size=64       ops=16000000   bend=     6.38ns ref=     1.53ns   4.18x ok
bitset.intersection                medium           size=4096     ops=2040000    bend=    67.16ns ref=    61.90ns   1.08x ok
bitset.intersection                large            size=262144   ops=32000      bend=  3812.50ns ref=  4057.81ns   0.94x ok
bitset.difference                  small            size=64       ops=19200000   bend=     6.93ns ref=     1.38ns   5.03x ok
bitset.difference                  medium           size=4096     ops=2560000    bend=    79.69ns ref=    69.40ns   1.15x ok
bitset.difference                  large            size=262144   ops=32000      bend=  3859.38ns ref=  3966.44ns   0.97x ok
bitset.xor                         small            size=64       ops=16000000   bend=     6.88ns ref=     1.43ns   4.80x ok
bitset.xor                         medium           size=4096     ops=2560000    bend=    72.85ns ref=    67.91ns   1.07x ok
bitset.xor                         large            size=262144   ops=51000      bend=  3725.49ns ref=  4026.05ns   0.93x ok
bitset.new                         small            size=64       ops=38400000   bend=     3.49ns ref=    12.68ns   0.28x ok
bitset.new                         medium           size=4096     ops=30600000   bend=     3.53ns ref=    12.38ns   0.29x ok
bitset.new                         large            size=262144   ops=32000000   bend=     3.47ns ref=    12.68ns   0.27x ok
bitset.new                         edge-empty       size=0        ops=38400000   bend=     3.29ns ref=    11.94ns   0.28x ok
bitset.length                      edge-empty       size=0        ops=89600000   bend=     1.10ns ref=     3.18ns   0.35x ok
bitset.get                         edge-empty       size=0        ops=89600000   bend=     1.37ns ref=     1.29ns   1.06x ok
bitset.set                         edge-empty       size=0        ops=76800000   bend=     1.37ns ref=     1.32ns   1.04x ok
bitset.clear                       edge-empty       size=0        ops=76800000   bend=     1.37ns ref=     1.31ns   1.05x ok
bitset.count                       edge-empty       size=0        ops=6000000    bend=    34.67ns ref=     4.39ns   7.89x ok
bitset.union                       edge-empty       size=0        ops=25600000   bend=     5.47ns ref=     1.30ns   4.21x ok
bitset.intersection                edge-empty       size=0        ops=25600000   bend=     5.23ns ref=     1.30ns   4.03x ok
bitset.difference                  edge-empty       size=0        ops=25600000   bend=     5.78ns ref=     1.33ns   4.35x ok
bitset.xor                         edge-empty       size=0        ops=25600000   bend=     5.41ns ref=     1.30ns   4.18x ok
bitset.to_list                     edge-empty       size=0        ops=2600000    bend=    40.19ns ref=     4.36ns   9.21x ok
union_find.find                    small            size=64       ops=57600000   bend=     1.88ns ref=     1.64ns   1.15x ok
union_find.find                    medium           size=4096     ops=54400000   bend=     1.59ns ref=     1.40ns   1.14x ok
union_find.find                    large            size=65536    ops=87040000   bend=     1.71ns ref=     1.46ns   1.17x ok
union_find.union                   small            size=64       ops=25600000   bend=     4.98ns ref=     1.90ns   2.62x ok
union_find.union                   medium           size=4096     ops=25600000   bend=     4.38ns ref=     1.60ns   2.73x ok
union_find.union                   large            size=65536    FAILED MEASUREMENT (sample 0: A-B = -594000000ns (bend) / 53049000ns (reference), below the 50000000ns / 100000ns minima)
union_find.connected               small            size=64       ops=38400000   bend=     2.72ns ref=     2.03ns   1.34x ok
union_find.connected               medium           size=4096     ops=43350000   bend=     2.54ns ref=     1.73ns   1.47x ok
union_find.connected               large            size=65536    ops=66560000   bend=     2.80ns ref=     1.98ns   1.41x ok
union_find.component_size          small            size=64       ops=57600000   bend=     1.74ns ref=     1.56ns   1.12x ok
union_find.component_size          medium           size=4096     ops=108800000  bend=     1.65ns ref=     1.50ns   1.10x ok
union_find.component_size          large            size=65536    ops=87040000   bend=     1.98ns ref=     1.70ns   1.16x ok
union_find.component_count         small            size=64       ops=89600000   bend=     1.11ns ref=     3.22ns   0.34x ok
union_find.component_count         medium           size=4096     ops=108800000  bend=     1.20ns ref=     3.49ns   0.34x ok
union_find.component_count         large            size=65536    ops=134400000  bend=     1.22ns ref=     3.39ns   0.36x ok
union_find.new                     small            size=64       ops=3000000    bend=    48.50ns ref=     2.48ns  19.58x ok
union_find.new                     medium           size=4096     ops=2400000    bend=    46.04ns ref=     2.32ns  19.86x ok
union_find.new                     large            size=65536    ops=3400000    bend=    47.65ns ref=     2.52ns  18.90x ok
union_find.new                     edge-empty       size=0        ops=2600000    bend=    49.81ns ref=     2.63ns  18.93x ok
union_find.find                    edge-empty       size=0        ops=70400000   bend=     1.34ns ref=     1.23ns   1.08x ok
union_find.union                   edge-empty       size=0        ops=51200000   bend=     4.44ns ref=     1.43ns   3.10x ok
union_find.connected               edge-empty       size=0        ops=51200000   bend=     1.82ns ref=     1.26ns   1.44x ok
union_find.component_size          edge-empty       size=0        ops=83200000   bend=     1.36ns ref=     1.30ns   1.05x ok
union_find.component_count         edge-empty       size=0        ops=83200000   bend=     1.10ns ref=     3.18ns   0.35x ok
fenwick_tree.add                   small            size=64       ops=6400000    bend=    25.31ns ref=    22.49ns   1.13x ok
fenwick_tree.add                   medium           size=4096     ops=2600000    bend=    51.73ns ref=    45.32ns   1.14x ok
fenwick_tree.add                   large            size=262144   ops=2040000    bend=    69.36ns ref=    64.75ns   1.07x ok
fenwick_tree.prefix_sum            small            size=64       ops=3400000    bend=    29.26ns ref=    24.11ns   1.21x ok
fenwick_tree.prefix_sum            medium           size=4096     ops=2550000    bend=    47.45ns ref=    43.40ns   1.09x ok
fenwick_tree.prefix_sum            large            size=262144   ops=1280000    bend=    73.83ns ref=    66.54ns   1.11x ok
fenwick_tree.range_sum             small            size=64       ops=5100000    bend=    27.65ns ref=    23.33ns   1.18x ok
fenwick_tree.range_sum             medium           size=4096     ops=3400000    bend=    50.74ns ref=    44.06ns   1.15x ok
fenwick_tree.range_sum             large            size=262144   ops=6400000    bend=    16.41ns ref=    14.29ns   1.15x ok
fenwick_tree.length                small            size=64       ops=179200000  bend=     1.11ns ref=     3.16ns   0.35x ok
fenwick_tree.length                medium           size=4096     ops=96000000   bend=     1.09ns ref=     3.20ns   0.34x ok
fenwick_tree.length                large            size=262144   ops=108800000  bend=     1.10ns ref=     3.18ns   0.35x ok
fenwick_tree.from_list             small            size=64       ops=1500000    bend=   155.00ns ref=    28.39ns   5.46x ok
fenwick_tree.from_list             medium           size=4096     ops=1200000    bend=   157.92ns ref=    30.10ns   5.25x ok
fenwick_tree.from_list             large            size=262144   ops=1040000    bend=   144.23ns ref=    27.00ns   5.34x ok
fenwick_tree.new                   small            size=64       ops=20400000   bend=     7.50ns ref=    12.49ns   0.60x ok
fenwick_tree.new                   medium           size=4096     ops=20400000   bend=     7.43ns ref=    12.20ns   0.61x ok
fenwick_tree.new                   large            size=262144   ops=16000000   bend=     7.22ns ref=    12.18ns   0.59x ok
fenwick_tree.new                   edge-empty       size=0        ops=12800000   bend=     7.58ns ref=    12.74ns   0.59x ok
fenwick_tree.from_list             edge-empty       size=0        ops=700000     bend=   145.71ns ref=    27.96ns   5.21x ok
fenwick_tree.length                edge-empty       size=0        ops=76800000   bend=     1.11ns ref=     3.11ns   0.36x ok
fenwick_tree.add                   edge-empty       size=0        ops=64000000   bend=     2.13ns ref=     1.38ns   1.55x ok
fenwick_tree.prefix_sum            edge-empty       size=0        ops=76800000   bend=     2.29ns ref=     1.27ns   1.80x ok
fenwick_tree.range_sum             edge-empty       size=0        ops=25600000   bend=     4.39ns ref=     2.00ns   2.19x ok
segment_tree.range_add             small            size=64       ops=2600000    bend=    60.38ns ref=    37.07ns   1.63x ok
segment_tree.range_add             medium           size=4096     ops=1360000    bend=   130.51ns ref=    72.40ns   1.80x ok
segment_tree.range_add             large            size=262144   ops=2560000    bend=    52.54ns ref=    36.20ns   1.45x ok
segment_tree.get                   small            size=64       ops=6400000    bend=    31.09ns ref=     3.94ns   7.89x ok
segment_tree.get                   medium           size=4096     ops=2560000    bend=    53.71ns ref=     7.52ns   7.14x ok
segment_tree.get                   large            size=262144   ops=2560000    bend=    77.73ns ref=    14.11ns   5.51x ok
segment_tree.range_query           small            size=64       ops=2550000    bend=    41.76ns ref=    26.11ns   1.60x ok
segment_tree.range_query           medium           size=4096     ops=2040000    bend=    74.51ns ref=    49.25ns   1.51x ok
segment_tree.range_query           large            size=262144   ops=7680000    bend=    26.43ns ref=    15.46ns   1.71x ok
segment_tree.length                small            size=64       ops=102400000  bend=     1.09ns ref=     2.69ns   0.41x ok
segment_tree.length                medium           size=4096     ops=96000000   bend=     1.10ns ref=     2.70ns   0.41x ok
segment_tree.length                large            size=262144   ops=108800000  bend=     1.09ns ref=     2.77ns   0.39x ok
segment_tree.set                   small            size=64       ops=3200000    bend=    55.62ns ref=    13.55ns   4.10x ok
segment_tree.set                   medium           size=4096     ops=1040000    bend=   129.33ns ref=    26.15ns   4.95x ok
segment_tree.set                   large            size=262144   ops=630000     bend=   214.29ns ref=   139.87ns   1.53x ok
segment_tree.from_list             small            size=64       ops=450000     bend=   270.00ns ref=    75.31ns   3.59x ok
segment_tree.from_list             medium           size=4096     ops=400000     bend=   277.50ns ref=    75.02ns   3.70x ok
segment_tree.from_list             large            size=262144   ops=420000     bend=   270.24ns ref=    74.54ns   3.63x ok
segment_tree.new                   small            size=64       ops=12800000   bend=    12.27ns ref=    13.14ns   0.93x ok
segment_tree.new                   medium           size=4096     ops=10200000   bend=    12.30ns ref=    13.27ns   0.93x ok
segment_tree.new                   large            size=262144   ops=9600000    bend=    12.29ns ref=    13.45ns   0.91x ok
segment_tree.new                   edge-empty       size=0        ops=10200000   bend=    12.35ns ref=    12.77ns   0.97x ok
segment_tree.from_list             edge-empty       size=0        ops=400000     bend=   260.00ns ref=    72.06ns   3.61x ok
segment_tree.length                edge-empty       size=0        ops=76800000   bend=     1.11ns ref=     2.78ns   0.40x ok
segment_tree.get                   edge-empty       size=0        ops=76800000   bend=     1.37ns ref=     1.22ns   1.12x ok
segment_tree.set                   edge-empty       size=0        ops=25600000   bend=     4.32ns ref=     1.28ns   3.37x ok
segment_tree.range_query           edge-empty       size=0        ops=15300000   bend=     9.25ns ref=     2.09ns   4.42x ok
segment_tree.range_add             edge-empty       size=0        ops=19200000   bend=     7.63ns ref=     3.40ns   2.24x ok
prefix_trie.insert                 small            size=64       ops=200000     bend=   727.50ns ref=   149.70ns   4.86x ok
prefix_trie.insert                 medium           size=2048     ops=300000     bend=   533.33ns ref=   121.14ns   4.40x ok
prefix_trie.insert                 large            size=32768    ops=262144     bend=  1010.89ns ref=   146.47ns   6.90x ok
prefix_trie.lookup                 small            size=64       ops=400000     bend=   262.50ns ref=    29.62ns   8.86x ok
prefix_trie.lookup                 medium           size=2048     ops=300000     bend=   381.67ns ref=    56.89ns   6.71x ok
prefix_trie.lookup                 large            size=32768    ops=340000     bend=   577.94ns ref=   107.08ns   5.40x ok
prefix_trie.remove                 small            size=64       ops=200000     bend=   562.50ns ref=    68.96ns   8.16x ok
prefix_trie.remove                 medium           size=2048     ops=140000     bend=   753.57ns ref=   103.50ns   7.28x ok
prefix_trie.remove                 large            size=32768    ops=110000     bend=  1222.73ns ref=   200.06ns   6.11x ok
prefix_trie.contains               small            size=64       ops=700000     bend=   284.29ns ref=    32.36ns   8.78x ok
prefix_trie.contains               medium           size=2048     ops=300000     bend=   385.00ns ref=    57.02ns   6.75x ok
prefix_trie.contains               large            size=32768    ops=260000     bend=   515.38ns ref=   102.12ns   5.05x ok
prefix_trie.prefix_entries         small            size=64       ops=105000     bend=  1480.95ns ref=   106.19ns  13.95x ok
prefix_trie.prefix_entries         medium           size=2048     ops=2500       bend= 50600.00ns ref=  2622.00ns  19.30x ok
prefix_trie.prefix_entries         large            size=32768    ops=240        bend=947916.67ns ref= 35291.67ns  26.86x ok
prefix_trie.longest_prefix         small            size=64       ops=500000     bend=   226.00ns ref=    32.21ns   7.02x ok
prefix_trie.longest_prefix         medium           size=2048     ops=340000     bend=   320.59ns ref=    61.53ns   5.21x ok
prefix_trie.longest_prefix         large            size=32768    ops=640000     bend=   467.97ns ref=   110.93ns   4.22x ok
prefix_trie.new                    small            size=64       ops=153600000  bend=     1.13ns ref=     2.79ns   0.40x ok
prefix_trie.new                    medium           size=2048     ops=166400000  bend=     1.09ns ref=     2.83ns   0.39x ok
prefix_trie.new                    large            size=32768    ops=107100000  bend=     1.10ns ref=     2.73ns   0.40x ok
prefix_trie.new                    edge-empty       size=0        ops=96000000   bend=     1.17ns ref=     2.97ns   0.39x ok
prefix_trie.insert                 edge-empty       size=0        ops=200000     bend=   805.00ns ref=   177.81ns   4.53x ok
prefix_trie.lookup                 edge-empty       size=0        ops=700000     bend=   162.86ns ref=     1.48ns 110.14x ok
prefix_trie.remove                 edge-empty       size=0        ops=1200000    bend=   165.00ns ref=     2.23ns  74.12x ok
prefix_trie.contains               edge-empty       size=0        ops=600000     bend=   167.50ns ref=     1.56ns 107.14x ok
prefix_trie.prefix_entries         edge-empty       size=0        ops=6800000    bend=    22.79ns ref=     4.45ns   5.12x ok
prefix_trie.longest_prefix         edge-empty       size=0        ops=1200000    bend=   157.50ns ref=     3.09ns  50.90x ok
graph.add_vertex                   small            size=32       ops=9600000    bend=    11.09ns ref=    19.58ns   0.57x ok
graph.add_vertex                   medium           size=512      ops=8960000    bend=    12.33ns ref=    33.42ns   0.37x ok
graph.add_vertex                   large            size=4096     ops=10240000   bend=    17.97ns ref=    50.95ns   0.35x ok
graph.remove_vertex                small            size=32       ops=40960000   bend=     2.93ns ref=     1.34ns   2.19x ok
graph.remove_vertex                medium           size=512      ops=320000     bend=   418.75ns ref=   204.40ns   2.05x ok
graph.remove_vertex                large            size=4096     ops=10240      bend= 12353.52ns ref=  7368.46ns   1.68x ok
graph.add_edge                     small            size=32       ops=6400000    bend=    32.66ns ref=    89.56ns   0.36x ok
graph.add_edge                     medium           size=512      ops=1040000    bend=   178.85ns ref=   392.35ns   0.46x ok
graph.add_edge                     large            size=4096     ops=1280000    bend=   116.80ns ref=   381.89ns   0.31x ok
graph.remove_edge                  small            size=32       ops=5100000    bend=    28.04ns ref=    36.51ns   0.77x ok
graph.remove_edge                  medium           size=512      ops=2560000    bend=    44.73ns ref=    72.15ns   0.62x ok
graph.remove_edge                  large            size=4096     ops=1920000    bend=    56.51ns ref=   121.19ns   0.47x ok
graph.has_vertex                   small            size=32       ops=6400000    bend=    25.55ns ref=    19.53ns   1.31x ok
graph.has_vertex                   medium           size=512      ops=3840000    bend=    35.55ns ref=    33.67ns   1.06x ok
graph.has_vertex                   large            size=4096     ops=2560000    bend=    43.16ns ref=    44.29ns   0.97x ok
graph.has_edge                     small            size=32       ops=3200000    bend=    45.00ns ref=    42.34ns   1.06x ok
graph.has_edge                     medium           size=512      ops=2560000    bend=    54.10ns ref=    72.80ns   0.74x ok
graph.has_edge                     large            size=4096     ops=1920000    bend=    68.23ns ref=   117.00ns   0.58x ok
graph.neighbors                    small            size=32       ops=5100000    bend=    30.59ns ref=    21.48ns   1.42x ok
graph.neighbors                    medium           size=512      ops=2560000    bend=    50.00ns ref=    38.24ns   1.31x ok
graph.neighbors                    large            size=4096     ops=1920000    bend=    62.24ns ref=    62.86ns   0.99x ok
graph.vertices                     small            size=32       ops=510000     bend=   253.92ns ref=    34.49ns   7.36x ok
graph.vertices                     medium           size=512      ops=25500      bend=  4549.02ns ref=   647.16ns   7.03x ok
graph.vertices                     large            size=4096     ops=2550       bend= 38235.29ns ref=  5389.80ns   7.09x ok
graph.edges                        small            size=32       ops=340000     bend=   522.06ns ref=   153.76ns   3.40x ok
graph.edges                        medium           size=512      ops=21000      bend=  8309.52ns ref=  2870.45ns   2.89x ok
graph.edges                        large            size=4096     ops=2600       bend= 75384.62ns ref= 26056.15ns   2.89x ok
graph.new                          small            size=32       ops=6800000    bend=    15.51ns ref=     2.35ns   6.59x ok
graph.new                          medium           size=512      ops=6400000    bend=    16.17ns ref=     2.27ns   7.11x ok
graph.new                          large            size=4096     ops=6400000    bend=    16.56ns ref=     2.34ns   7.09x ok
graph.new                          edge-empty       size=0        ops=6400000    bend=    15.70ns ref=     2.26ns   6.94x ok
graph.add_vertex                   edge-empty       size=0        ops=19200000   bend=     6.02ns ref=     1.35ns   4.46x ok
graph.remove_vertex                edge-empty       size=0        ops=76800000   bend=     1.58ns ref=     1.29ns   1.22x ok
graph.add_edge                     edge-empty       size=0        ops=64000000   bend=     1.78ns ref=     1.18ns   1.51x ok
graph.remove_edge                  edge-empty       size=0        ops=102400000  bend=     1.85ns ref=     1.24ns   1.49x ok
graph.has_vertex                   edge-empty       size=0        ops=25600000   bend=     4.71ns ref=     1.22ns   3.86x ok
graph.has_edge                     edge-empty       size=0        ops=32000000   bend=     4.31ns ref=     1.30ns   3.32x ok
graph.neighbors                    edge-empty       size=0        ops=64000000   bend=     1.45ns ref=     1.16ns   1.25x ok
graph.vertices                     edge-empty       size=0        FAILED MEASUREMENT (sample 0: A-B = 45000000ns (bend) / 186518000ns (reference), below the 50000000ns / 100000ns minima)
graph.edges                        edge-empty       size=0        ops=12800000   bend=    12.58ns ref=     4.42ns   2.84x ok
report: build/performance/report.json (408 workloads, 2878s)
exit=0
