lru.add small calibrate count=100000 reps=1 bend_delta=14000000ns ref_delta=843000ns bendA=26000000ns
lru.add small calibrate count=800000 reps=1 bend_delta=108000000ns ref_delta=7429000ns bendA=215000000ns
lru.add small count=800000 reps=1 sample=0 order=ABC bendA=248000000 bendB=103000000 bendC=0 refA=15040000 refB=7335000 refC=2000 bend_chk=['2045825957', '2385241803', '2125761260'] ref_chk=['2045825957', '2385241803', '2125761260']
lru.add small count=800000 reps=1 sample=1 order=CBA bendA=214000000 bendB=106000000 bendC=0 refA=14921000 refB=7315000 refC=4000 bend_chk=['2045825957', '2385241803', '2125761260'] ref_chk=['2045825957', '2385241803', '2125761260']
lru.add small count=800000 reps=1 sample=2 order=ABC bendA=204000000 bendB=102000000 bendC=0 refA=14758000 refB=7480000 refC=1000 bend_chk=['2045825957', '2385241803', '2125761260'] ref_chk=['2045825957', '2385241803', '2125761260']
lru.add small count=800000 reps=1 sample=3 order=CBA bendA=222000000 bendB=101000000 bendC=0 refA=14827000 refB=7429000 refC=7000 bend_chk=['2045825957', '2385241803', '2125761260'] ref_chk=['2045825957', '2385241803', '2125761260']
lru.add small count=800000 reps=1 sample=4 order=ABC bendA=204000000 bendB=103000000 bendC=0 refA=14667000 refB=7446000 refC=1000 bend_chk=['2045825957', '2385241803', '2125761260'] ref_chk=['2045825957', '2385241803', '2125761260']
lru.add small count=800000 reps=1 sample=5 order=CBA bendA=216000000 bendB=103000000 bendC=1000000 refA=14924000 refB=7271000 refC=4000 bend_chk=['2045825957', '2385241803', '2125761260'] ref_chk=['2045825957', '2385241803', '2125761260']
lru.add medium calibrate count=50000 reps=1 bend_delta=13000000ns ref_delta=519000ns bendA=27000000ns
lru.add medium calibrate count=400000 reps=1 bend_delta=116000000ns ref_delta=4427000ns bendA=218000000ns
lru.add medium count=400000 reps=1 sample=0 order=ABC bendA=231000000 bendB=111000000 bendC=1000000 refA=8064000 refB=4144000 refC=49000 bend_chk=['2314534184', '3488783013', '937540818'] ref_chk=['2314534184', '3488783013', '937540818']
lru.add medium count=400000 reps=1 sample=1 order=CBA bendA=252000000 bendB=113000000 bendC=2000000 refA=9338000 refB=4536000 refC=101000 bend_chk=['2314534184', '3488783013', '937540818'] ref_chk=['2314534184', '3488783013', '937540818']
lru.add medium count=400000 reps=1 sample=2 order=ABC bendA=218000000 bendB=108000000 bendC=2000000 refA=8123000 refB=4364000 refC=45000 bend_chk=['2314534184', '3488783013', '937540818'] ref_chk=['2314534184', '3488783013', '937540818']
lru.add medium count=400000 reps=1 sample=3 order=CBA bendA=217000000 bendB=107000000 bendC=2000000 refA=7995000 refB=4156000 refC=71000 bend_chk=['2314534184', '3488783013', '937540818'] ref_chk=['2314534184', '3488783013', '937540818']
lru.add medium count=400000 reps=1 sample=4 order=ABC bendA=266000000 bendB=108000000 bendC=1000000 refA=8171000 refB=4084000 refC=45000 bend_chk=['2314534184', '3488783013', '937540818'] ref_chk=['2314534184', '3488783013', '937540818']
lru.add medium count=400000 reps=1 sample=5 order=CBA bendA=209000000 bendB=103000000 bendC=2000000 refA=8155000 refB=4139000 refC=73000 bend_chk=['2314534184', '3488783013', '937540818'] ref_chk=['2314534184', '3488783013', '937540818']
lru.add large calibrate count=20000 reps=1 bend_delta=11000000ns ref_delta=1387000ns bendA=158000000ns
lru.add large calibrate count=200000 reps=1 bend_delta=285000000ns ref_delta=3384000ns bendA=623000000ns
lru.add large count=200000 reps=1 sample=0 order=ABC bendA=475000000 bendB=348000000 bendC=167000000 refA=20106000 refB=14444000 refC=3061000 bend_chk=['3204528496', '464934986', '328663582'] ref_chk=['3204528496', '464934986', '328663582']
lru.add large count=200000 reps=1 sample=1 order=CBA bendA=799000000 bendB=370000000 bendC=125000000 refA=27026000 refB=14113000 refC=4520000 bend_chk=['3204528496', '464934986', '328663582'] ref_chk=['3204528496', '464934986', '328663582']
lru.add large count=200000 reps=1 sample=2 order=ABC bendA=558000000 bendB=400000000 bendC=158000000 refA=14560000 refB=7777000 refC=2940000 bend_chk=['3204528496', '464934986', '328663582'] ref_chk=['3204528496', '464934986', '328663582']
lru.add large count=200000 reps=1 sample=3 order=CBA bendA=705000000 bendB=339000000 bendC=127000000 refA=15334000 refB=9373000 refC=4462000 bend_chk=['3204528496', '464934986', '328663582'] ref_chk=['3204528496', '464934986', '328663582']
lru.add large count=200000 reps=1 sample=4 order=ABC bendA=546000000 bendB=320000000 bendC=169000000 refA=24173000 refB=10348000 refC=2992000 bend_chk=['3204528496', '464934986', '328663582'] ref_chk=['3204528496', '464934986', '328663582']
lru.add large count=200000 reps=1 sample=5 order=CBA bendA=509000000 bendB=325000000 bendC=120000000 refA=17445000 refB=10232000 refC=3893000 bend_chk=['3204528496', '464934986', '328663582'] ref_chk=['3204528496', '464934986', '328663582']
lru.get small calibrate count=100000 reps=1 bend_delta=11000000ns ref_delta=1053000ns bendA=21000000ns
lru.get small calibrate count=1000000 reps=1 bend_delta=100000000ns ref_delta=10792000ns bendA=202000000ns
lru.get small count=1000000 reps=1 sample=0 order=ABC bendA=231000000 bendB=114000000 bendC=0 refA=21668000 refB=11032000 refC=1000 bend_chk=['1406979931', '1478050960', '111570526'] ref_chk=['1406979931', '1478050960', '111570526']
lru.get small count=1000000 reps=1 sample=1 order=CBA bendA=204000000 bendB=114000000 bendC=0 refA=21125000 refB=10693000 refC=5000 bend_chk=['1406979931', '1478050960', '111570526'] ref_chk=['1406979931', '1478050960', '111570526']
lru.get small count=1000000 reps=1 sample=2 order=ABC bendA=204000000 bendB=101000000 bendC=0 refA=20963000 refB=10455000 refC=1000 bend_chk=['1406979931', '1478050960', '111570526'] ref_chk=['1406979931', '1478050960', '111570526']
lru.get small count=1000000 reps=1 sample=3 order=CBA bendA=201000000 bendB=101000000 bendC=0 refA=20801000 refB=10403000 refC=4000 bend_chk=['1406979931', '1478050960', '111570526'] ref_chk=['1406979931', '1478050960', '111570526']
lru.get small count=1000000 reps=1 sample=4 order=ABC bendA=202000000 bendB=101000000 bendC=0 refA=21109000 refB=10609000 refC=1000 bend_chk=['1406979931', '1478050960', '111570526'] ref_chk=['1406979931', '1478050960', '111570526']
lru.get small count=1000000 reps=1 sample=5 order=CBA bendA=201000000 bendB=102000000 bendC=0 refA=20869000 refB=10444000 refC=8000 bend_chk=['1406979931', '1478050960', '111570526'] ref_chk=['1406979931', '1478050960', '111570526']
lru.get medium calibrate count=50000 reps=1 bend_delta=11000000ns ref_delta=621000ns bendA=24000000ns
lru.get medium calibrate count=500000 reps=1 bend_delta=115000000ns ref_delta=6059000ns bendA=231000000ns
lru.get medium count=500000 reps=1 sample=0 order=ABC bendA=231000000 bendB=117000000 bendC=1000000 refA=11963000 refB=5996000 refC=43000 bend_chk=['813012322', '3342519828', '3927084727'] ref_chk=['813012322', '3342519828', '3927084727']
lru.get medium count=500000 reps=1 sample=1 order=CBA bendA=232000000 bendB=115000000 bendC=2000000 refA=11821000 refB=5905000 refC=61000 bend_chk=['813012322', '3342519828', '3927084727'] ref_chk=['813012322', '3342519828', '3927084727']
lru.get medium count=500000 reps=1 sample=2 order=ABC bendA=232000000 bendB=116000000 bendC=1000000 refA=11884000 refB=5876000 refC=41000 bend_chk=['813012322', '3342519828', '3927084727'] ref_chk=['813012322', '3342519828', '3927084727']
lru.get medium count=500000 reps=1 sample=3 order=CBA bendA=253000000 bendB=115000000 bendC=1000000 refA=12101000 refB=6425000 refC=69000 bend_chk=['813012322', '3342519828', '3927084727'] ref_chk=['813012322', '3342519828', '3927084727']
lru.get medium count=500000 reps=1 sample=4 order=ABC bendA=244000000 bendB=118000000 bendC=2000000 refA=12217000 refB=6026000 refC=42000 bend_chk=['813012322', '3342519828', '3927084727'] ref_chk=['813012322', '3342519828', '3927084727']
lru.get medium count=500000 reps=1 sample=5 order=CBA bendA=234000000 bendB=116000000 bendC=2000000 refA=11746000 refB=5965000 refC=63000 bend_chk=['813012322', '3342519828', '3927084727'] ref_chk=['813012322', '3342519828', '3927084727']
lru.get large calibrate count=20000 reps=1 bend_delta=5000000ns ref_delta=2194000ns bendA=151000000ns
lru.get large calibrate count=420000 reps=1 bend_delta=440000000ns ref_delta=14775000ns bendA=892000000ns
lru.get large count=420000 reps=1 sample=0 order=ABC bendA=1057000000 bendB=617000000 bendC=168000000 refA=43116000 refB=24504000 refC=3108000 bend_chk=['2162628681', '763576300', '3658332330'] ref_chk=['2162628681', '763576300', '3658332330']
lru.get large count=420000 reps=1 sample=1 order=CBA bendA=1031000000 bendB=513000000 bendC=119000000 refA=36554000 refB=20865000 refC=4054000 bend_chk=['2162628681', '763576300', '3658332330'] ref_chk=['2162628681', '763576300', '3658332330']
lru.get large count=420000 reps=1 sample=2 order=ABC bendA=831000000 bendB=474000000 bendC=133000000 refA=40883000 refB=20856000 refC=3055000 bend_chk=['2162628681', '763576300', '3658332330'] ref_chk=['2162628681', '763576300', '3658332330']
lru.get large count=420000 reps=1 sample=3 order=CBA bendA=975000000 bendB=443000000 bendC=118000000 refA=41703000 refB=30419000 refC=7204000 bend_chk=['2162628681', '763576300', '3658332330'] ref_chk=['2162628681', '763576300', '3658332330']
lru.get large count=420000 reps=1 sample=4 order=ABC bendA=994000000 bendB=523000000 bendC=146000000 refA=35684000 refB=18801000 refC=2935000 bend_chk=['2162628681', '763576300', '3658332330'] ref_chk=['2162628681', '763576300', '3658332330']
lru.get large count=420000 reps=1 sample=5 order=CBA bendA=927000000 bendB=599000000 bendC=118000000 refA=35265000 refB=21364000 refC=3797000 bend_chk=['2162628681', '763576300', '3658332330'] ref_chk=['2162628681', '763576300', '3658332330']
lru.peek small calibrate count=100000 reps=1 bend_delta=10000000ns ref_delta=992000ns bendA=20000000ns
lru.peek small calibrate count=1100000 reps=1 bend_delta=109000000ns ref_delta=10877000ns bendA=218000000ns
lru.peek small count=1100000 reps=1 sample=0 order=ABC bendA=218000000 bendB=110000000 bendC=0 refA=21763000 refB=10859000 refC=1000 bend_chk=['2990031233', '2156330458', '1905591089'] ref_chk=['2990031233', '2156330458', '1905591089']
lru.peek small count=1100000 reps=1 sample=1 order=CBA bendA=219000000 bendB=109000000 bendC=0 refA=22046000 refB=10792000 refC=4000 bend_chk=['2990031233', '2156330458', '1905591089'] ref_chk=['2990031233', '2156330458', '1905591089']
lru.peek small count=1100000 reps=1 sample=2 order=ABC bendA=219000000 bendB=109000000 bendC=0 refA=21472000 refB=10828000 refC=1000 bend_chk=['2990031233', '2156330458', '1905591089'] ref_chk=['2990031233', '2156330458', '1905591089']
lru.peek small count=1100000 reps=1 sample=3 order=CBA bendA=220000000 bendB=109000000 bendC=0 refA=21538000 refB=10860000 refC=4000 bend_chk=['2990031233', '2156330458', '1905591089'] ref_chk=['2990031233', '2156330458', '1905591089']
lru.peek small count=1100000 reps=1 sample=4 order=ABC bendA=218000000 bendB=120000000 bendC=0 refA=26813000 refB=12238000 refC=1000 bend_chk=['2990031233', '2156330458', '1905591089'] ref_chk=['2990031233', '2156330458', '1905591089']
lru.peek small count=1100000 reps=1 sample=5 order=CBA bendA=220000000 bendB=111000000 bendC=0 refA=21547000 refB=10786000 refC=4000 bend_chk=['2990031233', '2156330458', '1905591089'] ref_chk=['2990031233', '2156330458', '1905591089']
lru.peek medium calibrate count=50000 reps=1 bend_delta=13000000ns ref_delta=505000ns bendA=25000000ns
lru.peek medium calibrate count=400000 reps=1 bend_delta=93000000ns ref_delta=3950000ns bendA=184000000ns
lru.peek medium calibrate count=800000 reps=1 bend_delta=207000000ns ref_delta=7843000ns bendA=399000000ns
lru.peek medium count=800000 reps=1 sample=0 order=ABC bendA=363000000 bendB=185000000 bendC=1000000 refA=15674000 refB=7925000 refC=44000 bend_chk=['287303029', '3432097593', '2726589282'] ref_chk=['287303029', '3432097593', '2726589282']
lru.peek medium count=800000 reps=1 sample=1 order=CBA bendA=366000000 bendB=180000000 bendC=2000000 refA=15686000 refB=7865000 refC=61000 bend_chk=['287303029', '3432097593', '2726589282'] ref_chk=['287303029', '3432097593', '2726589282']
lru.peek medium count=800000 reps=1 sample=2 order=ABC bendA=361000000 bendB=181000000 bendC=1000000 refA=15659000 refB=7826000 refC=42000 bend_chk=['287303029', '3432097593', '2726589282'] ref_chk=['287303029', '3432097593', '2726589282']
lru.peek medium count=800000 reps=1 sample=3 order=CBA bendA=363000000 bendB=180000000 bendC=1000000 refA=15661000 refB=7892000 refC=69000 bend_chk=['287303029', '3432097593', '2726589282'] ref_chk=['287303029', '3432097593', '2726589282']
lru.peek medium count=800000 reps=1 sample=4 order=ABC bendA=368000000 bendB=184000000 bendC=1000000 refA=15848000 refB=7854000 refC=40000 bend_chk=['287303029', '3432097593', '2726589282'] ref_chk=['287303029', '3432097593', '2726589282']
lru.peek medium count=800000 reps=1 sample=5 order=CBA bendA=378000000 bendB=180000000 bendC=2000000 refA=16348000 refB=7891000 refC=62000 bend_chk=['287303029', '3432097593', '2726589282'] ref_chk=['287303029', '3432097593', '2726589282']
lru.peek large calibrate count=20000 reps=1 bend_delta=9000000ns ref_delta=1647000ns bendA=150000000ns
lru.peek large calibrate count=240000 reps=1 bend_delta=201000000ns ref_delta=5168000ns bendA=512000000ns
lru.peek large count=240000 reps=1 sample=0 order=ABC bendA=502000000 bendB=311000000 bendC=136000000 refA=14814000 refB=8998000 refC=2959000 bend_chk=['2425285056', '3438490218', '2307975600'] ref_chk=['2425285056', '3438490218', '2307975600']
lru.peek large count=240000 reps=1 sample=1 order=CBA bendA=522000000 bendB=309000000 bendC=118000000 refA=13710000 refB=8493000 refC=3861000 bend_chk=['2425285056', '3438490218', '2307975600'] ref_chk=['2425285056', '3438490218', '2307975600']
lru.peek large count=240000 reps=1 sample=2 order=ABC bendA=519000000 bendB=313000000 bendC=143000000 refA=15107000 refB=8436000 refC=2929000 bend_chk=['2425285056', '3438490218', '2307975600'] ref_chk=['2425285056', '3438490218', '2307975600']
lru.peek large count=240000 reps=1 sample=3 order=CBA bendA=532000000 bendB=300000000 bendC=117000000 refA=14619000 refB=8410000 refC=3739000 bend_chk=['2425285056', '3438490218', '2307975600'] ref_chk=['2425285056', '3438490218', '2307975600']
lru.peek large count=240000 reps=1 sample=4 order=ABC bendA=463000000 bendB=332000000 bendC=133000000 refA=14707000 refB=8333000 refC=2932000 bend_chk=['2425285056', '3438490218', '2307975600'] ref_chk=['2425285056', '3438490218', '2307975600']
lru.peek large count=240000 reps=1 sample=5 order=CBA bendA=592000000 bendB=305000000 bendC=118000000 refA=20370000 refB=20543000 refC=6011000 bend_chk=['2425285056', '3438490218', '2307975600'] ref_chk=['2425285056', '3438490218', '2307975600']
lru.contains small calibrate count=100000 reps=1 bend_delta=11000000ns ref_delta=149000ns bendA=22000000ns
lru.contains small calibrate count=1000000 reps=1 bend_delta=106000000ns ref_delta=1428000ns bendA=207000000ns
lru.contains small count=1000000 reps=1 sample=0 order=ABC bendA=212000000 bendB=102000000 bendC=0 refA=2837000 refB=1410000 refC=1000 bend_chk=['1731755870', '1231372505', '3579445543'] ref_chk=['1731755870', '1231372505', '3579445543']
lru.contains small count=1000000 reps=1 sample=1 order=CBA bendA=203000000 bendB=100000000 bendC=0 refA=2809000 refB=1412000 refC=5000 bend_chk=['1731755870', '1231372505', '3579445543'] ref_chk=['1731755870', '1231372505', '3579445543']
lru.contains small count=1000000 reps=1 sample=2 order=ABC bendA=206000000 bendB=100000000 bendC=0 refA=2828000 refB=1403000 refC=1000 bend_chk=['1731755870', '1231372505', '3579445543'] ref_chk=['1731755870', '1231372505', '3579445543']
lru.contains small count=1000000 reps=1 sample=3 order=CBA bendA=200000000 bendB=100000000 bendC=0 refA=2813000 refB=1404000 refC=4000 bend_chk=['1731755870', '1231372505', '3579445543'] ref_chk=['1731755870', '1231372505', '3579445543']
lru.contains small count=1000000 reps=1 sample=4 order=ABC bendA=200000000 bendB=100000000 bendC=0 refA=2816000 refB=1426000 refC=1000 bend_chk=['1731755870', '1231372505', '3579445543'] ref_chk=['1731755870', '1231372505', '3579445543']
lru.contains small count=1000000 reps=1 sample=5 order=CBA bendA=201000000 bendB=101000000 bendC=0 refA=2817000 refB=1405000 refC=4000 bend_chk=['1731755870', '1231372505', '3579445543'] ref_chk=['1731755870', '1231372505', '3579445543']
lru.contains medium calibrate count=50000 reps=1 bend_delta=12000000ns ref_delta=94000ns bendA=24000000ns
lru.contains medium calibrate count=450000 reps=1 bend_delta=103000000ns ref_delta=552000ns bendA=205000000ns
lru.contains medium count=450000 reps=1 sample=0 order=ABC bendA=203000000 bendB=101000000 bendC=2000000 refA=1188000 refB=601000 refC=41000 bend_chk=['2074020321', '1127190549', '1775719174'] ref_chk=['2074020321', '1127190549', '1775719174']
lru.contains medium count=450000 reps=1 sample=1 order=CBA bendA=209000000 bendB=102000000 bendC=1000000 refA=1166000 refB=609000 refC=61000 bend_chk=['2074020321', '1127190549', '1775719174'] ref_chk=['2074020321', '1127190549', '1775719174']
lru.contains medium count=450000 reps=1 sample=2 order=ABC bendA=204000000 bendB=102000000 bendC=1000000 refA=1217000 refB=613000 refC=41000 bend_chk=['2074020321', '1127190549', '1775719174'] ref_chk=['2074020321', '1127190549', '1775719174']
lru.contains medium count=450000 reps=1 sample=3 order=CBA bendA=204000000 bendB=102000000 bendC=2000000 refA=1169000 refB=640000 refC=63000 bend_chk=['2074020321', '1127190549', '1775719174'] ref_chk=['2074020321', '1127190549', '1775719174']
lru.contains medium count=450000 reps=1 sample=4 order=ABC bendA=212000000 bendB=106000000 bendC=2000000 refA=1197000 refB=612000 refC=43000 bend_chk=['2074020321', '1127190549', '1775719174'] ref_chk=['2074020321', '1127190549', '1775719174']
lru.contains medium count=450000 reps=1 sample=5 order=CBA bendA=213000000 bendB=110000000 bendC=1000000 refA=1243000 refB=645000 refC=71000 bend_chk=['2074020321', '1127190549', '1775719174'] ref_chk=['2074020321', '1127190549', '1775719174']
lru.contains large calibrate count=20000 reps=1 bend_delta=18000000ns ref_delta=893000ns bendA=165000000ns
lru.contains large calibrate count=120000 reps=1 bend_delta=130000000ns ref_delta=132000ns bendA=378000000ns
lru.contains large calibrate count=240000 reps=1 bend_delta=229000000ns ref_delta=4843000ns bendA=581000000ns
lru.contains large count=240000 reps=1 sample=0 order=ABC bendA=638000000 bendB=406000000 bendC=155000000 refA=5357000 refB=4346000 refC=4711000 bend_chk=['1840467035', '2559067358', '192986070'] ref_chk=['1840467035', '2559067358', '192986070']
lru.contains large count=240000 reps=1 sample=1 order=CBA bendA=565000000 bendB=415000000 bendC=119000000 refA=3928000 refB=3584000 refC=3796000 bend_chk=['1840467035', '2559067358', '192986070'] ref_chk=['1840467035', '2559067358', '192986070']
lru.contains large count=240000 reps=1 sample=2 order=ABC bendA=517000000 bendB=336000000 bendC=133000000 refA=4943000 refB=3531000 refC=2916000 bend_chk=['1840467035', '2559067358', '192986070'] ref_chk=['1840467035', '2559067358', '192986070']
lru.contains large count=240000 reps=1 sample=3 order=CBA bendA=566000000 bendB=294000000 bendC=118000000 refA=3911000 refB=3602000 refC=3880000 bend_chk=['1840467035', '2559067358', '192986070'] ref_chk=['1840467035', '2559067358', '192986070']
lru.contains large count=240000 reps=1 sample=4 order=ABC bendA=476000000 bendB=304000000 bendC=132000000 refA=4961000 refB=3526000 refC=2912000 bend_chk=['1840467035', '2559067358', '192986070'] ref_chk=['1840467035', '2559067358', '192986070']
lru.contains large count=240000 reps=1 sample=5 order=CBA bendA=522000000 bendB=318000000 bendC=118000000 refA=3973000 refB=3626000 refC=3911000 bend_chk=['1840467035', '2559067358', '192986070'] ref_chk=['1840467035', '2559067358', '192986070']
lru.remove small calibrate count=100000 reps=1 bend_delta=48000000ns ref_delta=1259000ns bendA=96000000ns
lru.remove small calibrate count=300000 reps=1 bend_delta=140000000ns ref_delta=3870000ns bendA=287000000ns
lru.remove small count=300000 reps=1 sample=0 order=ABC bendA=291000000 bendB=145000000 bendC=0 refA=7559000 refB=3754000 refC=1000 bend_chk=['905220926', '576068397', '435683643'] ref_chk=['905220926', '576068397', '435683643']
lru.remove small count=300000 reps=1 sample=1 order=CBA bendA=290000000 bendB=144000000 bendC=0 refA=7751000 refB=3834000 refC=4000 bend_chk=['905220926', '576068397', '435683643'] ref_chk=['905220926', '576068397', '435683643']
lru.remove small count=300000 reps=1 sample=2 order=ABC bendA=284000000 bendB=143000000 bendC=0 refA=7539000 refB=3807000 refC=1000 bend_chk=['905220926', '576068397', '435683643'] ref_chk=['905220926', '576068397', '435683643']
lru.remove small count=300000 reps=1 sample=3 order=CBA bendA=291000000 bendB=143000000 bendC=0 refA=7609000 refB=3831000 refC=7000 bend_chk=['905220926', '576068397', '435683643'] ref_chk=['905220926', '576068397', '435683643']
lru.remove small count=300000 reps=1 sample=4 order=ABC bendA=299000000 bendB=145000000 bendC=0 refA=7483000 refB=3723000 refC=1000 bend_chk=['905220926', '576068397', '435683643'] ref_chk=['905220926', '576068397', '435683643']
lru.remove small count=300000 reps=1 sample=5 order=CBA bendA=288000000 bendB=142000000 bendC=0 refA=7633000 refB=4007000 refC=4000 bend_chk=['905220926', '576068397', '435683643'] ref_chk=['905220926', '576068397', '435683643']
lru.remove medium calibrate count=50000 reps=1 bend_delta=55000000ns ref_delta=640000ns bendA=111000000ns
lru.remove medium calibrate count=100000 reps=1 bend_delta=135000000ns ref_delta=1140000ns bendA=244000000ns
lru.remove medium count=100000 reps=1 sample=0 order=ABC bendA=301000000 bendB=112000000 bendC=1000000 refA=2422000 refB=1214000 refC=41000 bend_chk=['3430284887', '2821243646', '1594543921'] ref_chk=['3430284887', '2821243646', '1594543921']
lru.remove medium count=100000 reps=1 sample=1 order=CBA bendA=214000000 bendB=110000000 bendC=2000000 refA=2278000 refB=1168000 refC=62000 bend_chk=['3430284887', '2821243646', '1594543921'] ref_chk=['3430284887', '2821243646', '1594543921']
lru.remove medium count=100000 reps=1 sample=2 order=ABC bendA=220000000 bendB=110000000 bendC=2000000 refA=2324000 refB=1168000 refC=73000 bend_chk=['3430284887', '2821243646', '1594543921'] ref_chk=['3430284887', '2821243646', '1594543921']
lru.remove medium count=100000 reps=1 sample=3 order=CBA bendA=214000000 bendB=112000000 bendC=1000000 refA=2326000 refB=1192000 refC=61000 bend_chk=['3430284887', '2821243646', '1594543921'] ref_chk=['3430284887', '2821243646', '1594543921']
lru.remove medium count=100000 reps=1 sample=4 order=ABC bendA=218000000 bendB=110000000 bendC=1000000 refA=2312000 refB=1157000 refC=40000 bend_chk=['3430284887', '2821243646', '1594543921'] ref_chk=['3430284887', '2821243646', '1594543921']
lru.remove medium count=100000 reps=1 sample=5 order=CBA bendA=255000000 bendB=107000000 bendC=1000000 refA=2435000 refB=1286000 refC=110000 bend_chk=['3430284887', '2821243646', '1594543921'] ref_chk=['3430284887', '2821243646', '1594543921']
lru.remove large calibrate count=20000 reps=1 bend_delta=37000000ns ref_delta=1798000ns bendA=212000000ns
lru.remove large calibrate count=60000 reps=1 bend_delta=195000000ns ref_delta=1619000ns bendA=454000000ns
lru.remove large count=60000 reps=1 sample=0 order=ABC bendA=387000000 bendB=284000000 bendC=165000000 refA=7950000 refB=5258000 refC=2977000 bend_chk=['1171550259', '2777194647', '3866890271'] ref_chk=['1171550259', '2777194647', '3866890271']
lru.remove large count=60000 reps=1 sample=1 order=CBA bendA=444000000 bendB=257000000 bendC=118000000 refA=6615000 refB=6420000 refC=3910000 bend_chk=['1171550259', '2777194647', '3866890271'] ref_chk=['1171550259', '2777194647', '3866890271']
lru.remove large count=60000 reps=1 sample=2 order=ABC bendA=476000000 bendB=322000000 bendC=155000000 refA=9194000 refB=4688000 refC=2906000 bend_chk=['1171550259', '2777194647', '3866890271'] ref_chk=['1171550259', '2777194647', '3866890271']
lru.remove large count=60000 reps=1 sample=3 order=CBA bendA=458000000 bendB=269000000 bendC=118000000 refA=6139000 refB=4804000 refC=3915000 bend_chk=['1171550259', '2777194647', '3866890271'] ref_chk=['1171550259', '2777194647', '3866890271']
lru.remove large count=60000 reps=1 sample=4 order=ABC bendA=429000000 bendB=315000000 bendC=154000000 refA=7158000 refB=4555000 refC=2892000 bend_chk=['1171550259', '2777194647', '3866890271'] ref_chk=['1171550259', '2777194647', '3866890271']
lru.remove large count=60000 reps=1 sample=5 order=CBA bendA=508000000 bendB=273000000 bendC=118000000 refA=7417000 refB=6102000 refC=3917000 bend_chk=['1171550259', '2777194647', '3866890271'] ref_chk=['1171550259', '2777194647', '3866890271']
lru.purge small calibrate count=2000 reps=1 bend_delta=58000000ns ref_delta=822000ns bendA=86000000ns
lru.purge small calibrate count=2000 reps=2 bend_delta=52000000ns ref_delta=1348000ns bendA=106000000ns
lru.purge small calibrate count=2000 reps=4 bend_delta=105000000ns ref_delta=2555000ns bendA=211000000ns
lru.purge small count=2000 reps=4 sample=0 order=ABC bendA=212000000 bendB=106000000 bendC=0 refA=4404000 refB=1925000 refC=2000 bend_chk=['3479117145', '3673244606', '2526869931'] ref_chk=['3479117145', '3673244606', '2526869931']
lru.purge small count=2000 reps=4 sample=1 order=CBA bendA=214000000 bendB=107000000 bendC=0 refA=4080000 refB=2340000 refC=7000 bend_chk=['3479117145', '3673244606', '2526869931'] ref_chk=['3479117145', '3673244606', '2526869931']
lru.purge small count=2000 reps=4 sample=2 order=ABC bendA=212000000 bendB=106000000 bendC=0 refA=4121000 refB=1953000 refC=2000 bend_chk=['3479117145', '3673244606', '2526869931'] ref_chk=['3479117145', '3673244606', '2526869931']
lru.purge small count=2000 reps=4 sample=3 order=CBA bendA=210000000 bendB=105000000 bendC=1000000 refA=3875000 refB=2231000 refC=7000 bend_chk=['3479117145', '3673244606', '2526869931'] ref_chk=['3479117145', '3673244606', '2526869931']
lru.purge small count=2000 reps=4 sample=4 order=ABC bendA=211000000 bendB=105000000 bendC=1000000 refA=4316000 refB=1909000 refC=2000 bend_chk=['3479117145', '3673244606', '2526869931'] ref_chk=['3479117145', '3673244606', '2526869931']
lru.purge small count=2000 reps=4 sample=5 order=CBA bendA=209000000 bendB=105000000 bendC=0 refA=3968000 refB=2280000 refC=7000 bend_chk=['3479117145', '3673244606', '2526869931'] ref_chk=['3479117145', '3673244606', '2526869931']
lru.purge medium calibrate count=40 reps=1 bend_delta=52000000ns ref_delta=800000ns bendA=105000000ns
lru.purge medium calibrate count=80 reps=1 bend_delta=103000000ns ref_delta=1674000ns bendA=208000000ns
lru.purge medium count=80 reps=1 sample=0 order=ABC bendA=206000000 bendB=106000000 bendC=1000000 refA=3364000 refB=1696000 refC=41000 bend_chk=['1285366643', '3385961101', '1281218423'] ref_chk=['1285366643', '3385961101', '1281218423']
lru.purge medium count=80 reps=1 sample=1 order=CBA bendA=208000000 bendB=104000000 bendC=2000000 refA=3278000 refB=1614000 refC=61000 bend_chk=['1285366643', '3385961101', '1281218423'] ref_chk=['1285366643', '3385961101', '1281218423']
lru.purge medium count=80 reps=1 sample=2 order=ABC bendA=206000000 bendB=105000000 bendC=1000000 refA=3162000 refB=1683000 refC=40000 bend_chk=['1285366643', '3385961101', '1281218423'] ref_chk=['1285366643', '3385961101', '1281218423']
lru.purge medium count=80 reps=1 sample=3 order=CBA bendA=211000000 bendB=104000000 bendC=1000000 refA=3341000 refB=1641000 refC=65000 bend_chk=['1285366643', '3385961101', '1281218423'] ref_chk=['1285366643', '3385961101', '1281218423']
lru.purge medium count=80 reps=1 sample=4 order=ABC bendA=206000000 bendB=105000000 bendC=1000000 refA=3259000 refB=1672000 refC=40000 bend_chk=['1285366643', '3385961101', '1281218423'] ref_chk=['1285366643', '3385961101', '1281218423']
lru.purge medium count=80 reps=1 sample=5 order=CBA bendA=212000000 bendB=106000000 bendC=1000000 refA=3304000 refB=1612000 refC=62000 bend_chk=['1285366643', '3385961101', '1281218423'] ref_chk=['1285366643', '3385961101', '1281218423']
lru.purge large calibrate count=2 reps=1 bend_delta=220000000ns ref_delta=3472000ns bendA=568000000ns
lru.purge large count=2 reps=1 sample=0 order=ABC bendA=564000000 bendB=351000000 bendC=126000000 refA=9337000 refB=6075000 refC=2922000 bend_chk=['1756888174', '1448919081', '2062427881'] ref_chk=['1756888174', '1448919081', '2062427881']
lru.purge large count=2 reps=1 sample=1 order=CBA bendA=696000000 bendB=357000000 bendC=120000000 refA=12890000 refB=6800000 refC=6809000 bend_chk=['1756888174', '1448919081', '2062427881'] ref_chk=['1756888174', '1448919081', '2062427881']
lru.purge large count=2 reps=1 sample=2 order=ABC bendA=657000000 bendB=413000000 bendC=189000000 refA=22963000 refB=16719000 refC=3304000 bend_chk=['1756888174', '1448919081', '2062427881'] ref_chk=['1756888174', '1448919081', '2062427881']
lru.purge large count=2 reps=1 sample=3 order=CBA bendA=806000000 bendB=391000000 bendC=126000000 refA=9553000 refB=6467000 refC=4126000 bend_chk=['1756888174', '1448919081', '2062427881'] ref_chk=['1756888174', '1448919081', '2062427881']
lru.purge large count=2 reps=1 sample=4 order=ABC bendA=704000000 bendB=433000000 bendC=159000000 refA=9839000 refB=6254000 refC=3018000 bend_chk=['1756888174', '1448919081', '2062427881'] ref_chk=['1756888174', '1448919081', '2062427881']
lru.purge large count=2 reps=1 sample=5 order=CBA bendA=853000000 bendB=420000000 bendC=132000000 refA=9774000 refB=8109000 refC=4574000 bend_chk=['1756888174', '1448919081', '2062427881'] ref_chk=['1756888174', '1448919081', '2062427881']
lru.resize small calibrate count=4000 reps=1 bend_delta=20000000ns ref_delta=1156000ns bendA=79000000ns
lru.resize small calibrate count=4000 reps=6 bend_delta=264000000ns ref_delta=5755000ns bendA=517000000ns
lru.resize small count=4000 reps=6 sample=0 order=ABC bendA=733000000 bendB=303000000 bendC=1000000 refA=10374000 refB=5767000 refC=5000 bend_chk=['42111549', '2634456839', '1526521219'] ref_chk=['42111549', '2634456839', '1526521219']
lru.resize small count=4000 reps=6 sample=1 order=CBA bendA=574000000 bendB=279000000 bendC=1000000 refA=11040000 refB=5074000 refC=9000 bend_chk=['42111549', '2634456839', '1526521219'] ref_chk=['42111549', '2634456839', '1526521219']
lru.resize small count=4000 reps=6 sample=2 order=ABC bendA=459000000 bendB=241000000 bendC=0 refA=12539000 refB=7081000 refC=7000 bend_chk=['42111549', '2634456839', '1526521219'] ref_chk=['42111549', '2634456839', '1526521219']
lru.resize small count=4000 reps=6 sample=3 order=CBA bendA=522000000 bendB=249000000 bendC=1000000 refA=10780000 refB=5013000 refC=9000 bend_chk=['42111549', '2634456839', '1526521219'] ref_chk=['42111549', '2634456839', '1526521219']
lru.resize small count=4000 reps=6 sample=4 order=ABC bendA=500000000 bendB=243000000 bendC=1000000 refA=11214000 refB=7545000 refC=6000 bend_chk=['42111549', '2634456839', '1526521219'] ref_chk=['42111549', '2634456839', '1526521219']
lru.resize small count=4000 reps=6 sample=5 order=CBA bendA=487000000 bendB=238000000 bendC=1000000 refA=15755000 refB=5577000 refC=10000 bend_chk=['42111549', '2634456839', '1526521219'] ref_chk=['42111549', '2634456839', '1526521219']
lru.resize medium calibrate count=80 reps=1 bend_delta=110000000ns ref_delta=3349000ns bendA=208000000ns
lru.resize medium count=80 reps=1 sample=0 order=ABC bendA=176000000 bendB=85000000 bendC=1000000 refA=3488000 refB=1745000 refC=40000 bend_chk=['558092656', '738757751', '3597603485'] ref_chk=['558092656', '738757751', '3597603485']
lru.resize medium count=80 reps=1 sample=1 order=CBA bendA=250000000 bendB=88000000 bendC=1000000 refA=3563000 refB=1695000 refC=65000 bend_chk=['558092656', '738757751', '3597603485'] ref_chk=['558092656', '738757751', '3597603485']
lru.resize medium count=80 reps=1 sample=2 order=ABC bendA=165000000 bendB=85000000 bendC=2000000 refA=3566000 refB=1766000 refC=42000 bend_chk=['558092656', '738757751', '3597603485'] ref_chk=['558092656', '738757751', '3597603485']
lru.resize medium count=80 reps=1 sample=3 order=CBA bendA=178000000 bendB=89000000 bendC=2000000 refA=3525000 refB=1783000 refC=65000 bend_chk=['558092656', '738757751', '3597603485'] ref_chk=['558092656', '738757751', '3597603485']
lru.resize medium count=80 reps=1 sample=4 order=ABC bendA=168000000 bendB=88000000 bendC=1000000 refA=3519000 refB=1740000 refC=42000 bend_chk=['558092656', '738757751', '3597603485'] ref_chk=['558092656', '738757751', '3597603485']
lru.resize medium count=80 reps=1 sample=5 order=CBA bendA=171000000 bendB=78000000 bendC=1000000 refA=3448000 refB=1772000 refC=66000 bend_chk=['558092656', '738757751', '3597603485'] ref_chk=['558092656', '738757751', '3597603485']
lru.resize large calibrate count=4 reps=1 bend_delta=333000000ns ref_delta=5735000ns bendA=968000000ns
lru.resize large count=4 reps=1 sample=0 order=ABC bendA=1023000000 bendB=580000000 bendC=152000000 refA=16704000 refB=17105000 refC=3048000 bend_chk=['4267403453', '4052690922', '4261804686'] ref_chk=['4267403453', '4052690922', '4261804686']
lru.keys small calibrate count=20000 reps=1 bend_delta=15000000ns ref_delta=1744000ns bendA=28000000ns
lru.keys small calibrate count=140000 reps=1 bend_delta=81000000ns ref_delta=7630000ns bendA=174000000ns
lru.keys small calibrate count=280000 reps=1 bend_delta=187000000ns ref_delta=25929000ns bendA=365000000ns
lru.keys small count=280000 reps=1 sample=0 order=ABC bendA=363000000 bendB=170000000 bendC=1000000 refA=49241000 refB=24184000 refC=1000 bend_chk=['1676846553', '3244801952', '164315507'] ref_chk=['1676846553', '3244801952', '164315507']
lru.keys small count=280000 reps=1 sample=1 order=CBA bendA=345000000 bendB=186000000 bendC=0 refA=55724000 refB=26044000 refC=5000 bend_chk=['1676846553', '3244801952', '164315507'] ref_chk=['1676846553', '3244801952', '164315507']
lru.keys small count=280000 reps=1 sample=2 order=ABC bendA=488000000 bendB=181000000 bendC=0 refA=65868000 refB=48745000 refC=1000 bend_chk=['1676846553', '3244801952', '164315507'] ref_chk=['1676846553', '3244801952', '164315507']
lru.keys small count=280000 reps=1 sample=3 order=CBA bendA=667000000 bendB=404000000 bendC=0 refA=102446000 refB=130575000 refC=10000 bend_chk=['1676846553', '3244801952', '164315507'] ref_chk=['1676846553', '3244801952', '164315507']
lru.keys medium calibrate count=500 reps=1 bend_delta=10000000ns ref_delta=5696000ns bendA=64000000ns
lru.keys medium calibrate count=5500 reps=1 bend_delta=301000000ns ref_delta=60882000ns bendA=536000000ns
lru.keys medium count=5500 reps=1 sample=0 order=ABC bendA=482000000 bendB=240000000 bendC=2000000 refA=131489000 refB=67977000 refC=52000 bend_chk=['1067484010', '2208004740', '1239673157'] ref_chk=['1067484010', '2208004740', '1239673157']
lru.keys medium count=5500 reps=1 sample=1 order=CBA bendA=573000000 bendB=273000000 bendC=1000000 refA=143326000 refB=64866000 refC=66000 bend_chk=['1067484010', '2208004740', '1239673157'] ref_chk=['1067484010', '2208004740', '1239673157']
lru.keys medium count=5500 reps=1 sample=2 order=ABC bendA=514000000 bendB=272000000 bendC=2000000 refA=123007000 refB=61782000 refC=51000 bend_chk=['1067484010', '2208004740', '1239673157'] ref_chk=['1067484010', '2208004740', '1239673157']
lru.keys medium count=5500 reps=1 sample=3 order=CBA bendA=503000000 bendB=244000000 bendC=2000000 refA=123447000 refB=71006000 refC=68000 bend_chk=['1067484010', '2208004740', '1239673157'] ref_chk=['1067484010', '2208004740', '1239673157']
lru.keys medium count=5500 reps=1 sample=4 order=ABC bendA=497000000 bendB=251000000 bendC=1000000 refA=124759000 refB=62532000 refC=61000 bend_chk=['1067484010', '2208004740', '1239673157'] ref_chk=['1067484010', '2208004740', '1239673157']
lru.keys medium count=5500 reps=1 sample=5 order=CBA bendA=569000000 bendB=253000000 bendC=1000000 refA=124825000 refB=61258000 refC=102000 bend_chk=['1067484010', '2208004740', '1239673157'] ref_chk=['1067484010', '2208004740', '1239673157']
lru.keys large calibrate count=40 reps=1 bend_delta=10000000ns ref_delta=3589000ns bendA=38000000ns
lru.keys large calibrate count=440 reps=1 bend_delta=205000000ns ref_delta=40675000ns bendA=390000000ns
lru.keys large count=440 reps=1 sample=0 order=ABC bendA=417000000 bendB=172000000 bendC=14000000 refA=99502000 refB=43415000 refC=393000 bend_chk=['3859526471', '1794764228', '1748755790'] ref_chk=['3859526471', '1794764228', '1748755790']
lru.keys large count=440 reps=1 sample=1 order=CBA bendA=374000000 bendB=178000000 bendC=15000000 refA=84516000 refB=43064000 refC=551000 bend_chk=['3859526471', '1794764228', '1748755790'] ref_chk=['3859526471', '1794764228', '1748755790']
lru.keys large count=440 reps=1 sample=2 order=ABC bendA=356000000 bendB=188000000 bendC=15000000 refA=82510000 refB=40135000 refC=371000 bend_chk=['3859526471', '1794764228', '1748755790'] ref_chk=['3859526471', '1794764228', '1748755790']
lru.keys large count=440 reps=1 sample=3 order=CBA bendA=383000000 bendB=179000000 bendC=16000000 refA=83095000 refB=40540000 refC=487000 bend_chk=['3859526471', '1794764228', '1748755790'] ref_chk=['3859526471', '1794764228', '1748755790']
lru.keys large count=440 reps=1 sample=4 order=ABC bendA=321000000 bendB=175000000 bendC=15000000 refA=83874000 refB=40035000 refC=367000 bend_chk=['3859526471', '1794764228', '1748755790'] ref_chk=['3859526471', '1794764228', '1748755790']
lru.keys large count=440 reps=1 sample=5 order=CBA bendA=409000000 bendB=203000000 bendC=14000000 refA=79250000 refB=41801000 refC=498000 bend_chk=['3859526471', '1794764228', '1748755790'] ref_chk=['3859526471', '1794764228', '1748755790']
lru.len small calibrate count=200000 reps=1 bend_delta=1000000ns ref_delta=587000ns bendA=1000000ns
lru.len small calibrate count=12800000 reps=1 bend_delta=12000000ns ref_delta=37728000ns bendA=26000000ns
lru.len small calibrate count=115200000 reps=1 bend_delta=117000000ns ref_delta=298744000ns bendA=234000000ns
lru.len small count=115200000 reps=1 sample=0 order=ABC bendA=243000000 bendB=121000000 bendC=0 refA=687587000 refB=336005000 refC=3000 bend_chk=['2598701783', '3040636228', '3553689068'] ref_chk=['2598701783', '3040636228', '3553689068']
lru.len small count=115200000 reps=1 sample=1 order=CBA bendA=246000000 bendB=117000000 bendC=0 refA=705594000 refB=365993000 refC=4000 bend_chk=['2598701783', '3040636228', '3553689068'] ref_chk=['2598701783', '3040636228', '3553689068']
lru.len small count=115200000 reps=1 sample=2 order=ABC bendA=239000000 bendB=122000000 bendC=0 refA=732343000 refB=337240000 refC=1000 bend_chk=['2598701783', '3040636228', '3553689068'] ref_chk=['2598701783', '3040636228', '3553689068']
lru.len small count=115200000 reps=1 sample=3 order=CBA bendA=237000000 bendB=121000000 bendC=0 refA=688560000 refB=338232000 refC=3000 bend_chk=['2598701783', '3040636228', '3553689068'] ref_chk=['2598701783', '3040636228', '3553689068']
lru.len small count=115200000 reps=1 sample=4 order=ABC bendA=233000000 bendB=116000000 bendC=0 refA=723539000 refB=377791000 refC=2000 bend_chk=['2598701783', '3040636228', '3553689068'] ref_chk=['2598701783', '3040636228', '3553689068']
lru.len small count=115200000 reps=1 sample=5 order=CBA bendA=256000000 bendB=128000000 bendC=0 refA=709367000 refB=352751000 refC=4000 bend_chk=['2598701783', '3040636228', '3553689068'] ref_chk=['2598701783', '3040636228', '3553689068']
lru.len medium calibrate count=200000 reps=1 bend_delta=1000000ns ref_delta=612000ns bendA=2000000ns
lru.len medium calibrate count=12800000 reps=1 bend_delta=12000000ns ref_delta=38798000ns bendA=27000000ns
lru.len medium calibrate count=115200000 reps=1 bend_delta=119000000ns ref_delta=357873000ns bendA=238000000ns
lru.len medium count=115200000 reps=1 sample=0 order=ABC bendA=234000000 bendB=122000000 bendC=2000000 refA=713090000 refB=362647000 refC=50000 bend_chk=['2804862061', '1321078639', '2493970639'] ref_chk=['2804862061', '1321078639', '2493970639']
lru.len medium count=115200000 reps=1 sample=1 order=CBA bendA=293000000 bendB=126000000 bendC=2000000 refA=824617000 refB=440760000 refC=136000 bend_chk=['2804862061', '1321078639', '2493970639'] ref_chk=['2804862061', '1321078639', '2493970639']
lru.len medium count=115200000 reps=1 sample=2 order=ABC bendA=269000000 bendB=129000000 bendC=1000000 refA=715357000 refB=348454000 refC=50000 bend_chk=['2804862061', '1321078639', '2493970639'] ref_chk=['2804862061', '1321078639', '2493970639']
lru.len medium count=115200000 reps=1 sample=3 order=CBA bendA=267000000 bendB=119000000 bendC=1000000 refA=863488000 refB=403208000 refC=66000 bend_chk=['2804862061', '1321078639', '2493970639'] ref_chk=['2804862061', '1321078639', '2493970639']
lru.len medium count=115200000 reps=1 sample=4 order=ABC bendA=299000000 bendB=147000000 bendC=2000000 refA=767205000 refB=372335000 refC=51000 bend_chk=['2804862061', '1321078639', '2493970639'] ref_chk=['2804862061', '1321078639', '2493970639']
lru.len medium count=115200000 reps=1 sample=5 order=CBA bendA=267000000 bendB=136000000 bendC=1000000 refA=778398000 refB=428607000 refC=82000 bend_chk=['2804862061', '1321078639', '2493970639'] ref_chk=['2804862061', '1321078639', '2493970639']
lru.len large calibrate count=200000 reps=1 bend_delta=-13000000ns ref_delta=1680000ns bendA=137000000ns
lru.len large calibrate count=12800000 reps=1 bend_delta=54000000ns ref_delta=35823000ns bendA=216000000ns
lru.len large calibrate count=25600000 reps=1 bend_delta=36000000ns ref_delta=80080000ns bendA=208000000ns
lru.len large calibrate count=76800000 reps=1 bend_delta=125000000ns ref_delta=263263000ns bendA=385000000ns
lru.len large count=76800000 reps=1 sample=0 order=ABC bendA=339000000 bendB=243000000 bendC=155000000 refA=501258000 refB=255507000 refC=6161000 bend_chk=['2676103443', '2474066232', '3600999552'] ref_chk=['2676103443', '2474066232', '3600999552']
lru.len large count=76800000 reps=1 sample=1 order=CBA bendA=336000000 bendB=226000000 bendC=139000000 refA=489958000 refB=254882000 refC=4341000 bend_chk=['2676103443', '2474066232', '3600999552'] ref_chk=['2676103443', '2474066232', '3600999552']
lru.len large count=76800000 reps=1 sample=2 order=ABC bendA=338000000 bendB=259000000 bendC=155000000 refA=537307000 refB=282112000 refC=4886000 bend_chk=['2676103443', '2474066232', '3600999552'] ref_chk=['2676103443', '2474066232', '3600999552']
lru.len large count=76800000 reps=1 sample=3 order=CBA bendA=383000000 bendB=263000000 bendC=144000000 refA=496912000 refB=262278000 refC=4643000 bend_chk=['2676103443', '2474066232', '3600999552'] ref_chk=['2676103443', '2474066232', '3600999552']
lru.len large count=76800000 reps=1 sample=4 order=ABC bendA=298000000 bendB=209000000 bendC=136000000 refA=462352000 refB=227337000 refC=2989000 bend_chk=['2676103443', '2474066232', '3600999552'] ref_chk=['2676103443', '2474066232', '3600999552']
lru.len large count=76800000 reps=1 sample=5 order=CBA bendA=303000000 bendB=206000000 bendC=124000000 refA=523814000 refB=240848000 refC=3892000 bend_chk=['2676103443', '2474066232', '3600999552'] ref_chk=['2676103443', '2474066232', '3600999552']
lru.new small calibrate count=200000 reps=1 bend_delta=5000000ns ref_delta=2523000ns bendA=9000000ns
lru.new small calibrate count=4200000 reps=1 bend_delta=91000000ns ref_delta=29100000ns bendA=183000000ns
lru.new small calibrate count=8400000 reps=1 bend_delta=207000000ns ref_delta=-27029000ns bendA=401000000ns
lru.new medium calibrate count=200000 reps=1 bend_delta=4000000ns ref_delta=2701000ns bendA=11000000ns
lru.new medium calibrate count=5200000 reps=1 bend_delta=126000000ns ref_delta=53146000ns bendA=235000000ns
lru.new medium count=5200000 reps=1 sample=0 order=ABC bendA=220000000 bendB=153000000 bendC=3000000 refA=228834000 refB=240049000 refC=60000 bend_chk=['2439567275', '3434993450', '2874332920'] ref_chk=['2439567275', '3434993450', '2874332920']
lru.new large calibrate count=50000 reps=1 bend_delta=0ns ref_delta=1660000ns bendA=153000000ns
lru.new large calibrate count=3200000 reps=1 bend_delta=99000000ns ref_delta=31164000ns bendA=345000000ns
lru.new large calibrate count=6400000 reps=1 bend_delta=146000000ns ref_delta=-148306000ns bendA=505000000ns
lru.capacity small calibrate count=200000 reps=1 bend_delta=1000000ns ref_delta=667000ns bendA=1000000ns
lru.capacity small calibrate count=12800000 reps=1 bend_delta=14000000ns ref_delta=40597000ns bendA=29000000ns
lru.capacity small calibrate count=102400000 reps=1 bend_delta=114000000ns ref_delta=306322000ns bendA=227000000ns
lru.capacity small count=102400000 reps=1 sample=0 order=ABC bendA=236000000 bendB=119000000 bendC=0 refA=699723000 refB=362700000 refC=2000 bend_chk=['3365824805', '2611927324', '1270926290'] ref_chk=['3365824805', '2611927324', '1270926290']
lru.capacity small count=102400000 reps=1 sample=1 order=CBA bendA=245000000 bendB=119000000 bendC=0 refA=768617000 refB=377181000 refC=7000 bend_chk=['3365824805', '2611927324', '1270926290'] ref_chk=['3365824805', '2611927324', '1270926290']
lru.capacity small count=102400000 reps=1 sample=2 order=ABC bendA=263000000 bendB=127000000 bendC=0 refA=721712000 refB=372907000 refC=2000 bend_chk=['3365824805', '2611927324', '1270926290'] ref_chk=['3365824805', '2611927324', '1270926290']
lru.capacity small count=102400000 reps=1 sample=3 order=CBA bendA=245000000 bendB=121000000 bendC=0 refA=702657000 refB=369701000 refC=6000 bend_chk=['3365824805', '2611927324', '1270926290'] ref_chk=['3365824805', '2611927324', '1270926290']
lru.capacity small count=102400000 reps=1 sample=4 order=ABC bendA=287000000 bendB=133000000 bendC=0 refA=708996000 refB=374111000 refC=3000 bend_chk=['3365824805', '2611927324', '1270926290'] ref_chk=['3365824805', '2611927324', '1270926290']
lru.capacity small count=102400000 reps=1 sample=5 order=CBA bendA=252000000 bendB=126000000 bendC=0 refA=650793000 refB=339701000 refC=5000 bend_chk=['3365824805', '2611927324', '1270926290'] ref_chk=['3365824805', '2611927324', '1270926290']
lru.capacity medium calibrate count=200000 reps=1 bend_delta=0ns ref_delta=657000ns bendA=2000000ns
lru.capacity medium calibrate count=12800000 reps=1 bend_delta=13000000ns ref_delta=39270000ns bendA=29000000ns
lru.capacity medium calibrate count=102400000 reps=1 bend_delta=106000000ns ref_delta=306175000ns bendA=218000000ns
lru.capacity medium count=102400000 reps=1 sample=0 order=ABC bendA=210000000 bendB=105000000 bendC=1000000 refA=593058000 refB=297230000 refC=45000 bend_chk=['882092080', '2053622103', '1329378749'] ref_chk=['882092080', '2053622103', '1329378749']
lru.capacity medium count=102400000 reps=1 sample=1 order=CBA bendA=208000000 bendB=106000000 bendC=1000000 refA=605784000 refB=296505000 refC=60000 bend_chk=['882092080', '2053622103', '1329378749'] ref_chk=['882092080', '2053622103', '1329378749']
lru.capacity medium count=102400000 reps=1 sample=2 order=ABC bendA=209000000 bendB=105000000 bendC=1000000 refA=592523000 refB=297837000 refC=68000 bend_chk=['882092080', '2053622103', '1329378749'] ref_chk=['882092080', '2053622103', '1329378749']
lru.capacity medium count=102400000 reps=1 sample=3 order=CBA bendA=207000000 bendB=105000000 bendC=2000000 refA=594718000 refB=296454000 refC=63000 bend_chk=['882092080', '2053622103', '1329378749'] ref_chk=['882092080', '2053622103', '1329378749']
lru.capacity medium count=102400000 reps=1 sample=4 order=ABC bendA=208000000 bendB=104000000 bendC=2000000 refA=593915000 refB=296738000 refC=46000 bend_chk=['882092080', '2053622103', '1329378749'] ref_chk=['882092080', '2053622103', '1329378749']
lru.capacity medium count=102400000 reps=1 sample=5 order=CBA bendA=207000000 bendB=105000000 bendC=1000000 refA=621022000 refB=296532000 refC=81000 bend_chk=['882092080', '2053622103', '1329378749'] ref_chk=['882092080', '2053622103', '1329378749']
lru.capacity large calibrate count=200000 reps=1 bend_delta=2000000ns ref_delta=1469000ns bendA=133000000ns
lru.capacity large calibrate count=10200000 reps=1 bend_delta=65000000ns ref_delta=41776000ns bendA=218000000ns
lru.capacity large calibrate count=20400000 reps=1 bend_delta=22000000ns ref_delta=97931000ns bendA=247000000ns
lru.capacity large calibrate count=102000000 reps=1 bend_delta=156000000ns ref_delta=346952000ns bendA=462000000ns
lru.capacity large count=102000000 reps=1 sample=0 order=ABC bendA=403000000 bendB=267000000 bendC=194000000 refA=1169105000 refB=473399000 refC=6068000 bend_chk=['3351579795', '61869287', '505463282'] ref_chk=['3351579795', '61869287', '505463282']
lru.capacity large count=102000000 reps=1 sample=1 order=CBA bendA=574000000 bendB=341000000 bendC=232000000 refA=793365000 refB=450551000 refC=16855000 bend_chk=['3351579795', '61869287', '505463282'] ref_chk=['3351579795', '61869287', '505463282']
lru.capacity large count=102000000 reps=1 sample=2 order=ABC bendA=454000000 bendB=312000000 bendC=237000000 refA=801620000 refB=504873000 refC=11485000 bend_chk=['3351579795', '61869287', '505463282'] ref_chk=['3351579795', '61869287', '505463282']
lru.capacity large count=102000000 reps=1 sample=3 order=CBA bendA=513000000 bendB=438000000 bendC=312000000 refA=1165991000 refB=605445000 refC=5589000 bend_chk=['3351579795', '61869287', '505463282'] ref_chk=['3351579795', '61869287', '505463282']
lru.capacity large count=102000000 reps=1 sample=4 order=ABC bendA=622000000 bendB=472000000 bendC=317000000 refA=913072000 refB=404782000 refC=4875000 bend_chk=['3351579795', '61869287', '505463282'] ref_chk=['3351579795', '61869287', '505463282']
lru.capacity large count=102000000 reps=1 sample=5 order=CBA bendA=559000000 bendB=404000000 bendC=201000000 refA=1013511000 refB=426110000 refC=5885000 bend_chk=['3351579795', '61869287', '505463282'] ref_chk=['3351579795', '61869287', '505463282']
lru.set_lifetime small calibrate count=200000 reps=1 bend_delta=507000000ns ref_delta=1819000ns bendA=927000000ns
lru.set_lifetime small count=200000 reps=1 sample=0 order=ABC bendA=773000000 bendB=427000000 bendC=0 refA=3986000 refB=2658000 refC=2000 bend_chk=['3455171073', '3438867238', '1993215165'] ref_chk=['3455171073', '3438867238', '1993215165']
lru.set_lifetime small count=200000 reps=1 sample=1 order=CBA bendA=710000000 bendB=389000000 bendC=0 refA=3167000 refB=1592000 refC=4000 bend_chk=['3455171073', '3438867238', '1993215165'] ref_chk=['3455171073', '3438867238', '1993215165']
lru.set_lifetime small count=200000 reps=1 sample=2 order=ABC bendA=751000000 bendB=421000000 bendC=0 refA=3986000 refB=1991000 refC=2000 bend_chk=['3455171073', '3438867238', '1993215165'] ref_chk=['3455171073', '3438867238', '1993215165']
lru.set_lifetime small count=200000 reps=1 sample=3 order=CBA bendA=758000000 bendB=385000000 bendC=0 refA=3632000 refB=1818000 refC=5000 bend_chk=['3455171073', '3438867238', '1993215165'] ref_chk=['3455171073', '3438867238', '1993215165']
lru.set_lifetime small count=200000 reps=1 sample=4 order=ABC bendA=685000000 bendB=368000000 bendC=0 refA=3690000 refB=1817000 refC=1000 bend_chk=['3455171073', '3438867238', '1993215165'] ref_chk=['3455171073', '3438867238', '1993215165']
lru.set_lifetime small count=200000 reps=1 sample=5 order=CBA bendA=737000000 bendB=361000000 bendC=0 refA=3694000 refB=1817000 refC=6000 bend_chk=['3455171073', '3438867238', '1993215165'] ref_chk=['3455171073', '3438867238', '1993215165']
lru.set_lifetime medium calibrate count=200000 reps=1 bend_delta=354000000ns ref_delta=1843000ns bendA=722000000ns
lru.set_lifetime medium count=200000 reps=1 sample=0 order=ABC bendA=733000000 bendB=337000000 bendC=2000000 refA=3635000 refB=1636000 refC=53000 bend_chk=['2725960448', '2783577477', '2974079651'] ref_chk=['2725960448', '2783577477', '2974079651']
lru.set_lifetime medium count=200000 reps=1 sample=1 order=CBA bendA=746000000 bendB=378000000 bendC=1000000 refA=3421000 refB=1736000 refC=76000 bend_chk=['2725960448', '2783577477', '2974079651'] ref_chk=['2725960448', '2783577477', '2974079651']
lru.set_lifetime medium count=200000 reps=1 sample=2 order=ABC bendA=749000000 bendB=358000000 bendC=1000000 refA=3448000 refB=1746000 refC=55000 bend_chk=['2725960448', '2783577477', '2974079651'] ref_chk=['2725960448', '2783577477', '2974079651']
lru.set_lifetime medium count=200000 reps=1 sample=3 order=CBA bendA=813000000 bendB=399000000 bendC=2000000 refA=3691000 refB=1883000 refC=84000 bend_chk=['2725960448', '2783577477', '2974079651'] ref_chk=['2725960448', '2783577477', '2974079651']
lru.set_lifetime medium count=200000 reps=1 sample=4 order=ABC bendA=642000000 bendB=324000000 bendC=1000000 refA=3230000 refB=1632000 refC=52000 bend_chk=['2725960448', '2783577477', '2974079651'] ref_chk=['2725960448', '2783577477', '2974079651']
lru.set_lifetime medium count=200000 reps=1 sample=5 order=CBA bendA=598000000 bendB=310000000 bendC=2000000 refA=2922000 refB=1486000 refC=68000 bend_chk=['2725960448', '2783577477', '2974079651'] ref_chk=['2725960448', '2783577477', '2974079651']
lru.set_lifetime large calibrate count=200000 reps=1 bend_delta=327000000ns ref_delta=2449000ns bendA=786000000ns
lru.set_lifetime large count=200000 reps=1 sample=0 order=ABC bendA=776000000 bendB=460000000 bendC=143000000 refA=7337000 refB=4972000 refC=3360000 bend_chk=['3569698043', '2566534124', '1080427673'] ref_chk=['3569698043', '2566534124', '1080427673']
lru.set_lifetime large count=200000 reps=1 sample=1 order=CBA bendA=793000000 bendB=455000000 bendC=142000000 refA=6445000 refB=5022000 refC=4309000 bend_chk=['3569698043', '2566534124', '1080427673'] ref_chk=['3569698043', '2566534124', '1080427673']
lru.set_lifetime large count=200000 reps=1 sample=2 order=ABC bendA=769000000 bendB=472000000 bendC=180000000 refA=8909000 refB=6203000 refC=4188000 bend_chk=['3569698043', '2566534124', '1080427673'] ref_chk=['3569698043', '2566534124', '1080427673']
lru.set_lifetime large count=200000 reps=1 sample=3 order=CBA bendA=991000000 bendB=607000000 bendC=183000000 refA=8523000 refB=6113000 refC=6638000 bend_chk=['3569698043', '2566534124', '1080427673'] ref_chk=['3569698043', '2566534124', '1080427673']
lru.set_lifetime large count=200000 reps=1 sample=4 order=ABC bendA=952000000 bendB=575000000 bendC=162000000 refA=8242000 refB=5507000 refC=3771000 bend_chk=['3569698043', '2566534124', '1080427673'] ref_chk=['3569698043', '2566534124', '1080427673']
lru.set_lifetime large count=200000 reps=1 sample=5 order=CBA bendA=896000000 bendB=524000000 bendC=147000000 refA=7867000 refB=7106000 refC=5745000 bend_chk=['3569698043', '2566534124', '1080427673'] ref_chk=['3569698043', '2566534124', '1080427673']
lru.metrics small calibrate count=50000 reps=1 bend_delta=1086000000ns ref_delta=607000ns bendA=2032000000ns
lru.metrics small count=50000 reps=1 sample=0 order=ABC bendA=1919000000 bendB=911000000 bendC=0 refA=1030000 refB=509000 refC=2000 bend_chk=['2407918652', '3767898998', '1418646263'] ref_chk=['2407918652', '3767898998', '1418646263']
lru.metrics small count=50000 reps=1 sample=1 order=CBA bendA=1832000000 bendB=1000000000 bendC=0 refA=931000 refB=467000 refC=5000 bend_chk=['2407918652', '3767898998', '1418646263'] ref_chk=['2407918652', '3767898998', '1418646263']
lru.metrics small count=50000 reps=1 sample=2 order=ABC bendA=1572000000 bendB=929000000 bendC=0 refA=1022000 refB=509000 refC=1000 bend_chk=['2407918652', '3767898998', '1418646263'] ref_chk=['2407918652', '3767898998', '1418646263']
lru.metrics small count=50000 reps=1 sample=3 order=CBA bendA=1818000000 bendB=952000000 bendC=0 refA=809000 refB=404000 refC=13000 bend_chk=['2407918652', '3767898998', '1418646263'] ref_chk=['2407918652', '3767898998', '1418646263']
lru.metrics small count=50000 reps=1 sample=4 order=ABC bendA=1545000000 bendB=782000000 bendC=0 refA=773000 refB=387000 refC=1000 bend_chk=['2407918652', '3767898998', '1418646263'] ref_chk=['2407918652', '3767898998', '1418646263']
lru.metrics small count=50000 reps=1 sample=5 order=CBA bendA=1511000000 bendB=774000000 bendC=0 refA=734000 refB=368000 refC=4000 bend_chk=['2407918652', '3767898998', '1418646263'] ref_chk=['2407918652', '3767898998', '1418646263']
lru.metrics medium calibrate count=50000 reps=1 bend_delta=751000000ns ref_delta=389000ns bendA=1493000000ns
lru.metrics medium count=50000 reps=1 sample=0 order=ABC bendA=1491000000 bendB=742000000 bendC=1000000 refA=800000 refB=414000 refC=47000 bend_chk=['436219329', '2780255254', '3533835309'] ref_chk=['436219329', '2780255254', '3533835309']
lru.metrics medium count=50000 reps=1 sample=1 order=CBA bendA=1470000000 bendB=751000000 bendC=2000000 refA=753000 refB=399000 refC=67000 bend_chk=['436219329', '2780255254', '3533835309'] ref_chk=['436219329', '2780255254', '3533835309']
lru.metrics medium count=50000 reps=1 sample=2 order=ABC bendA=1414000000 bendB=699000000 bendC=2000000 refA=751000 refB=388000 refC=43000 bend_chk=['436219329', '2780255254', '3533835309'] ref_chk=['436219329', '2780255254', '3533835309']
lru.metrics medium count=50000 reps=1 sample=3 order=CBA bendA=1429000000 bendB=715000000 bendC=2000000 refA=753000 refB=399000 refC=67000 bend_chk=['436219329', '2780255254', '3533835309'] ref_chk=['436219329', '2780255254', '3533835309']
lru.metrics medium count=50000 reps=1 sample=4 order=ABC bendA=1477000000 bendB=779000000 bendC=1000000 refA=842000 refB=434000 refC=49000 bend_chk=['436219329', '2780255254', '3533835309'] ref_chk=['436219329', '2780255254', '3533835309']
lru.metrics medium count=50000 reps=1 sample=5 order=CBA bendA=1512000000 bendB=774000000 bendC=2000000 refA=780000 refB=415000 refC=70000 bend_chk=['436219329', '2780255254', '3533835309'] ref_chk=['436219329', '2780255254', '3533835309']
lru.metrics large calibrate count=50000 reps=1 bend_delta=733000000ns ref_delta=1287000ns bendA=1621000000ns
lru.metrics large count=50000 reps=1 sample=0 order=ABC bendA=1610000000 bendB=887000000 bendC=135000000 refA=4659000 refB=3546000 refC=3180000 bend_chk=['2900456239', '3162190076', '168663297'] ref_chk=['2900456239', '3162190076', '168663297']
lru.metrics large count=50000 reps=1 sample=1 order=CBA bendA=1587000000 bendB=859000000 bendC=125000000 refA=3736000 refB=3449000 refC=3877000 bend_chk=['2900456239', '3162190076', '168663297'] ref_chk=['2900456239', '3162190076', '168663297']
lru.metrics large count=50000 reps=1 sample=2 order=ABC bendA=1547000000 bendB=863000000 bendC=136000000 refA=4829000 refB=3661000 refC=3266000 bend_chk=['2900456239', '3162190076', '168663297'] ref_chk=['2900456239', '3162190076', '168663297']
lru.metrics large count=50000 reps=1 sample=3 order=CBA bendA=1680000000 bendB=904000000 bendC=131000000 refA=4016000 refB=3690000 refC=4135000 bend_chk=['2900456239', '3162190076', '168663297'] ref_chk=['2900456239', '3162190076', '168663297']
lru.metrics large count=50000 reps=1 sample=4 order=ABC bendA=1653000000 bendB=892000000 bendC=135000000 refA=4825000 refB=3720000 refC=3261000 bend_chk=['2900456239', '3162190076', '168663297'] ref_chk=['2900456239', '3162190076', '168663297']
lru.metrics large count=50000 reps=1 sample=5 order=CBA bendA=1645000000 bendB=888000000 bendC=129000000 refA=3982000 refB=3737000 refC=4217000 bend_chk=['2900456239', '3162190076', '168663297'] ref_chk=['2900456239', '3162190076', '168663297']
lru.expiry small calibrate count=50000 reps=1 bend_delta=295000000ns ref_delta=521000ns bendA=586000000ns
lru.expiry small count=50000 reps=1 sample=0 order=ABC bendA=584000000 bendB=292000000 bendC=0 refA=1006000 refB=510000 refC=2000 bend_chk=['3553988323', '3218938275', '648246666'] ref_chk=['3553988323', '3218938275', '648246666']
lru.expiry small count=50000 reps=1 sample=1 order=CBA bendA=559000000 bendB=278000000 bendC=1000000 refA=976000 refB=491000 refC=6000 bend_chk=['3553988323', '3218938275', '648246666'] ref_chk=['3553988323', '3218938275', '648246666']
lru.expiry small count=50000 reps=1 sample=2 order=ABC bendA=562000000 bendB=276000000 bendC=0 refA=952000 refB=473000 refC=1000 bend_chk=['3553988323', '3218938275', '648246666'] ref_chk=['3553988323', '3218938275', '648246666']
lru.expiry small count=50000 reps=1 sample=3 order=CBA bendA=565000000 bendB=276000000 bendC=0 refA=975000 refB=428000 refC=4000 bend_chk=['3553988323', '3218938275', '648246666'] ref_chk=['3553988323', '3218938275', '648246666']
lru.expiry small count=50000 reps=1 sample=4 order=ABC bendA=543000000 bendB=281000000 bendC=0 refA=842000 refB=440000 refC=1000 bend_chk=['3553988323', '3218938275', '648246666'] ref_chk=['3553988323', '3218938275', '648246666']
lru.expiry small count=50000 reps=1 sample=5 order=CBA bendA=567000000 bendB=285000000 bendC=0 refA=841000 refB=412000 refC=5000 bend_chk=['3553988323', '3218938275', '648246666'] ref_chk=['3553988323', '3218938275', '648246666']
lru.expiry medium calibrate count=50000 reps=1 bend_delta=287000000ns ref_delta=509000ns bendA=582000000ns
lru.expiry medium count=50000 reps=1 sample=0 order=ABC bendA=584000000 bendB=305000000 bendC=1000000 refA=1109000 refB=617000 refC=45000 bend_chk=['2032653282', '3645847522', '930956150'] ref_chk=['2032653282', '3645847522', '930956150']
lru.expiry medium count=50000 reps=1 sample=1 order=CBA bendA=606000000 bendB=312000000 bendC=2000000 refA=1446000 refB=737000 refC=74000 bend_chk=['2032653282', '3645847522', '930956150'] ref_chk=['2032653282', '3645847522', '930956150']
lru.expiry medium count=50000 reps=1 sample=2 order=ABC bendA=633000000 bendB=328000000 bendC=1000000 refA=1124000 refB=605000 refC=48000 bend_chk=['2032653282', '3645847522', '930956150'] ref_chk=['2032653282', '3645847522', '930956150']
lru.expiry medium count=50000 reps=1 sample=3 order=CBA bendA=624000000 bendB=328000000 bendC=2000000 refA=1012000 refB=596000 refC=72000 bend_chk=['2032653282', '3645847522', '930956150'] ref_chk=['2032653282', '3645847522', '930956150']
lru.expiry medium count=50000 reps=1 sample=4 order=ABC bendA=620000000 bendB=316000000 bendC=1000000 refA=1119000 refB=605000 refC=48000 bend_chk=['2032653282', '3645847522', '930956150'] ref_chk=['2032653282', '3645847522', '930956150']
lru.expiry medium count=50000 reps=1 sample=5 order=CBA bendA=625000000 bendB=322000000 bendC=2000000 refA=1042000 refB=599000 refC=66000 bend_chk=['2032653282', '3645847522', '930956150'] ref_chk=['2032653282', '3645847522', '930956150']
lru.expiry large calibrate count=20000 reps=1 bend_delta=143000000ns ref_delta=1739000ns bendA=464000000ns
lru.expiry large count=20000 reps=1 sample=0 order=ABC bendA=454000000 bendB=323000000 bendC=160000000 refA=6135000 refB=4252000 refC=3390000 bend_chk=['1012051134', '690935240', '3950116427'] ref_chk=['1012051134', '690935240', '3950116427']
lru.expiry large count=20000 reps=1 sample=1 order=CBA bendA=494000000 bendB=303000000 bendC=136000000 refA=4667000 refB=4286000 refC=4302000 bend_chk=['1012051134', '690935240', '3950116427'] ref_chk=['1012051134', '690935240', '3950116427']
lru.expiry large count=20000 reps=1 sample=2 order=ABC bendA=447000000 bendB=296000000 bendC=152000000 refA=5503000 refB=3894000 refC=3118000 bend_chk=['1012051134', '690935240', '3950116427'] ref_chk=['1012051134', '690935240', '3950116427']
lru.expiry large count=20000 reps=1 sample=3 order=CBA bendA=452000000 bendB=290000000 bendC=126000000 refA=4378000 refB=3823000 refC=3873000 bend_chk=['1012051134', '690935240', '3950116427'] ref_chk=['1012051134', '690935240', '3950116427']
lru.expiry large count=20000 reps=1 sample=4 order=ABC bendA=432000000 bendB=302000000 bendC=150000000 refA=5491000 refB=3819000 refC=3135000 bend_chk=['1012051134', '690935240', '3950116427'] ref_chk=['1012051134', '690935240', '3950116427']
lru.expiry large count=20000 reps=1 sample=5 order=CBA bendA=464000000 bendB=280000000 bendC=125000000 refA=4451000 refB=3966000 refC=4057000 bend_chk=['1012051134', '690935240', '3950116427'] ref_chk=['1012051134', '690935240', '3950116427']
lru.remove_seq small calibrate count=32 reps=1 bend_delta=0ns ref_delta=2000ns bendA=0ns
lru.remove_seq small calibrate count=32 reps=64 bend_delta=1000000ns ref_delta=6000ns bendA=3000000ns
lru.remove_seq small calibrate count=32 reps=4096 bend_delta=-3000000ns ref_delta=472000ns bendA=141000000ns
lru.remove_seq small calibrate count=32 reps=262144 bend_delta=921000000ns ref_delta=31526000ns bendA=9942000000ns
lru.remove_seq medium calibrate count=2048 reps=1 bend_delta=1000000ns ref_delta=41000ns bendA=3000000ns
lru.remove_seq medium calibrate count=2048 reps=64 bend_delta=31000000ns ref_delta=1408000ns bendA=164000000ns
lru.remove_seq medium calibrate count=2048 reps=256 bend_delta=278000000ns ref_delta=3996000ns bendA=833000000ns
lru.remove_seq medium count=2048 reps=256 sample=0 order=ABC bendA=586000000 bendB=553000000 bendC=451000000 refA=19888000 refB=15984000 refC=12047000 bend_chk=['1830113408', '3919747347', '691793556'] ref_chk=['1830113408', '3919747347', '691793556']
lru.remove_seq large calibrate count=131072 reps=1 bend_delta=24000000ns ref_delta=2852000ns bendA=191000000ns
lru.remove_seq large calibrate count=131072 reps=5 bend_delta=322000000ns ref_delta=11898000ns bendA=1595000000ns
lru.remove_seq large count=131072 reps=5 sample=0 order=ABC bendA=1108000000 bendB=1225000000 bendC=1005000000 refA=35403000 refB=24190000 refC=15140000 bend_chk=['3816016348', '2195865236', '4115862467'] ref_chk=['3816016348', '2195865236', '4115862467']
lru.purge_isolated small calibrate count=200 reps=1 bend_delta=0ns ref_delta=107000ns bendA=6000000ns
lru.purge_isolated small calibrate count=200 reps=64 bend_delta=3000000ns ref_delta=749000ns bendA=375000000ns
lru.purge_isolated medium calibrate count=20 reps=1 bend_delta=0ns ref_delta=204000ns bendA=15000000ns
lru.purge_isolated medium calibrate count=1024 reps=1 bend_delta=11000000ns ref_delta=-1392000ns bendA=711000000ns
lru.purge_isolated large calibrate count=8 reps=1 bend_delta=2000000ns ref_delta=305000ns bendA=28000000ns
lru.purge_isolated large calibrate count=408 reps=1 bend_delta=27000000ns ref_delta=-2882000ns bendA=1306000000ns
lru.resize_isolated small calibrate count=200 reps=1 bend_delta=1000000ns ref_delta=98000ns bendA=7000000ns
lru.resize_isolated small calibrate count=200 reps=64 bend_delta=26000000ns ref_delta=1228000ns bendA=409000000ns
lru.resize_isolated small calibrate count=200 reps=256 bend_delta=-4000000ns ref_delta=5155000ns bendA=1689000000ns
lru.resize_isolated medium calibrate count=20 reps=1 bend_delta=2000000ns ref_delta=178000ns bendA=15000000ns
lru.resize_isolated medium calibrate count=1020 reps=1 bend_delta=27000000ns ref_delta=2523000ns bendA=737000000ns
lru.resize_isolated medium calibrate count=1024 reps=1 bend_delta=43000000ns ref_delta=10065000ns bendA=765000000ns
lru.resize_isolated medium calibrate count=1024 reps=3 bend_delta=74000000ns ref_delta=6548000ns bendA=2241000000ns
lru.resize_isolated medium calibrate count=1024 reps=6 bend_delta=221000000ns ref_delta=25320000ns bendA=4532000000ns
lru.resize_isolated large calibrate count=8 reps=1 bend_delta=2000000ns ref_delta=315000ns bendA=28000000ns
lru.resize_isolated large calibrate count=408 reps=1 bend_delta=64000000ns ref_delta=989000ns bendA=1284000000ns
lru.resize_isolated large calibrate count=816 reps=1 bend_delta=244000000ns ref_delta=39637000ns bendA=3090000000ns
lru.resize_isolated large count=816 reps=1 sample=0 order=ABC bendA=2872000000 bendB=2551000000 bendC=2426000000 refA=96899000 refB=77302000 refC=58930000 bend_chk=['4206898078', '2983159874', '3760714671'] ref_chk=['4206898078', '2983159874', '3760714671']
lru.resize_isolated large count=816 reps=1 sample=1 order=CBA bendA=2746000000 bendB=2631000000 bendC=2499000000 refA=82214000 refB=76609000 refC=82382000 bend_chk=['4206898078', '2983159874', '3760714671'] ref_chk=['4206898078', '2983159874', '3760714671']
