Error:
- expected : {../../src/lru/fast.F{cap, n, fresh, size, depth, ../../src/lru/fast.stamp_zero(../../src/lru/fast.int_stamp(ns)), ../../src/lru/fast.int_stamp(ns), counts, table, kys, ents, ch} == ../../src/lru/fast.F{cap, n, fresh, size, depth, Bool.not(../../src/lru/time.is_zero(ns)), ../../src/lru/fast.int_stamp(ns), counts, table, kys, ents, ch} : ../../src/lru/fast.Fast<U32>}
- observed : {../../src/lru/fast.F{cap, n, fresh, size, depth, Bool.not(../../src/lru/fast.stamp_zero(../../src/lru/fast.int_stamp(ns))), ../../src/lru/fast.int_stamp(ns), counts, table, kys, ents, ch} == ../../src/lru/fast.F{cap, n, fresh, size, depth, Bool.not(../../src/lru/time.is_zero(ns)), ../../src/lru/fast.int_stamp(ns), counts, table, kys, ents, ch} : ../../src/lru/fast.Fast<U32>}
Context:
- V      : Data
- cap    : U32
- n      : U32
- fresh  : U32
- size   : U32
- depth  : Nat
- ttl    : Bool
- life   : ../../src/lru/fast.Stamp
- counts : Array<U32>
- table  : Map<&2, Maybe<&2, U32>>
- kys    : Array<String>
- ents   : Array<../../src/lru/fast.Slot<U32>>
- ch     : ../../src/lru/fast.Chain
- ns     : ../../types/lru_model.Int64
Location: lifetime_ok~0
50 |     case F.F{cap,n,fresh,size,depth,ttl,life,counts,table,kys,ents,ch}:
51>|       Equal.cong(Bool, F.Fast<V>, x => F.F{cap,n,fresh,size,depth,Bool.not(x),F.int_stamp(ns),counts,table,kys,ents,ch}, F.stamp_zero(F.int_stamp(ns)), Time.is_zero(ns), zero_int(ns))
52 |
bend 2.0.25 is available: run bend update
