lru.add medium calibrate count=50000 reps=1 bend_delta=23000000ns ref_delta=783000ns bendA=48000000ns
lru.add medium calibrate count=250000 reps=1 bend_delta=101000000ns ref_delta=3867000ns bendA=212000000ns
lru.add medium count=250000 reps=1 sample=0 order=ABC bendA=225000000 bendB=117000000 bendC=2000000 refA=7352000 refB=4281000 refC=73000 bend_chk=['1754798399', '1935807060', '937540818'] ref_chk=['1754798399', '1935807060', '937540818']
lru.add medium count=250000 reps=1 sample=1 order=CBA bendA=214000000 bendB=118000000 bendC=2000000 refA=7845000 refB=3945000 refC=95000 bend_chk=['1754798399', '1935807060', '937540818'] ref_chk=['1754798399', '1935807060', '937540818']
lru.add medium count=250000 reps=1 sample=2 order=ABC bendA=218000000 bendB=124000000 bendC=2000000 refA=8692000 refB=4130000 refC=86000 bend_chk=['1754798399', '1935807060', '937540818'] ref_chk=['1754798399', '1935807060', '937540818']
lru.add medium count=250000 reps=1 sample=3 order=CBA bendA=218000000 bendB=118000000 bendC=2000000 refA=7671000 refB=3863000 refC=92000 bend_chk=['1754798399', '1935807060', '937540818'] ref_chk=['1754798399', '1935807060', '937540818']
lru.add medium count=250000 reps=1 sample=4 order=ABC bendA=219000000 bendB=112000000 bendC=3000000 refA=8494000 refB=4293000 refC=74000 bend_chk=['1754798399', '1935807060', '937540818'] ref_chk=['1754798399', '1935807060', '937540818']
lru.add medium count=250000 reps=1 sample=5 order=CBA bendA=219000000 bendB=119000000 bendC=2000000 refA=7851000 refB=3939000 refC=93000 bend_chk=['1754798399', '1935807060', '937540818'] ref_chk=['1754798399', '1935807060', '937540818']
lru.add medium calibrate count=50000 reps=1 bend_delta=19000000ns ref_delta=682000ns bendA=44000000ns
lru.add medium calibrate count=300000 reps=1 bend_delta=156000000ns ref_delta=5291000ns bendA=293000000ns
lru.add medium count=300000 reps=1 sample=0 order=ABC bendA=242000000 bendB=137000000 bendC=3000000 refA=10154000 refB=5096000 refC=72000 bend_chk=['2884445960', '3418980641', '937540818'] ref_chk=['2884445960', '3418980641', '937540818']
lru.add medium count=300000 reps=1 sample=1 order=CBA bendA=279000000 bendB=144000000 bendC=2000000 refA=9155000 refB=4605000 refC=90000 bend_chk=['2884445960', '3418980641', '937540818'] ref_chk=['2884445960', '3418980641', '937540818']
lru.add medium count=300000 reps=1 sample=2 order=ABC bendA=251000000 bendB=140000000 bendC=2000000 refA=10205000 refB=5108000 refC=73000 bend_chk=['2884445960', '3418980641', '937540818'] ref_chk=['2884445960', '3418980641', '937540818']
lru.add medium count=300000 reps=1 sample=3 order=CBA bendA=265000000 bendB=172000000 bendC=3000000 refA=9138000 refB=4621000 refC=88000 bend_chk=['2884445960', '3418980641', '937540818'] ref_chk=['2884445960', '3418980641', '937540818']
lru.add medium count=300000 reps=1 sample=4 order=ABC bendA=245000000 bendB=140000000 bendC=3000000 refA=10224000 refB=5149000 refC=71000 bend_chk=['2884445960', '3418980641', '937540818'] ref_chk=['2884445960', '3418980641', '937540818']
lru.add medium count=300000 reps=1 sample=5 order=CBA bendA=278000000 bendB=144000000 bendC=3000000 refA=9565000 refB=5114000 refC=101000 bend_chk=['2884445960', '3418980641', '937540818'] ref_chk=['2884445960', '3418980641', '937540818']
lru.add medium calibrate count=50000 reps=1 bend_delta=21000000ns ref_delta=774000ns bendA=43000000ns
lru.add medium calibrate count=250000 reps=1 bend_delta=142000000ns ref_delta=4202000ns bendA=252000000ns
lru.add medium count=250000 reps=1 sample=0 order=ABC bendA=235000000 bendB=118000000 bendC=2000000 refA=9419000 refB=4225000 refC=72000 bend_chk=['1754798399', '1935807060', '937540818'] ref_chk=['1754798399', '1935807060', '937540818']
lru.add medium count=250000 reps=1 sample=1 order=CBA bendA=232000000 bendB=114000000 bendC=3000000 refA=7897000 refB=3602000 refC=118000 bend_chk=['1754798399', '1935807060', '937540818'] ref_chk=['1754798399', '1935807060', '937540818']
lru.add medium count=250000 reps=1 sample=2 order=ABC bendA=247000000 bendB=119000000 bendC=3000000 refA=8510000 refB=4301000 refC=70000 bend_chk=['1754798399', '1935807060', '937540818'] ref_chk=['1754798399', '1935807060', '937540818']
lru.add medium count=250000 reps=1 sample=3 order=CBA bendA=215000000 bendB=108000000 bendC=3000000 refA=8691000 refB=4409000 refC=101000 bend_chk=['1754798399', '1935807060', '937540818'] ref_chk=['1754798399', '1935807060', '937540818']
lru.add medium count=250000 reps=1 sample=4 order=ABC bendA=234000000 bendB=117000000 bendC=2000000 refA=8752000 refB=4399000 refC=72000 bend_chk=['1754798399', '1935807060', '937540818'] ref_chk=['1754798399', '1935807060', '937540818']
lru.add medium count=250000 reps=1 sample=5 order=CBA bendA=229000000 bendB=114000000 bendC=2000000 refA=8692000 refB=4404000 refC=104000 bend_chk=['1754798399', '1935807060', '937540818'] ref_chk=['1754798399', '1935807060', '937540818']
lru.add medium calibrate count=50000 reps=1 bend_delta=25000000ns ref_delta=873000ns bendA=50000000ns
lru.add medium calibrate count=250000 reps=1 bend_delta=112000000ns ref_delta=4400000ns bendA=232000000ns
lru.add medium count=250000 reps=1 sample=0 order=ABC bendA=204000000 bendB=115000000 bendC=2000000 refA=6552000 refB=3987000 refC=76000 bend_chk=['1754798399', '1935807060', '937540818'] ref_chk=['1754798399', '1935807060', '937540818']
lru.add medium count=250000 reps=1 sample=1 order=CBA bendA=232000000 bendB=117000000 bendC=2000000 refA=8614000 refB=4363000 refC=101000 bend_chk=['1754798399', '1935807060', '937540818'] ref_chk=['1754798399', '1935807060', '937540818']
lru.add medium count=250000 reps=1 sample=2 order=ABC bendA=208000000 bendB=117000000 bendC=3000000 refA=6173000 refB=3659000 refC=79000 bend_chk=['1754798399', '1935807060', '937540818'] ref_chk=['1754798399', '1935807060', '937540818']
lru.add medium count=250000 reps=1 sample=3 order=CBA bendA=230000000 bendB=119000000 bendC=3000000 refA=8995000 refB=4519000 refC=102000 bend_chk=['1754798399', '1935807060', '937540818'] ref_chk=['1754798399', '1935807060', '937540818']
lru.add medium count=250000 reps=1 sample=4 order=ABC bendA=203000000 bendB=116000000 bendC=3000000 refA=6286000 refB=3243000 refC=77000 bend_chk=['1754798399', '1935807060', '937540818'] ref_chk=['1754798399', '1935807060', '937540818']
lru.add medium count=250000 reps=1 sample=5 order=CBA bendA=225000000 bendB=119000000 bendC=2000000 refA=8721000 refB=4389000 refC=101000 bend_chk=['1754798399', '1935807060', '937540818'] ref_chk=['1754798399', '1935807060', '937540818']
lru.get medium calibrate count=50000 reps=1 bend_delta=23000000ns ref_delta=1062000ns bendA=45000000ns
lru.get medium calibrate count=250000 reps=1 bend_delta=112000000ns ref_delta=4921000ns bendA=204000000ns
lru.get medium count=250000 reps=1 sample=0 order=ABC bendA=228000000 bendB=112000000 bendC=3000000 refA=10445000 refB=5243000 refC=73000 bend_chk=['3342519828', '2196735533', '3927084727'] ref_chk=['3342519828', '2196735533', '3927084727']
lru.get medium count=250000 reps=1 sample=1 order=CBA bendA=198000000 bendB=100000000 bendC=3000000 refA=10196000 refB=5396000 refC=103000 bend_chk=['3342519828', '2196735533', '3927084727'] ref_chk=['3342519828', '2196735533', '3927084727']
lru.get medium count=250000 reps=1 sample=2 order=ABC bendA=214000000 bendB=114000000 bendC=2000000 refA=10239000 refB=5127000 refC=71000 bend_chk=['3342519828', '2196735533', '3927084727'] ref_chk=['3342519828', '2196735533', '3927084727']
lru.get medium count=250000 reps=1 sample=3 order=CBA bendA=217000000 bendB=105000000 bendC=2000000 refA=10385000 refB=5237000 refC=103000 bend_chk=['3342519828', '2196735533', '3927084727'] ref_chk=['3342519828', '2196735533', '3927084727']
lru.get medium count=250000 reps=1 sample=4 order=ABC bendA=228000000 bendB=103000000 bendC=3000000 refA=9355000 refB=4807000 refC=68000 bend_chk=['3342519828', '2196735533', '3927084727'] ref_chk=['3342519828', '2196735533', '3927084727']
lru.get medium count=250000 reps=1 sample=5 order=CBA bendA=250000000 bendB=120000000 bendC=4000000 refA=12329000 refB=5913000 refC=105000 bend_chk=['3342519828', '2196735533', '3927084727'] ref_chk=['3342519828', '2196735533', '3927084727']
lru.get medium calibrate count=50000 reps=1 bend_delta=27000000ns ref_delta=1344000ns bendA=49000000ns
lru.get medium calibrate count=200000 reps=1 bend_delta=107000000ns ref_delta=4901000ns bendA=195000000ns
lru.get medium count=200000 reps=1 sample=0 order=ABC bendA=184000000 bendB=84000000 bendC=3000000 refA=8462000 refB=4204000 refC=73000 bend_chk=['3891675310', '3062663134', '3927084727'] ref_chk=['3891675310', '3062663134', '3927084727']
lru.get medium count=200000 reps=1 sample=1 order=CBA bendA=145000000 bendB=81000000 bendC=3000000 refA=7332000 refB=3696000 refC=92000 bend_chk=['3891675310', '3062663134', '3927084727'] ref_chk=['3891675310', '3062663134', '3927084727']
lru.get medium count=200000 reps=1 sample=2 order=ABC bendA=171000000 bendB=87000000 bendC=2000000 refA=9834000 refB=4686000 refC=89000 bend_chk=['3891675310', '3062663134', '3927084727'] ref_chk=['3891675310', '3062663134', '3927084727']
lru.get medium count=200000 reps=1 sample=3 order=CBA bendA=202000000 bendB=96000000 bendC=2000000 refA=9568000 refB=4673000 refC=104000 bend_chk=['3891675310', '3062663134', '3927084727'] ref_chk=['3891675310', '3062663134', '3927084727']
lru.get medium count=200000 reps=1 sample=4 order=ABC bendA=171000000 bendB=87000000 bendC=3000000 refA=9114000 refB=4112000 refC=73000 bend_chk=['3891675310', '3062663134', '3927084727'] ref_chk=['3891675310', '3062663134', '3927084727']
lru.get medium count=200000 reps=1 sample=5 order=CBA bendA=174000000 bendB=95000000 bendC=3000000 refA=8659000 refB=4208000 refC=102000 bend_chk=['3891675310', '3062663134', '3927084727'] ref_chk=['3891675310', '3062663134', '3927084727']
lru.get medium calibrate count=50000 reps=1 bend_delta=24000000ns ref_delta=1044000ns bendA=45000000ns
lru.get medium calibrate count=250000 reps=1 bend_delta=86000000ns ref_delta=5268000ns bendA=195000000ns
lru.get medium calibrate count=500000 reps=1 bend_delta=245000000ns ref_delta=9694000ns bendA=474000000ns
lru.get medium count=500000 reps=1 sample=0 order=ABC bendA=436000000 bendB=201000000 bendC=2000000 refA=18990000 refB=10008000 refC=82000 bend_chk=['813012322', '3342519828', '3927084727'] ref_chk=['813012322', '3342519828', '3927084727']
lru.get medium count=500000 reps=1 sample=1 order=CBA bendA=452000000 bendB=236000000 bendC=2000000 refA=20711000 refB=10837000 refC=185000 bend_chk=['813012322', '3342519828', '3927084727'] ref_chk=['813012322', '3342519828', '3927084727']
lru.get medium count=500000 reps=1 sample=2 order=ABC bendA=401000000 bendB=198000000 bendC=2000000 refA=21236000 refB=9787000 refC=65000 bend_chk=['813012322', '3342519828', '3927084727'] ref_chk=['813012322', '3342519828', '3927084727']
lru.get medium count=500000 reps=1 sample=3 order=CBA bendA=472000000 bendB=225000000 bendC=2000000 refA=21963000 refB=12176000 refC=152000 bend_chk=['813012322', '3342519828', '3927084727'] ref_chk=['813012322', '3342519828', '3927084727']
lru.get medium count=500000 reps=1 sample=4 order=ABC bendA=390000000 bendB=180000000 bendC=3000000 refA=20953000 refB=11332000 refC=113000 bend_chk=['813012322', '3342519828', '3927084727'] ref_chk=['813012322', '3342519828', '3927084727']
lru.get medium count=500000 reps=1 sample=5 order=CBA bendA=545000000 bendB=223000000 bendC=3000000 refA=23066000 refB=10397000 refC=111000 bend_chk=['813012322', '3342519828', '3927084727'] ref_chk=['813012322', '3342519828', '3927084727']
lru.get medium calibrate count=50000 reps=1 bend_delta=22000000ns ref_delta=607000ns bendA=50000000ns
lru.get medium calibrate count=250000 reps=1 bend_delta=139000000ns ref_delta=6913000ns bendA=254000000ns
lru.get medium count=250000 reps=1 sample=0 order=ABC bendA=307000000 bendB=108000000 bendC=3000000 refA=11131000 refB=5271000 refC=77000 bend_chk=['3342519828', '2196735533', '3927084727'] ref_chk=['3342519828', '2196735533', '3927084727']
lru.get medium count=250000 reps=1 sample=1 order=CBA bendA=181000000 bendB=93000000 bendC=3000000 refA=11688000 refB=5964000 refC=110000 bend_chk=['3342519828', '2196735533', '3927084727'] ref_chk=['3342519828', '2196735533', '3927084727']
lru.get medium count=250000 reps=1 sample=2 order=ABC bendA=236000000 bendB=128000000 bendC=3000000 refA=11369000 refB=5265000 refC=75000 bend_chk=['3342519828', '2196735533', '3927084727'] ref_chk=['3342519828', '2196735533', '3927084727']
lru.get medium count=250000 reps=1 sample=3 order=CBA bendA=227000000 bendB=121000000 bendC=4000000 refA=11134000 refB=6291000 refC=116000 bend_chk=['3342519828', '2196735533', '3927084727'] ref_chk=['3342519828', '2196735533', '3927084727']
lru.get medium count=250000 reps=1 sample=4 order=ABC bendA=231000000 bendB=104000000 bendC=3000000 refA=10197000 refB=5130000 refC=72000 bend_chk=['3342519828', '2196735533', '3927084727'] ref_chk=['3342519828', '2196735533', '3927084727']
lru.get medium count=250000 reps=1 sample=5 order=CBA bendA=188000000 bendB=105000000 bendC=2000000 refA=9146000 refB=4607000 refC=98000 bend_chk=['3342519828', '2196735533', '3927084727'] ref_chk=['3342519828', '2196735533', '3927084727']
lru.peek medium calibrate count=50000 reps=1 bend_delta=19000000ns ref_delta=991000ns bendA=38000000ns
lru.peek medium calibrate count=300000 reps=1 bend_delta=197000000ns ref_delta=5477000ns bendA=320000000ns
lru.peek medium count=300000 reps=1 sample=0 order=ABC bendA=276000000 bendB=143000000 bendC=4000000 refA=11067000 refB=5577000 refC=78000 bend_chk=['2061879953', '3090484910', '2726589282'] ref_chk=['2061879953', '3090484910', '2726589282']
lru.peek medium count=300000 reps=1 sample=1 order=CBA bendA=248000000 bendB=142000000 bendC=2000000 refA=9868000 refB=5111000 refC=106000 bend_chk=['2061879953', '3090484910', '2726589282'] ref_chk=['2061879953', '3090484910', '2726589282']
lru.peek medium count=300000 reps=1 sample=2 order=ABC bendA=213000000 bendB=101000000 bendC=2000000 refA=8724000 refB=4946000 refC=65000 bend_chk=['2061879953', '3090484910', '2726589282'] ref_chk=['2061879953', '3090484910', '2726589282']
lru.peek medium count=300000 reps=1 sample=3 order=CBA bendA=275000000 bendB=113000000 bendC=2000000 refA=11517000 refB=5446000 refC=122000 bend_chk=['2061879953', '3090484910', '2726589282'] ref_chk=['2061879953', '3090484910', '2726589282']
lru.peek medium count=300000 reps=1 sample=4 order=ABC bendA=272000000 bendB=133000000 bendC=3000000 refA=10856000 refB=5110000 refC=74000 bend_chk=['2061879953', '3090484910', '2726589282'] ref_chk=['2061879953', '3090484910', '2726589282']
lru.peek medium count=300000 reps=1 sample=5 order=CBA bendA=248000000 bendB=145000000 bendC=3000000 refA=9129000 refB=4601000 refC=95000 bend_chk=['2061879953', '3090484910', '2726589282'] ref_chk=['2061879953', '3090484910', '2726589282']
lru.peek medium calibrate count=50000 reps=1 bend_delta=20000000ns ref_delta=717000ns bendA=39000000ns
lru.peek medium calibrate count=300000 reps=1 bend_delta=122000000ns ref_delta=4859000ns bendA=218000000ns
lru.peek medium count=300000 reps=1 sample=0 order=ABC bendA=275000000 bendB=144000000 bendC=2000000 refA=10416000 refB=5861000 refC=79000 bend_chk=['2061879953', '3090484910', '2726589282'] ref_chk=['2061879953', '3090484910', '2726589282']
lru.peek medium count=300000 reps=1 sample=1 order=CBA bendA=252000000 bendB=145000000 bendC=3000000 refA=12162000 refB=5370000 refC=139000 bend_chk=['2061879953', '3090484910', '2726589282'] ref_chk=['2061879953', '3090484910', '2726589282']
lru.peek medium count=300000 reps=1 sample=2 order=ABC bendA=237000000 bendB=106000000 bendC=2000000 refA=8346000 refB=4201000 refC=58000 bend_chk=['2061879953', '3090484910', '2726589282'] ref_chk=['2061879953', '3090484910', '2726589282']
lru.peek medium count=300000 reps=1 sample=3 order=CBA bendA=217000000 bendB=96000000 bendC=2000000 refA=11385000 refB=5569000 refC=95000 bend_chk=['2061879953', '3090484910', '2726589282'] ref_chk=['2061879953', '3090484910', '2726589282']
lru.peek medium count=300000 reps=1 sample=4 order=ABC bendA=291000000 bendB=142000000 bendC=3000000 refA=11794000 refB=5800000 refC=156000 bend_chk=['2061879953', '3090484910', '2726589282'] ref_chk=['2061879953', '3090484910', '2726589282']
lru.peek medium count=300000 reps=1 sample=5 order=CBA bendA=256000000 bendB=141000000 bendC=3000000 refA=10133000 refB=5260000 refC=110000 bend_chk=['2061879953', '3090484910', '2726589282'] ref_chk=['2061879953', '3090484910', '2726589282']
lru.peek medium calibrate count=50000 reps=1 bend_delta=20000000ns ref_delta=853000ns bendA=42000000ns
lru.peek medium calibrate count=300000 reps=1 bend_delta=130000000ns ref_delta=4518000ns bendA=241000000ns
lru.peek medium count=300000 reps=1 sample=0 order=ABC bendA=212000000 bendB=125000000 bendC=3000000 refA=9976000 refB=5016000 refC=68000 bend_chk=['2061879953', '3090484910', '2726589282'] ref_chk=['2061879953', '3090484910', '2726589282']
lru.peek medium count=300000 reps=1 sample=1 order=CBA bendA=303000000 bendB=138000000 bendC=3000000 refA=10124000 refB=5683000 refC=110000 bend_chk=['2061879953', '3090484910', '2726589282'] ref_chk=['2061879953', '3090484910', '2726589282']
lru.peek medium count=300000 reps=1 sample=2 order=ABC bendA=276000000 bendB=145000000 bendC=2000000 refA=10856000 refB=5351000 refC=72000 bend_chk=['2061879953', '3090484910', '2726589282'] ref_chk=['2061879953', '3090484910', '2726589282']
lru.peek medium count=300000 reps=1 sample=3 order=CBA bendA=220000000 bendB=121000000 bendC=3000000 refA=9211000 refB=4599000 refC=104000 bend_chk=['2061879953', '3090484910', '2726589282'] ref_chk=['2061879953', '3090484910', '2726589282']
lru.peek medium count=300000 reps=1 sample=4 order=ABC bendA=198000000 bendB=123000000 bendC=2000000 refA=10064000 refB=4802000 refC=69000 bend_chk=['2061879953', '3090484910', '2726589282'] ref_chk=['2061879953', '3090484910', '2726589282']
lru.peek medium count=300000 reps=1 sample=5 order=CBA bendA=275000000 bendB=124000000 bendC=3000000 refA=11012000 refB=5484000 refC=174000 bend_chk=['2061879953', '3090484910', '2726589282'] ref_chk=['2061879953', '3090484910', '2726589282']
lru.peek medium calibrate count=50000 reps=1 bend_delta=19000000ns ref_delta=858000ns bendA=44000000ns
lru.peek medium calibrate count=300000 reps=1 bend_delta=74000000ns ref_delta=5546000ns bendA=305000000ns
lru.peek medium calibrate count=600000 reps=1 bend_delta=247000000ns ref_delta=9290000ns bendA=476000000ns
lru.peek medium count=600000 reps=1 sample=0 order=ABC bendA=542000000 bendB=378000000 bendC=2000000 refA=29900000 refB=13469000 refC=160000 bend_chk=['573036901', '2061879953', '2726589282'] ref_chk=['573036901', '2061879953', '2726589282']
lru.peek medium count=600000 reps=1 sample=1 order=CBA bendA=551000000 bendB=376000000 bendC=3000000 refA=18078000 refB=9183000 refC=90000 bend_chk=['573036901', '2061879953', '2726589282'] ref_chk=['573036901', '2061879953', '2726589282']
lru.peek medium count=600000 reps=1 sample=2 order=ABC bendA=547000000 bendB=294000000 bendC=3000000 refA=20077000 refB=10012000 refC=72000 bend_chk=['573036901', '2061879953', '2726589282'] ref_chk=['573036901', '2061879953', '2726589282']
lru.peek medium count=600000 reps=1 sample=3 order=CBA bendA=633000000 bendB=268000000 bendC=2000000 refA=27049000 refB=11443000 refC=99000 bend_chk=['573036901', '2061879953', '2726589282'] ref_chk=['573036901', '2061879953', '2726589282']
lru.peek medium count=600000 reps=1 sample=4 order=ABC bendA=492000000 bendB=271000000 bendC=4000000 refA=28117000 refB=11293000 refC=69000 bend_chk=['573036901', '2061879953', '2726589282'] ref_chk=['573036901', '2061879953', '2726589282']
lru.peek medium count=600000 reps=1 sample=5 order=CBA bendA=570000000 bendB=309000000 bendC=3000000 refA=23105000 refB=11026000 refC=106000 bend_chk=['573036901', '2061879953', '2726589282'] ref_chk=['573036901', '2061879953', '2726589282']
lru.set_lifetime medium calibrate count=200000 reps=1 bend_delta=544000000ns ref_delta=1865000ns bendA=1208000000ns
lru.set_lifetime medium count=200000 reps=1 sample=0 order=ABC bendA=1224000000 bendB=543000000 bendC=3000000 refA=4142000 refB=2629000 refC=71000 bend_chk=['2725960448', '2783577477', '2974079651'] ref_chk=['2725960448', '2783577477', '2974079651']
lru.set_lifetime medium count=200000 reps=1 sample=1 order=CBA bendA=1173000000 bendB=669000000 bendC=3000000 refA=3911000 refB=1955000 refC=109000 bend_chk=['2725960448', '2783577477', '2974079651'] ref_chk=['2725960448', '2783577477', '2974079651']
lru.set_lifetime medium count=200000 reps=1 sample=2 order=ABC bendA=1081000000 bendB=621000000 bendC=2000000 refA=4541000 refB=2286000 refC=71000 bend_chk=['2725960448', '2783577477', '2974079651'] ref_chk=['2725960448', '2783577477', '2974079651']
lru.set_lifetime medium count=200000 reps=1 sample=3 order=CBA bendA=1029000000 bendB=590000000 bendC=2000000 refA=3697000 refB=1875000 refC=82000 bend_chk=['2725960448', '2783577477', '2974079651'] ref_chk=['2725960448', '2783577477', '2974079651']
lru.set_lifetime medium count=200000 reps=1 sample=4 order=ABC bendA=1039000000 bendB=490000000 bendC=2000000 refA=3457000 refB=1748000 refC=54000 bend_chk=['2725960448', '2783577477', '2974079651'] ref_chk=['2725960448', '2783577477', '2974079651']
lru.set_lifetime medium count=200000 reps=1 sample=5 order=CBA bendA=1156000000 bendB=479000000 bendC=1000000 refA=3692000 refB=1875000 refC=105000 bend_chk=['2725960448', '2783577477', '2974079651'] ref_chk=['2725960448', '2783577477', '2974079651']
lru.set_lifetime medium calibrate count=200000 reps=1 bend_delta=403000000ns ref_delta=2245000ns bendA=825000000ns
lru.set_lifetime medium count=200000 reps=1 sample=0 order=ABC bendA=787000000 bendB=427000000 bendC=2000000 refA=3715000 refB=1880000 refC=58000 bend_chk=['2725960448', '2783577477', '2974079651'] ref_chk=['2725960448', '2783577477', '2974079651']
lru.set_lifetime medium count=200000 reps=1 sample=1 order=CBA bendA=827000000 bendB=395000000 bendC=2000000 refA=3418000 refB=1739000 refC=85000 bend_chk=['2725960448', '2783577477', '2974079651'] ref_chk=['2725960448', '2783577477', '2974079651']
lru.set_lifetime medium count=200000 reps=1 sample=2 order=ABC bendA=681000000 bendB=323000000 bendC=1000000 refA=3073000 refB=1553000 refC=48000 bend_chk=['2725960448', '2783577477', '2974079651'] ref_chk=['2725960448', '2783577477', '2974079651']
lru.set_lifetime medium count=200000 reps=1 sample=3 order=CBA bendA=631000000 bendB=318000000 bendC=2000000 refA=3207000 refB=1629000 refC=71000 bend_chk=['2725960448', '2783577477', '2974079651'] ref_chk=['2725960448', '2783577477', '2974079651']
lru.set_lifetime medium count=200000 reps=1 sample=4 order=ABC bendA=633000000 bendB=321000000 bendC=2000000 refA=3230000 refB=1630000 refC=53000 bend_chk=['2725960448', '2783577477', '2974079651'] ref_chk=['2725960448', '2783577477', '2974079651']
lru.set_lifetime medium count=200000 reps=1 sample=5 order=CBA bendA=638000000 bendB=314000000 bendC=1000000 refA=3051000 refB=1552000 refC=68000 bend_chk=['2725960448', '2783577477', '2974079651'] ref_chk=['2725960448', '2783577477', '2974079651']
lru.set_lifetime medium calibrate count=200000 reps=1 bend_delta=282000000ns ref_delta=1599000ns bendA=595000000ns
lru.set_lifetime medium count=200000 reps=1 sample=0 order=ABC bendA=620000000 bendB=316000000 bendC=2000000 refA=3722000 refB=1578000 refC=53000 bend_chk=['2725960448', '2783577477', '2974079651'] ref_chk=['2725960448', '2783577477', '2974079651']
lru.set_lifetime medium count=200000 reps=1 sample=1 order=CBA bendA=1116000000 bendB=802000000 bendC=2000000 refA=5188000 refB=2689000 refC=121000 bend_chk=['2725960448', '2783577477', '2974079651'] ref_chk=['2725960448', '2783577477', '2974079651']
lru.set_lifetime medium count=200000 reps=1 sample=2 order=ABC bendA=1366000000 bendB=593000000 bendC=3000000 refA=4527000 refB=2342000 refC=79000 bend_chk=['2725960448', '2783577477', '2974079651'] ref_chk=['2725960448', '2783577477', '2974079651']
lru.set_lifetime medium count=200000 reps=1 sample=3 order=CBA bendA=943000000 bendB=510000000 bendC=2000000 refA=4562000 refB=2288000 refC=105000 bend_chk=['2725960448', '2783577477', '2974079651'] ref_chk=['2725960448', '2783577477', '2974079651']
lru.set_lifetime medium count=200000 reps=1 sample=4 order=ABC bendA=837000000 bendB=370000000 bendC=2000000 refA=3445000 refB=1743000 refC=52000 bend_chk=['2725960448', '2783577477', '2974079651'] ref_chk=['2725960448', '2783577477', '2974079651']
lru.set_lifetime medium count=200000 reps=1 sample=5 order=CBA bendA=885000000 bendB=354000000 bendC=2000000 refA=4515000 refB=2285000 refC=103000 bend_chk=['2725960448', '2783577477', '2974079651'] ref_chk=['2725960448', '2783577477', '2974079651']
lru.set_lifetime medium calibrate count=200000 reps=1 bend_delta=430000000ns ref_delta=2107000ns bendA=817000000ns
lru.set_lifetime medium count=200000 reps=1 sample=0 order=ABC bendA=718000000 bendB=379000000 bendC=2000000 refA=4069000 refB=1885000 refC=61000 bend_chk=['2725960448', '2783577477', '2974079651'] ref_chk=['2725960448', '2783577477', '2974079651']
lru.set_lifetime medium count=200000 reps=1 sample=1 order=CBA bendA=706000000 bendB=403000000 bendC=2000000 refA=3467000 refB=1737000 refC=80000 bend_chk=['2725960448', '2783577477', '2974079651'] ref_chk=['2725960448', '2783577477', '2974079651']
lru.set_lifetime medium count=200000 reps=1 sample=2 order=ABC bendA=699000000 bendB=334000000 bendC=2000000 refA=3446000 refB=1740000 refC=58000 bend_chk=['2725960448', '2783577477', '2974079651'] ref_chk=['2725960448', '2783577477', '2974079651']
lru.set_lifetime medium count=200000 reps=1 sample=3 order=CBA bendA=736000000 bendB=403000000 bendC=2000000 refA=3575000 refB=1877000 refC=111000 bend_chk=['2725960448', '2783577477', '2974079651'] ref_chk=['2725960448', '2783577477', '2974079651']
lru.set_lifetime medium count=200000 reps=1 sample=4 order=ABC bendA=752000000 bendB=350000000 bendC=1000000 refA=3643000 refB=1839000 refC=74000 bend_chk=['2725960448', '2783577477', '2974079651'] ref_chk=['2725960448', '2783577477', '2974079651']
lru.set_lifetime medium count=200000 reps=1 sample=5 order=CBA bendA=727000000 bendB=416000000 bendC=1000000 refA=3055000 refB=1552000 refC=71000 bend_chk=['2725960448', '2783577477', '2974079651'] ref_chk=['2725960448', '2783577477', '2974079651']
lru.expiry medium calibrate count=50000 reps=1 bend_delta=489000000ns ref_delta=412000ns bendA=953000000ns
lru.expiry medium count=50000 reps=1 sample=0 order=ABC bendA=921000000 bendB=474000000 bendC=1000000 refA=958000 refB=530000 refC=40000 bend_chk=['2032653282', '3645847522', '930956150'] ref_chk=['2032653282', '3645847522', '930956150']
lru.expiry medium count=50000 reps=1 sample=1 order=CBA bendA=913000000 bendB=462000000 bendC=2000000 refA=947000 refB=531000 refC=58000 bend_chk=['2032653282', '3645847522', '930956150'] ref_chk=['2032653282', '3645847522', '930956150']
lru.expiry medium count=50000 reps=1 sample=2 order=ABC bendA=902000000 bendB=462000000 bendC=2000000 refA=997000 refB=509000 refC=40000 bend_chk=['2032653282', '3645847522', '930956150'] ref_chk=['2032653282', '3645847522', '930956150']
lru.expiry medium count=50000 reps=1 sample=3 order=CBA bendA=909000000 bendB=466000000 bendC=2000000 refA=993000 refB=544000 refC=61000 bend_chk=['2032653282', '3645847522', '930956150'] ref_chk=['2032653282', '3645847522', '930956150']
lru.expiry medium count=50000 reps=1 sample=4 order=ABC bendA=895000000 bendB=461000000 bendC=1000000 refA=982000 refB=540000 refC=40000 bend_chk=['2032653282', '3645847522', '930956150'] ref_chk=['2032653282', '3645847522', '930956150']
lru.expiry medium count=50000 reps=1 sample=5 order=CBA bendA=903000000 bendB=465000000 bendC=1000000 refA=851000 refB=552000 refC=75000 bend_chk=['2032653282', '3645847522', '930956150'] ref_chk=['2032653282', '3645847522', '930956150']
lru.expiry medium calibrate count=50000 reps=1 bend_delta=452000000ns ref_delta=444000ns bendA=919000000ns
lru.expiry medium count=50000 reps=1 sample=0 order=ABC bendA=915000000 bendB=467000000 bendC=2000000 refA=988000 refB=543000 refC=44000 bend_chk=['2032653282', '3645847522', '930956150'] ref_chk=['2032653282', '3645847522', '930956150']
lru.expiry medium count=50000 reps=1 sample=1 order=CBA bendA=911000000 bendB=467000000 bendC=1000000 refA=953000 refB=549000 refC=63000 bend_chk=['2032653282', '3645847522', '930956150'] ref_chk=['2032653282', '3645847522', '930956150']
lru.expiry medium count=50000 reps=1 sample=2 order=ABC bendA=909000000 bendB=465000000 bendC=2000000 refA=989000 refB=525000 refC=40000 bend_chk=['2032653282', '3645847522', '930956150'] ref_chk=['2032653282', '3645847522', '930956150']
lru.expiry medium count=50000 reps=1 sample=3 order=CBA bendA=905000000 bendB=465000000 bendC=1000000 refA=960000 refB=540000 refC=62000 bend_chk=['2032653282', '3645847522', '930956150'] ref_chk=['2032653282', '3645847522', '930956150']
lru.expiry medium count=50000 reps=1 sample=4 order=ABC bendA=917000000 bendB=466000000 bendC=1000000 refA=982000 refB=538000 refC=40000 bend_chk=['2032653282', '3645847522', '930956150'] ref_chk=['2032653282', '3645847522', '930956150']
lru.expiry medium count=50000 reps=1 sample=5 order=CBA bendA=925000000 bendB=466000000 bendC=1000000 refA=936000 refB=587000 refC=65000 bend_chk=['2032653282', '3645847522', '930956150'] ref_chk=['2032653282', '3645847522', '930956150']
lru.expiry medium calibrate count=50000 reps=1 bend_delta=268000000ns ref_delta=465000ns bendA=573000000ns
lru.expiry medium count=50000 reps=1 sample=0 order=ABC bendA=628000000 bendB=291000000 bendC=1000000 refA=961000 refB=541000 refC=40000 bend_chk=['2032653282', '3645847522', '930956150'] ref_chk=['2032653282', '3645847522', '930956150']
lru.expiry medium count=50000 reps=1 sample=1 order=CBA bendA=548000000 bendB=290000000 bendC=1000000 refA=971000 refB=556000 refC=70000 bend_chk=['2032653282', '3645847522', '930956150'] ref_chk=['2032653282', '3645847522', '930956150']
lru.expiry medium count=50000 reps=1 sample=2 order=ABC bendA=558000000 bendB=316000000 bendC=2000000 refA=991000 refB=554000 refC=41000 bend_chk=['2032653282', '3645847522', '930956150'] ref_chk=['2032653282', '3645847522', '930956150']
lru.expiry medium count=50000 reps=1 sample=3 order=CBA bendA=563000000 bendB=337000000 bendC=2000000 refA=999000 refB=533000 refC=63000 bend_chk=['2032653282', '3645847522', '930956150'] ref_chk=['2032653282', '3645847522', '930956150']
lru.expiry medium count=50000 reps=1 sample=4 order=ABC bendA=551000000 bendB=302000000 bendC=2000000 refA=1047000 refB=512000 refC=40000 bend_chk=['2032653282', '3645847522', '930956150'] ref_chk=['2032653282', '3645847522', '930956150']
lru.expiry medium count=50000 reps=1 sample=5 order=CBA bendA=550000000 bendB=295000000 bendC=1000000 refA=909000 refB=480000 refC=79000 bend_chk=['2032653282', '3645847522', '930956150'] ref_chk=['2032653282', '3645847522', '930956150']
lru.expiry medium calibrate count=50000 reps=1 bend_delta=262000000ns ref_delta=484000ns bendA=554000000ns
lru.expiry medium count=50000 reps=1 sample=0 order=ABC bendA=560000000 bendB=294000000 bendC=2000000 refA=1047000 refB=565000 refC=47000 bend_chk=['2032653282', '3645847522', '930956150'] ref_chk=['2032653282', '3645847522', '930956150']
lru.expiry medium count=50000 reps=1 sample=1 order=CBA bendA=552000000 bendB=285000000 bendC=1000000 refA=1025000 refB=575000 refC=64000 bend_chk=['2032653282', '3645847522', '930956150'] ref_chk=['2032653282', '3645847522', '930956150']
lru.expiry medium count=50000 reps=1 sample=2 order=ABC bendA=571000000 bendB=306000000 bendC=2000000 refA=1071000 refB=569000 refC=41000 bend_chk=['2032653282', '3645847522', '930956150'] ref_chk=['2032653282', '3645847522', '930956150']
lru.expiry medium count=50000 reps=1 sample=3 order=CBA bendA=677000000 bendB=317000000 bendC=1000000 refA=968000 refB=531000 refC=64000 bend_chk=['2032653282', '3645847522', '930956150'] ref_chk=['2032653282', '3645847522', '930956150']
lru.expiry medium count=50000 reps=1 sample=4 order=ABC bendA=629000000 bendB=302000000 bendC=1000000 refA=1029000 refB=521000 refC=42000 bend_chk=['2032653282', '3645847522', '930956150'] ref_chk=['2032653282', '3645847522', '930956150']
lru.expiry medium count=50000 reps=1 sample=5 order=CBA bendA=578000000 bendB=299000000 bendC=1000000 refA=957000 refB=552000 refC=62000 bend_chk=['2032653282', '3645847522', '930956150'] ref_chk=['2032653282', '3645847522', '930956150']
