lru.add medium calibrate count=50000 reps=1 bend_delta=11000000ns ref_delta=507000ns bendA=26000000ns
lru.add medium calibrate count=500000 reps=1 bend_delta=123000000ns ref_delta=5053000ns bendA=255000000ns
lru.add medium count=500000 reps=1 sample=0 order=ABC bendA=265000000 bendB=141000000 bendC=2000000 refA=11165000 refB=5586000 refC=49000 bend_chk=['3634373376', '1754798399', '937540818'] ref_chk=['3634373376', '1754798399', '937540818']
lru.add medium count=500000 reps=1 sample=1 order=CBA bendA=294000000 bendB=139000000 bendC=2000000 refA=11491000 refB=5777000 refC=70000 bend_chk=['3634373376', '1754798399', '937540818'] ref_chk=['3634373376', '1754798399', '937540818']
lru.add medium count=500000 reps=1 sample=2 order=ABC bendA=293000000 bendB=155000000 bendC=1000000 refA=12038000 refB=6056000 refC=52000 bend_chk=['3634373376', '1754798399', '937540818'] ref_chk=['3634373376', '1754798399', '937540818']
lru.add medium count=500000 reps=1 sample=3 order=CBA bendA=343000000 bendB=156000000 bendC=1000000 refA=12823000 refB=6414000 refC=80000 bend_chk=['3634373376', '1754798399', '937540818'] ref_chk=['3634373376', '1754798399', '937540818']
lru.add medium count=500000 reps=1 sample=4 order=ABC bendA=335000000 bendB=170000000 bendC=2000000 refA=12048000 refB=6038000 refC=49000 bend_chk=['3634373376', '1754798399', '937540818'] ref_chk=['3634373376', '1754798399', '937540818']
lru.add medium count=500000 reps=1 sample=5 order=CBA bendA=344000000 bendB=168000000 bendC=1000000 refA=13065000 refB=6507000 refC=78000 bend_chk=['3634373376', '1754798399', '937540818'] ref_chk=['3634373376', '1754798399', '937540818']
lru.add medium calibrate count=50000 reps=1 bend_delta=39000000ns ref_delta=678000ns bendA=82000000ns
lru.add medium calibrate count=150000 reps=1 bend_delta=110000000ns ref_delta=1846000ns bendA=231000000ns
lru.add medium count=150000 reps=1 sample=0 order=ABC bendA=235000000 bendB=117000000 bendC=3000000 refA=4735000 refB=2172000 refC=58000 bend_chk=['3418980641', '1593635764', '937540818'] ref_chk=['3418980641', '1593635764', '937540818']
lru.add medium count=150000 reps=1 sample=1 order=CBA bendA=229000000 bendB=118000000 bendC=2000000 refA=3648000 refB=1863000 refC=77000 bend_chk=['3418980641', '1593635764', '937540818'] ref_chk=['3418980641', '1593635764', '937540818']
lru.add medium count=150000 reps=1 sample=2 order=ABC bendA=226000000 bendB=114000000 bendC=3000000 refA=3634000 refB=1861000 refC=51000 bend_chk=['3418980641', '1593635764', '937540818'] ref_chk=['3418980641', '1593635764', '937540818']
lru.add medium count=150000 reps=1 sample=3 order=CBA bendA=233000000 bendB=113000000 bendC=3000000 refA=3978000 refB=2028000 refC=88000 bend_chk=['3418980641', '1593635764', '937540818'] ref_chk=['3418980641', '1593635764', '937540818']
lru.add medium count=150000 reps=1 sample=4 order=ABC bendA=231000000 bendB=113000000 bendC=2000000 refA=3811000 refB=1953000 refC=50000 bend_chk=['3418980641', '1593635764', '937540818'] ref_chk=['3418980641', '1593635764', '937540818']
lru.add medium count=150000 reps=1 sample=5 order=CBA bendA=255000000 bendB=125000000 bendC=3000000 refA=4282000 refB=2145000 refC=97000 bend_chk=['3418980641', '1593635764', '937540818'] ref_chk=['3418980641', '1593635764', '937540818']
lru.add medium calibrate count=50000 reps=1 bend_delta=44000000ns ref_delta=737000ns bendA=89000000ns
lru.add medium calibrate count=150000 reps=1 bend_delta=133000000ns ref_delta=2101000ns bendA=253000000ns
lru.add medium count=150000 reps=1 sample=0 order=ABC bendA=264000000 bendB=130000000 bendC=3000000 refA=4271000 refB=2146000 refC=61000 bend_chk=['3418980641', '1593635764', '937540818'] ref_chk=['3418980641', '1593635764', '937540818']
lru.add medium count=150000 reps=1 sample=1 order=CBA bendA=253000000 bendB=124000000 bendC=3000000 refA=4351000 refB=2185000 refC=85000 bend_chk=['3418980641', '1593635764', '937540818'] ref_chk=['3418980641', '1593635764', '937540818']
lru.add medium count=150000 reps=1 sample=2 order=ABC bendA=265000000 bendB=133000000 bendC=2000000 refA=4288000 refB=2206000 refC=63000 bend_chk=['3418980641', '1593635764', '937540818'] ref_chk=['3418980641', '1593635764', '937540818']
lru.add medium count=150000 reps=1 sample=3 order=CBA bendA=333000000 bendB=131000000 bendC=3000000 refA=4740000 refB=2363000 refC=93000 bend_chk=['3418980641', '1593635764', '937540818'] ref_chk=['3418980641', '1593635764', '937540818']
lru.add medium count=150000 reps=1 sample=4 order=ABC bendA=255000000 bendB=124000000 bendC=3000000 refA=4385000 refB=2192000 refC=60000 bend_chk=['3418980641', '1593635764', '937540818'] ref_chk=['3418980641', '1593635764', '937540818']
lru.add medium count=150000 reps=1 sample=5 order=CBA bendA=237000000 bendB=129000000 bendC=3000000 refA=3989000 refB=1997000 refC=79000 bend_chk=['3418980641', '1593635764', '937540818'] ref_chk=['3418980641', '1593635764', '937540818']
lru.add medium calibrate count=50000 reps=1 bend_delta=41000000ns ref_delta=669000ns bendA=82000000ns
lru.add medium calibrate count=150000 reps=1 bend_delta=119000000ns ref_delta=1959000ns bendA=239000000ns
lru.add medium count=150000 reps=1 sample=0 order=ABC bendA=236000000 bendB=122000000 bendC=2000000 refA=3935000 refB=1989000 refC=55000 bend_chk=['3418980641', '1593635764', '937540818'] ref_chk=['3418980641', '1593635764', '937540818']
lru.add medium count=150000 reps=1 sample=1 order=CBA bendA=229000000 bendB=116000000 bendC=3000000 refA=3672000 refB=1857000 refC=74000 bend_chk=['3418980641', '1593635764', '937540818'] ref_chk=['3418980641', '1593635764', '937540818']
lru.add medium count=150000 reps=1 sample=2 order=ABC bendA=221000000 bendB=114000000 bendC=2000000 refA=3673000 refB=1869000 refC=50000 bend_chk=['3418980641', '1593635764', '937540818'] ref_chk=['3418980641', '1593635764', '937540818']
lru.add medium count=150000 reps=1 sample=3 order=CBA bendA=228000000 bendB=112000000 bendC=3000000 refA=3857000 refB=1981000 refC=78000 bend_chk=['3418980641', '1593635764', '937540818'] ref_chk=['3418980641', '1593635764', '937540818']
lru.add medium count=150000 reps=1 sample=4 order=ABC bendA=230000000 bendB=115000000 bendC=2000000 refA=3749000 refB=1909000 refC=50000 bend_chk=['3418980641', '1593635764', '937540818'] ref_chk=['3418980641', '1593635764', '937540818']
lru.add medium count=150000 reps=1 sample=5 order=CBA bendA=222000000 bendB=112000000 bendC=3000000 refA=3663000 refB=1855000 refC=73000 bend_chk=['3418980641', '1593635764', '937540818'] ref_chk=['3418980641', '1593635764', '937540818']
lru.add medium calibrate count=50000 reps=1 bend_delta=38000000ns ref_delta=618000ns bendA=77000000ns
lru.add medium calibrate count=150000 reps=1 bend_delta=121000000ns ref_delta=1947000ns bendA=235000000ns
lru.add medium count=150000 reps=1 sample=0 order=ABC bendA=225000000 bendB=113000000 bendC=3000000 refA=3654000 refB=1861000 refC=55000 bend_chk=['3418980641', '1593635764', '937540818'] ref_chk=['3418980641', '1593635764', '937540818']
lru.add medium count=150000 reps=1 sample=1 order=CBA bendA=226000000 bendB=113000000 bendC=3000000 refA=3697000 refB=1865000 refC=73000 bend_chk=['3418980641', '1593635764', '937540818'] ref_chk=['3418980641', '1593635764', '937540818']
lru.add medium count=150000 reps=1 sample=2 order=ABC bendA=222000000 bendB=117000000 bendC=3000000 refA=3901000 refB=1989000 refC=54000 bend_chk=['3418980641', '1593635764', '937540818'] ref_chk=['3418980641', '1593635764', '937540818']
lru.add medium count=150000 reps=1 sample=3 order=CBA bendA=227000000 bendB=121000000 bendC=2000000 refA=3726000 refB=1854000 refC=86000 bend_chk=['3418980641', '1593635764', '937540818'] ref_chk=['3418980641', '1593635764', '937540818']
lru.add medium count=150000 reps=1 sample=4 order=ABC bendA=226000000 bendB=113000000 bendC=3000000 refA=3912000 refB=1864000 refC=52000 bend_chk=['3418980641', '1593635764', '937540818'] ref_chk=['3418980641', '1593635764', '937540818']
lru.add medium count=150000 reps=1 sample=5 order=CBA bendA=241000000 bendB=122000000 bendC=3000000 refA=3899000 refB=1981000 refC=82000 bend_chk=['3418980641', '1593635764', '937540818'] ref_chk=['3418980641', '1593635764', '937540818']
lru.add medium calibrate count=50000 reps=1 bend_delta=35000000ns ref_delta=646000ns bendA=72000000ns
lru.add medium calibrate count=150000 reps=1 bend_delta=105000000ns ref_delta=1931000ns bendA=211000000ns
lru.add medium count=150000 reps=1 sample=0 order=ABC bendA=211000000 bendB=105000000 bendC=3000000 refA=3991000 refB=2049000 refC=55000 bend_chk=['3418980641', '1593635764', '937540818'] ref_chk=['3418980641', '1593635764', '937540818']
lru.add medium count=150000 reps=1 sample=1 order=CBA bendA=220000000 bendB=106000000 bendC=3000000 refA=4195000 refB=2158000 refC=85000 bend_chk=['3418980641', '1593635764', '937540818'] ref_chk=['3418980641', '1593635764', '937540818']
lru.add medium count=150000 reps=1 sample=2 order=ABC bendA=214000000 bendB=106000000 bendC=3000000 refA=3925000 refB=1981000 refC=56000 bend_chk=['3418980641', '1593635764', '937540818'] ref_chk=['3418980641', '1593635764', '937540818']
lru.add medium count=150000 reps=1 sample=3 order=CBA bendA=206000000 bendB=105000000 bendC=3000000 refA=3762000 refB=1896000 refC=74000 bend_chk=['3418980641', '1593635764', '937540818'] ref_chk=['3418980641', '1593635764', '937540818']
lru.add medium count=150000 reps=1 sample=4 order=ABC bendA=197000000 bendB=98000000 bendC=2000000 refA=3918000 refB=1887000 refC=55000 bend_chk=['3418980641', '1593635764', '937540818'] ref_chk=['3418980641', '1593635764', '937540818']
lru.add medium count=150000 reps=1 sample=5 order=CBA bendA=203000000 bendB=105000000 bendC=3000000 refA=3780000 refB=1916000 refC=74000 bend_chk=['3418980641', '1593635764', '937540818'] ref_chk=['3418980641', '1593635764', '937540818']
lru.get medium calibrate count=50000 reps=1 bend_delta=18000000ns ref_delta=770000ns bendA=34000000ns
lru.get medium calibrate count=300000 reps=1 bend_delta=92000000ns ref_delta=4400000ns bendA=177000000ns
lru.get medium calibrate count=600000 reps=1 bend_delta=165000000ns ref_delta=9248000ns bendA=339000000ns
lru.get medium count=600000 reps=1 sample=0 order=ABC bendA=356000000 bendB=174000000 bendC=2000000 refA=17325000 refB=8665000 refC=49000 bend_chk=['1373242419', '717068758', '3927084727'] ref_chk=['1373242419', '717068758', '3927084727']
lru.get medium count=600000 reps=1 sample=1 order=CBA bendA=383000000 bendB=175000000 bendC=2000000 refA=19270000 refB=10280000 refC=86000 bend_chk=['1373242419', '717068758', '3927084727'] ref_chk=['1373242419', '717068758', '3927084727']
lru.get medium count=600000 reps=1 sample=2 order=ABC bendA=370000000 bendB=183000000 bendC=2000000 refA=18677000 refB=8896000 refC=53000 bend_chk=['1373242419', '717068758', '3927084727'] ref_chk=['1373242419', '717068758', '3927084727']
lru.get medium count=600000 reps=1 sample=3 order=CBA bendA=352000000 bendB=168000000 bendC=2000000 refA=18387000 refB=9237000 refC=79000 bend_chk=['1373242419', '717068758', '3927084727'] ref_chk=['1373242419', '717068758', '3927084727']
lru.get medium count=600000 reps=1 sample=4 order=ABC bendA=355000000 bendB=181000000 bendC=2000000 refA=17340000 refB=8692000 refC=52000 bend_chk=['1373242419', '717068758', '3927084727'] ref_chk=['1373242419', '717068758', '3927084727']
lru.get medium count=600000 reps=1 sample=5 order=CBA bendA=347000000 bendB=169000000 bendC=2000000 refA=18806000 refB=9446000 refC=82000 bend_chk=['1373242419', '717068758', '3927084727'] ref_chk=['1373242419', '717068758', '3927084727']
lru.get medium calibrate count=50000 reps=1 bend_delta=39000000ns ref_delta=744000ns bendA=75000000ns
lru.get medium calibrate count=150000 reps=1 bend_delta=103000000ns ref_delta=2141000ns bendA=206000000ns
lru.get medium count=150000 reps=1 sample=0 order=ABC bendA=216000000 bendB=109000000 bendC=2000000 refA=4395000 refB=2223000 refC=52000 bend_chk=['2109277923', '3629097017', '3927084727'] ref_chk=['2109277923', '3629097017', '3927084727']
lru.get medium count=150000 reps=1 sample=1 order=CBA bendA=217000000 bendB=105000000 bendC=3000000 refA=4735000 refB=2413000 refC=79000 bend_chk=['2109277923', '3629097017', '3927084727'] ref_chk=['2109277923', '3629097017', '3927084727']
lru.get medium count=150000 reps=1 sample=2 order=ABC bendA=219000000 bendB=111000000 bendC=3000000 refA=4691000 refB=2377000 refC=54000 bend_chk=['2109277923', '3629097017', '3927084727'] ref_chk=['2109277923', '3629097017', '3927084727']
lru.get medium count=150000 reps=1 sample=3 order=CBA bendA=213000000 bendB=111000000 bendC=2000000 refA=4395000 refB=2359000 refC=79000 bend_chk=['2109277923', '3629097017', '3927084727'] ref_chk=['2109277923', '3629097017', '3927084727']
lru.get medium count=150000 reps=1 sample=4 order=ABC bendA=215000000 bendB=110000000 bendC=3000000 refA=4688000 refB=2368000 refC=52000 bend_chk=['2109277923', '3629097017', '3927084727'] ref_chk=['2109277923', '3629097017', '3927084727']
lru.get medium count=150000 reps=1 sample=5 order=CBA bendA=219000000 bendB=111000000 bendC=3000000 refA=4652000 refB=2360000 refC=81000 bend_chk=['2109277923', '3629097017', '3927084727'] ref_chk=['2109277923', '3629097017', '3927084727']
lru.get medium calibrate count=50000 reps=1 bend_delta=38000000ns ref_delta=746000ns bendA=74000000ns
lru.get medium calibrate count=150000 reps=1 bend_delta=104000000ns ref_delta=2159000ns bendA=207000000ns
lru.get medium count=150000 reps=1 sample=0 order=ABC bendA=205000000 bendB=107000000 bendC=3000000 refA=4415000 refB=2204000 refC=50000 bend_chk=['2109277923', '3629097017', '3927084727'] ref_chk=['2109277923', '3629097017', '3927084727']
lru.get medium count=150000 reps=1 sample=1 order=CBA bendA=208000000 bendB=104000000 bendC=2000000 refA=4368000 refB=2225000 refC=93000 bend_chk=['2109277923', '3629097017', '3927084727'] ref_chk=['2109277923', '3629097017', '3927084727']
lru.get medium count=150000 reps=1 sample=2 order=ABC bendA=203000000 bendB=104000000 bendC=2000000 refA=4397000 refB=2213000 refC=48000 bend_chk=['2109277923', '3629097017', '3927084727'] ref_chk=['2109277923', '3629097017', '3927084727']
lru.get medium count=150000 reps=1 sample=3 order=CBA bendA=202000000 bendB=102000000 bendC=3000000 refA=4376000 refB=2221000 refC=72000 bend_chk=['2109277923', '3629097017', '3927084727'] ref_chk=['2109277923', '3629097017', '3927084727']
lru.get medium count=150000 reps=1 sample=4 order=ABC bendA=206000000 bendB=107000000 bendC=3000000 refA=4371000 refB=2206000 refC=49000 bend_chk=['2109277923', '3629097017', '3927084727'] ref_chk=['2109277923', '3629097017', '3927084727']
lru.get medium count=150000 reps=1 sample=5 order=CBA bendA=206000000 bendB=103000000 bendC=2000000 refA=4452000 refB=2263000 refC=92000 bend_chk=['2109277923', '3629097017', '3927084727'] ref_chk=['2109277923', '3629097017', '3927084727']
lru.get medium calibrate count=50000 reps=1 bend_delta=34000000ns ref_delta=761000ns bendA=70000000ns
lru.get medium calibrate count=150000 reps=1 bend_delta=99000000ns ref_delta=2187000ns bendA=201000000ns
lru.get medium calibrate count=300000 reps=1 bend_delta=200000000ns ref_delta=4332000ns bendA=401000000ns
lru.get medium count=300000 reps=1 sample=0 order=ABC bendA=398000000 bendB=208000000 bendC=2000000 refA=9475000 refB=4757000 refC=56000 bend_chk=['717068758', '2109277923', '3927084727'] ref_chk=['717068758', '2109277923', '3927084727']
lru.get medium count=300000 reps=1 sample=1 order=CBA bendA=404000000 bendB=203000000 bendC=2000000 refA=8666000 refB=4351000 refC=77000 bend_chk=['717068758', '2109277923', '3927084727'] ref_chk=['717068758', '2109277923', '3927084727']
lru.get medium count=300000 reps=1 sample=2 order=ABC bendA=404000000 bendB=213000000 bendC=2000000 refA=8693000 refB=4360000 refC=52000 bend_chk=['717068758', '2109277923', '3927084727'] ref_chk=['717068758', '2109277923', '3927084727']
lru.get medium count=300000 reps=1 sample=3 order=CBA bendA=409000000 bendB=205000000 bendC=3000000 refA=8901000 refB=4471000 refC=77000 bend_chk=['717068758', '2109277923', '3927084727'] ref_chk=['717068758', '2109277923', '3927084727']
lru.get medium count=300000 reps=1 sample=4 order=ABC bendA=414000000 bendB=212000000 bendC=2000000 refA=9119000 refB=4357000 refC=50000 bend_chk=['717068758', '2109277923', '3927084727'] ref_chk=['717068758', '2109277923', '3927084727']
lru.get medium count=300000 reps=1 sample=5 order=CBA bendA=404000000 bendB=202000000 bendC=3000000 refA=8894000 refB=4466000 refC=112000 bend_chk=['717068758', '2109277923', '3927084727'] ref_chk=['717068758', '2109277923', '3927084727']
lru.get medium calibrate count=50000 reps=1 bend_delta=33000000ns ref_delta=765000ns bendA=70000000ns
lru.get medium calibrate count=200000 reps=1 bend_delta=146000000ns ref_delta=2928000ns bendA=282000000ns
lru.get medium count=200000 reps=1 sample=0 order=ABC bendA=271000000 bendB=135000000 bendC=3000000 refA=5969000 refB=2981000 refC=50000 bend_chk=['3891675310', '3062663134', '3927084727'] ref_chk=['3891675310', '3062663134', '3927084727']
lru.get medium count=200000 reps=1 sample=1 order=CBA bendA=279000000 bendB=136000000 bendC=2000000 refA=6313000 refB=3190000 refC=79000 bend_chk=['3891675310', '3062663134', '3927084727'] ref_chk=['3891675310', '3062663134', '3927084727']
lru.get medium count=200000 reps=1 sample=2 order=ABC bendA=278000000 bendB=157000000 bendC=2000000 refA=6713000 refB=3372000 refC=61000 bend_chk=['3891675310', '3062663134', '3927084727'] ref_chk=['3891675310', '3062663134', '3927084727']
lru.get medium count=200000 reps=1 sample=3 order=CBA bendA=317000000 bendB=158000000 bendC=3000000 refA=8833000 refB=4704000 refC=96000 bend_chk=['3891675310', '3062663134', '3927084727'] ref_chk=['3891675310', '3062663134', '3927084727']
lru.get medium count=200000 reps=1 sample=4 order=ABC bendA=367000000 bendB=166000000 bendC=3000000 refA=7319000 refB=3441000 refC=59000 bend_chk=['3891675310', '3062663134', '3927084727'] ref_chk=['3891675310', '3062663134', '3927084727']
lru.get medium count=200000 reps=1 sample=5 order=CBA bendA=336000000 bendB=156000000 bendC=3000000 refA=6648000 refB=3357000 refC=86000 bend_chk=['3891675310', '3062663134', '3927084727'] ref_chk=['3891675310', '3062663134', '3927084727']
lru.get medium calibrate count=50000 reps=1 bend_delta=35000000ns ref_delta=843000ns bendA=72000000ns
lru.get medium calibrate count=150000 reps=1 bend_delta=91000000ns ref_delta=2335000ns bendA=196000000ns
lru.get medium calibrate count=300000 reps=1 bend_delta=191000000ns ref_delta=4339000ns bendA=373000000ns
lru.get medium count=300000 reps=1 sample=0 order=ABC bendA=377000000 bendB=189000000 bendC=3000000 refA=9466000 refB=4767000 refC=55000 bend_chk=['717068758', '2109277923', '3927084727'] ref_chk=['717068758', '2109277923', '3927084727']
lru.get medium count=300000 reps=1 sample=1 order=CBA bendA=360000000 bendB=181000000 bendC=2000000 refA=8656000 refB=4361000 refC=77000 bend_chk=['717068758', '2109277923', '3927084727'] ref_chk=['717068758', '2109277923', '3927084727']
lru.get medium count=300000 reps=1 sample=2 order=ABC bendA=366000000 bendB=181000000 bendC=3000000 refA=8905000 refB=4462000 refC=52000 bend_chk=['717068758', '2109277923', '3927084727'] ref_chk=['717068758', '2109277923', '3927084727']
lru.get medium count=300000 reps=1 sample=3 order=CBA bendA=358000000 bendB=179000000 bendC=2000000 refA=8957000 refB=4467000 refC=73000 bend_chk=['717068758', '2109277923', '3927084727'] ref_chk=['717068758', '2109277923', '3927084727']
lru.get medium count=300000 reps=1 sample=4 order=ABC bendA=391000000 bendB=204000000 bendC=3000000 refA=10016000 refB=4999000 refC=59000 bend_chk=['717068758', '2109277923', '3927084727'] ref_chk=['717068758', '2109277923', '3927084727']
lru.get medium count=300000 reps=1 sample=5 order=CBA bendA=401000000 bendB=201000000 bendC=3000000 refA=9253000 refB=4658000 refC=77000 bend_chk=['717068758', '2109277923', '3927084727'] ref_chk=['717068758', '2109277923', '3927084727']
lru.peek medium calibrate count=50000 reps=1 bend_delta=14000000ns ref_delta=638000ns bendA=31000000ns
lru.peek medium calibrate count=400000 reps=1 bend_delta=122000000ns ref_delta=5092000ns bendA=240000000ns
lru.peek medium count=400000 reps=1 sample=0 order=ABC bendA=244000000 bendB=120000000 bendC=2000000 refA=11114000 refB=5612000 refC=60000 bend_chk=['3432097593', '2198459762', '2726589282'] ref_chk=['3432097593', '2198459762', '2726589282']
lru.peek medium count=400000 reps=1 sample=1 order=CBA bendA=275000000 bendB=133000000 bendC=2000000 refA=12142000 refB=6098000 refC=91000 bend_chk=['3432097593', '2198459762', '2726589282'] ref_chk=['3432097593', '2198459762', '2726589282']
lru.peek medium count=400000 reps=1 sample=2 order=ABC bendA=267000000 bendB=129000000 bendC=1000000 refA=11053000 refB=5551000 refC=59000 bend_chk=['3432097593', '2198459762', '2726589282'] ref_chk=['3432097593', '2198459762', '2726589282']
lru.peek medium count=400000 reps=1 sample=3 order=CBA bendA=247000000 bendB=122000000 bendC=2000000 refA=10219000 refB=5122000 refC=80000 bend_chk=['3432097593', '2198459762', '2726589282'] ref_chk=['3432097593', '2198459762', '2726589282']
lru.peek medium count=400000 reps=1 sample=4 order=ABC bendA=241000000 bendB=120000000 bendC=2000000 refA=11066000 refB=5600000 refC=61000 bend_chk=['3432097593', '2198459762', '2726589282'] ref_chk=['3432097593', '2198459762', '2726589282']
lru.peek medium count=400000 reps=1 sample=5 order=CBA bendA=284000000 bendB=132000000 bendC=2000000 refA=11025000 refB=5542000 refC=84000 bend_chk=['3432097593', '2198459762', '2726589282'] ref_chk=['3432097593', '2198459762', '2726589282']
lru.peek medium calibrate count=50000 reps=1 bend_delta=40000000ns ref_delta=675000ns bendA=81000000ns
lru.peek medium calibrate count=150000 reps=1 bend_delta=128000000ns ref_delta=2049000ns bendA=238000000ns
lru.peek medium count=150000 reps=1 sample=0 order=ABC bendA=223000000 bendB=111000000 bendC=3000000 refA=3895000 refB=1972000 refC=53000 bend_chk=['3090484910', '3801507341', '2726589282'] ref_chk=['3090484910', '3801507341', '2726589282']
lru.peek medium count=150000 reps=1 sample=1 order=CBA bendA=220000000 bendB=110000000 bendC=3000000 refA=3928000 refB=2001000 refC=90000 bend_chk=['3090484910', '3801507341', '2726589282'] ref_chk=['3090484910', '3801507341', '2726589282']
lru.peek medium count=150000 reps=1 sample=2 order=ABC bendA=223000000 bendB=112000000 bendC=3000000 refA=3923000 refB=1993000 refC=53000 bend_chk=['3090484910', '3801507341', '2726589282'] ref_chk=['3090484910', '3801507341', '2726589282']
lru.peek medium count=150000 reps=1 sample=3 order=CBA bendA=230000000 bendB=111000000 bendC=2000000 refA=3896000 refB=1977000 refC=78000 bend_chk=['3090484910', '3801507341', '2726589282'] ref_chk=['3090484910', '3801507341', '2726589282']
lru.peek medium count=150000 reps=1 sample=4 order=ABC bendA=217000000 bendB=109000000 bendC=3000000 refA=3899000 refB=1970000 refC=56000 bend_chk=['3090484910', '3801507341', '2726589282'] ref_chk=['3090484910', '3801507341', '2726589282']
lru.peek medium count=150000 reps=1 sample=5 order=CBA bendA=220000000 bendB=111000000 bendC=3000000 refA=3855000 refB=1960000 refC=77000 bend_chk=['3090484910', '3801507341', '2726589282'] ref_chk=['3090484910', '3801507341', '2726589282']
lru.peek medium calibrate count=50000 reps=1 bend_delta=37000000ns ref_delta=620000ns bendA=75000000ns
lru.peek medium calibrate count=150000 reps=1 bend_delta=127000000ns ref_delta=2052000ns bendA=245000000ns
lru.peek medium count=150000 reps=1 sample=0 order=ABC bendA=222000000 bendB=119000000 bendC=3000000 refA=4212000 refB=2142000 refC=57000 bend_chk=['3090484910', '3801507341', '2726589282'] ref_chk=['3090484910', '3801507341', '2726589282']
lru.peek medium count=150000 reps=1 sample=1 order=CBA bendA=263000000 bendB=116000000 bendC=3000000 refA=4181000 refB=2125000 refC=83000 bend_chk=['3090484910', '3801507341', '2726589282'] ref_chk=['3090484910', '3801507341', '2726589282']
lru.peek medium count=150000 reps=1 sample=2 order=ABC bendA=239000000 bendB=125000000 bendC=3000000 refA=4218000 refB=2126000 refC=59000 bend_chk=['3090484910', '3801507341', '2726589282'] ref_chk=['3090484910', '3801507341', '2726589282']
lru.peek medium count=150000 reps=1 sample=3 order=CBA bendA=285000000 bendB=116000000 bendC=3000000 refA=8414000 refB=3141000 refC=91000 bend_chk=['3090484910', '3801507341', '2726589282'] ref_chk=['3090484910', '3801507341', '2726589282']
lru.peek medium count=150000 reps=1 sample=4 order=ABC bendA=291000000 bendB=122000000 bendC=3000000 refA=4221000 refB=2135000 refC=58000 bend_chk=['3090484910', '3801507341', '2726589282'] ref_chk=['3090484910', '3801507341', '2726589282']
lru.peek medium count=150000 reps=1 sample=5 order=CBA bendA=243000000 bendB=151000000 bendC=3000000 refA=6177000 refB=2681000 refC=111000 bend_chk=['3090484910', '3801507341', '2726589282'] ref_chk=['3090484910', '3801507341', '2726589282']
lru.peek medium calibrate count=50000 reps=1 bend_delta=57000000ns ref_delta=720000ns bendA=101000000ns
lru.peek medium calibrate count=100000 reps=1 bend_delta=287000000ns ref_delta=2815000ns bendA=366000000ns
lru.peek medium count=100000 reps=1 sample=0 order=ABC bendA=206000000 bendB=93000000 bendC=4000000 refA=3127000 refB=1585000 refC=66000 bend_chk=['281724212', '2144989143', '2726589282'] ref_chk=['281724212', '2144989143', '2726589282']
lru.peek medium count=100000 reps=1 sample=1 order=CBA bendA=215000000 bendB=98000000 bendC=3000000 refA=3512000 refB=1761000 refC=100000 bend_chk=['281724212', '2144989143', '2726589282'] ref_chk=['281724212', '2144989143', '2726589282']
lru.peek medium count=100000 reps=1 sample=2 order=ABC bendA=193000000 bendB=99000000 bendC=3000000 refA=3537000 refB=1779000 refC=70000 bend_chk=['281724212', '2144989143', '2726589282'] ref_chk=['281724212', '2144989143', '2726589282']
lru.peek medium count=100000 reps=1 sample=3 order=CBA bendA=186000000 bendB=86000000 bendC=4000000 refA=3096000 refB=1585000 refC=94000 bend_chk=['281724212', '2144989143', '2726589282'] ref_chk=['281724212', '2144989143', '2726589282']
lru.peek medium count=100000 reps=1 sample=4 order=ABC bendA=181000000 bendB=105000000 bendC=3000000 refA=3462000 refB=1758000 refC=70000 bend_chk=['281724212', '2144989143', '2726589282'] ref_chk=['281724212', '2144989143', '2726589282']
lru.peek medium count=100000 reps=1 sample=5 order=CBA bendA=163000000 bendB=90000000 bendC=3000000 refA=2836000 refB=1451000 refC=85000 bend_chk=['281724212', '2144989143', '2726589282'] ref_chk=['281724212', '2144989143', '2726589282']
lru.peek medium calibrate count=50000 reps=1 bend_delta=42000000ns ref_delta=777000ns bendA=89000000ns
lru.peek medium calibrate count=150000 reps=1 bend_delta=120000000ns ref_delta=2056000ns bendA=238000000ns
lru.peek medium count=150000 reps=1 sample=0 order=ABC bendA=241000000 bendB=122000000 bendC=2000000 refA=4204000 refB=2133000 refC=59000 bend_chk=['3090484910', '3801507341', '2726589282'] ref_chk=['3090484910', '3801507341', '2726589282']
lru.peek medium count=150000 reps=1 sample=1 order=CBA bendA=232000000 bendB=115000000 bendC=3000000 refA=4198000 refB=2137000 refC=87000 bend_chk=['3090484910', '3801507341', '2726589282'] ref_chk=['3090484910', '3801507341', '2726589282']
lru.peek medium count=150000 reps=1 sample=2 order=ABC bendA=236000000 bendB=114000000 bendC=3000000 refA=3892000 refB=1985000 refC=57000 bend_chk=['3090484910', '3801507341', '2726589282'] ref_chk=['3090484910', '3801507341', '2726589282']
lru.peek medium count=150000 reps=1 sample=3 order=CBA bendA=233000000 bendB=114000000 bendC=3000000 refA=3878000 refB=1975000 refC=80000 bend_chk=['3090484910', '3801507341', '2726589282'] ref_chk=['3090484910', '3801507341', '2726589282']
lru.peek medium count=150000 reps=1 sample=4 order=ABC bendA=231000000 bendB=109000000 bendC=3000000 refA=3895000 refB=1971000 refC=54000 bend_chk=['3090484910', '3801507341', '2726589282'] ref_chk=['3090484910', '3801507341', '2726589282']
lru.peek medium count=150000 reps=1 sample=5 order=CBA bendA=218000000 bendB=120000000 bendC=3000000 refA=3878000 refB=1975000 refC=117000 bend_chk=['3090484910', '3801507341', '2726589282'] ref_chk=['3090484910', '3801507341', '2726589282']
lru.peek medium calibrate count=50000 reps=1 bend_delta=37000000ns ref_delta=644000ns bendA=71000000ns
lru.peek medium calibrate count=150000 reps=1 bend_delta=111000000ns ref_delta=1896000ns bendA=209000000ns
lru.peek medium count=150000 reps=1 sample=0 order=ABC bendA=190000000 bendB=96000000 bendC=3000000 refA=3915000 refB=1988000 refC=56000 bend_chk=['3090484910', '3801507341', '2726589282'] ref_chk=['3090484910', '3801507341', '2726589282']
lru.peek medium count=150000 reps=1 sample=1 order=CBA bendA=185000000 bendB=95000000 bendC=2000000 refA=3867000 refB=1969000 refC=79000 bend_chk=['3090484910', '3801507341', '2726589282'] ref_chk=['3090484910', '3801507341', '2726589282']
lru.peek medium count=150000 reps=1 sample=2 order=ABC bendA=184000000 bendB=94000000 bendC=3000000 refA=3901000 refB=1980000 refC=56000 bend_chk=['3090484910', '3801507341', '2726589282'] ref_chk=['3090484910', '3801507341', '2726589282']
lru.peek medium count=150000 reps=1 sample=3 order=CBA bendA=184000000 bendB=91000000 bendC=3000000 refA=3882000 refB=1992000 refC=76000 bend_chk=['3090484910', '3801507341', '2726589282'] ref_chk=['3090484910', '3801507341', '2726589282']
lru.peek medium count=150000 reps=1 sample=4 order=ABC bendA=189000000 bendB=97000000 bendC=3000000 refA=4862000 refB=2130000 refC=61000 bend_chk=['3090484910', '3801507341', '2726589282'] ref_chk=['3090484910', '3801507341', '2726589282']
lru.peek medium count=150000 reps=1 sample=5 order=CBA bendA=231000000 bendB=113000000 bendC=3000000 refA=4603000 refB=2351000 refC=99000 bend_chk=['3090484910', '3801507341', '2726589282'] ref_chk=['3090484910', '3801507341', '2726589282']
lru.set_lifetime medium calibrate count=200000 reps=1 bend_delta=489000000ns ref_delta=1704000ns bendA=949000000ns
lru.set_lifetime medium count=200000 reps=1 sample=0 order=ABC bendA=870000000 bendB=467000000 bendC=2000000 refA=3475000 refB=1740000 refC=56000 bend_chk=['2725960448', '2783577477', '2974079651'] ref_chk=['2725960448', '2783577477', '2974079651']
lru.set_lifetime medium count=200000 reps=1 sample=1 order=CBA bendA=1037000000 bendB=498000000 bendC=2000000 refA=3688000 refB=1874000 refC=80000 bend_chk=['2725960448', '2783577477', '2974079651'] ref_chk=['2725960448', '2783577477', '2974079651']
lru.set_lifetime medium count=200000 reps=1 sample=2 order=ABC bendA=1036000000 bendB=566000000 bendC=2000000 refA=3717000 refB=1878000 refC=60000 bend_chk=['2725960448', '2783577477', '2974079651'] ref_chk=['2725960448', '2783577477', '2974079651']
lru.set_lifetime medium count=200000 reps=1 sample=3 order=CBA bendA=1028000000 bendB=558000000 bendC=2000000 refA=3886000 refB=1877000 refC=86000 bend_chk=['2725960448', '2783577477', '2974079651'] ref_chk=['2725960448', '2783577477', '2974079651']
lru.set_lifetime medium count=200000 reps=1 sample=4 order=ABC bendA=1007000000 bendB=485000000 bendC=2000000 refA=3455000 refB=1740000 refC=54000 bend_chk=['2725960448', '2783577477', '2974079651'] ref_chk=['2725960448', '2783577477', '2974079651']
lru.set_lifetime medium count=200000 reps=1 sample=5 order=CBA bendA=903000000 bendB=442000000 bendC=2000000 refA=3051000 refB=1551000 refC=71000 bend_chk=['2725960448', '2783577477', '2974079651'] ref_chk=['2725960448', '2783577477', '2974079651']
lru.set_lifetime medium calibrate count=200000 reps=1 bend_delta=399000000ns ref_delta=1597000ns bendA=836000000ns
lru.set_lifetime medium count=200000 reps=1 sample=0 order=ABC bendA=853000000 bendB=522000000 bendC=3000000 refA=3447000 refB=1737000 refC=55000 bend_chk=['2725960448', '2783577477', '2974079651'] ref_chk=['2725960448', '2783577477', '2974079651']
lru.set_lifetime medium count=200000 reps=1 sample=1 order=CBA bendA=907000000 bendB=471000000 bendC=3000000 refA=3420000 refB=1738000 refC=78000 bend_chk=['2725960448', '2783577477', '2974079651'] ref_chk=['2725960448', '2783577477', '2974079651']
lru.set_lifetime medium count=200000 reps=1 sample=2 order=ABC bendA=884000000 bendB=491000000 bendC=3000000 refA=3765000 refB=1890000 refC=61000 bend_chk=['2725960448', '2783577477', '2974079651'] ref_chk=['2725960448', '2783577477', '2974079651']
lru.set_lifetime medium count=200000 reps=1 sample=3 order=CBA bendA=1016000000 bendB=508000000 bendC=3000000 refA=3692000 refB=1880000 refC=95000 bend_chk=['2725960448', '2783577477', '2974079651'] ref_chk=['2725960448', '2783577477', '2974079651']
lru.set_lifetime medium count=200000 reps=1 sample=4 order=ABC bendA=992000000 bendB=474000000 bendC=2000000 refA=3480000 refB=1752000 refC=56000 bend_chk=['2725960448', '2783577477', '2974079651'] ref_chk=['2725960448', '2783577477', '2974079651']
lru.set_lifetime medium count=200000 reps=1 sample=5 order=CBA bendA=885000000 bendB=470000000 bendC=2000000 refA=3240000 refB=1633000 refC=77000 bend_chk=['2725960448', '2783577477', '2974079651'] ref_chk=['2725960448', '2783577477', '2974079651']
lru.set_lifetime medium calibrate count=200000 reps=1 bend_delta=314000000ns ref_delta=1600000ns bendA=634000000ns
lru.set_lifetime medium count=200000 reps=1 sample=0 order=ABC bendA=613000000 bendB=318000000 bendC=2000000 refA=3232000 refB=1631000 refC=52000 bend_chk=['2725960448', '2783577477', '2974079651'] ref_chk=['2725960448', '2783577477', '2974079651']
lru.set_lifetime medium count=200000 reps=1 sample=1 order=CBA bendA=676000000 bendB=390000000 bendC=2000000 refA=3208000 refB=1630000 refC=79000 bend_chk=['2725960448', '2783577477', '2974079651'] ref_chk=['2725960448', '2783577477', '2974079651']
lru.set_lifetime medium count=200000 reps=1 sample=2 order=ABC bendA=618000000 bendB=348000000 bendC=3000000 refA=3716000 refB=1874000 refC=56000 bend_chk=['2725960448', '2783577477', '2974079651'] ref_chk=['2725960448', '2783577477', '2974079651']
lru.set_lifetime medium count=200000 reps=1 sample=3 order=CBA bendA=700000000 bendB=396000000 bendC=3000000 refA=3417000 refB=1738000 refC=79000 bend_chk=['2725960448', '2783577477', '2974079651'] ref_chk=['2725960448', '2783577477', '2974079651']
lru.set_lifetime medium count=200000 reps=1 sample=4 order=ABC bendA=633000000 bendB=345000000 bendC=3000000 refA=3228000 refB=1631000 refC=53000 bend_chk=['2725960448', '2783577477', '2974079651'] ref_chk=['2725960448', '2783577477', '2974079651']
lru.set_lifetime medium count=200000 reps=1 sample=5 order=CBA bendA=656000000 bendB=328000000 bendC=2000000 refA=3434000 refB=1751000 refC=81000 bend_chk=['2725960448', '2783577477', '2974079651'] ref_chk=['2725960448', '2783577477', '2974079651']
lru.set_lifetime medium calibrate count=200000 reps=1 bend_delta=334000000ns ref_delta=1727000ns bendA=684000000ns
lru.set_lifetime medium count=200000 reps=1 sample=0 order=ABC bendA=731000000 bendB=375000000 bendC=2000000 refA=3718000 refB=1879000 refC=62000 bend_chk=['2725960448', '2783577477', '2974079651'] ref_chk=['2725960448', '2783577477', '2974079651']
lru.set_lifetime medium count=200000 reps=1 sample=1 order=CBA bendA=702000000 bendB=388000000 bendC=3000000 refA=3206000 refB=1631000 refC=134000 bend_chk=['2725960448', '2783577477', '2974079651'] ref_chk=['2725960448', '2783577477', '2974079651']
lru.set_lifetime medium count=200000 reps=1 sample=2 order=ABC bendA=641000000 bendB=324000000 bendC=3000000 refA=3237000 refB=1630000 refC=49000 bend_chk=['2725960448', '2783577477', '2974079651'] ref_chk=['2725960448', '2783577477', '2974079651']
lru.set_lifetime medium count=200000 reps=1 sample=3 order=CBA bendA=682000000 bendB=330000000 bendC=2000000 refA=3209000 refB=1628000 refC=80000 bend_chk=['2725960448', '2783577477', '2974079651'] ref_chk=['2725960448', '2783577477', '2974079651']
lru.set_lifetime medium count=200000 reps=1 sample=4 order=ABC bendA=636000000 bendB=327000000 bendC=3000000 refA=3229000 refB=1631000 refC=51000 bend_chk=['2725960448', '2783577477', '2974079651'] ref_chk=['2725960448', '2783577477', '2974079651']
lru.set_lifetime medium count=200000 reps=1 sample=5 order=CBA bendA=656000000 bendB=321000000 bendC=3000000 refA=3208000 refB=1630000 refC=72000 bend_chk=['2725960448', '2783577477', '2974079651'] ref_chk=['2725960448', '2783577477', '2974079651']
lru.set_lifetime medium calibrate count=200000 reps=1 bend_delta=306000000ns ref_delta=1707000ns bendA=629000000ns
lru.set_lifetime medium count=200000 reps=1 sample=0 order=ABC bendA=724000000 bendB=358000000 bendC=3000000 refA=3715000 refB=1877000 refC=59000 bend_chk=['2725960448', '2783577477', '2974079651'] ref_chk=['2725960448', '2783577477', '2974079651']
lru.set_lifetime medium count=200000 reps=1 sample=1 order=CBA bendA=683000000 bendB=360000000 bendC=3000000 refA=3417000 refB=1738000 refC=77000 bend_chk=['2725960448', '2783577477', '2974079651'] ref_chk=['2725960448', '2783577477', '2974079651']
lru.set_lifetime medium count=200000 reps=1 sample=2 order=ABC bendA=639000000 bendB=327000000 bendC=3000000 refA=3237000 refB=1629000 refC=49000 bend_chk=['2725960448', '2783577477', '2974079651'] ref_chk=['2725960448', '2783577477', '2974079651']
lru.set_lifetime medium count=200000 reps=1 sample=3 order=CBA bendA=727000000 bendB=341000000 bendC=3000000 refA=3418000 refB=1736000 refC=74000 bend_chk=['2725960448', '2783577477', '2974079651'] ref_chk=['2725960448', '2783577477', '2974079651']
lru.set_lifetime medium count=200000 reps=1 sample=4 order=ABC bendA=730000000 bendB=364000000 bendC=3000000 refA=3719000 refB=1874000 refC=58000 bend_chk=['2725960448', '2783577477', '2974079651'] ref_chk=['2725960448', '2783577477', '2974079651']
lru.set_lifetime medium count=200000 reps=1 sample=5 order=CBA bendA=739000000 bendB=372000000 bendC=3000000 refA=3421000 refB=1737000 refC=78000 bend_chk=['2725960448', '2783577477', '2974079651'] ref_chk=['2725960448', '2783577477', '2974079651']
lru.set_lifetime medium calibrate count=200000 reps=1 bend_delta=353000000ns ref_delta=1699000ns bendA=700000000ns
lru.set_lifetime medium count=200000 reps=1 sample=0 order=ABC bendA=649000000 bendB=324000000 bendC=3000000 refA=3243000 refB=1631000 refC=51000 bend_chk=['2725960448', '2783577477', '2974079651'] ref_chk=['2725960448', '2783577477', '2974079651']
lru.set_lifetime medium count=200000 reps=1 sample=1 order=CBA bendA=634000000 bendB=315000000 bendC=3000000 refA=3207000 refB=1630000 refC=83000 bend_chk=['2725960448', '2783577477', '2974079651'] ref_chk=['2725960448', '2783577477', '2974079651']
lru.set_lifetime medium count=200000 reps=1 sample=2 order=ABC bendA=626000000 bendB=326000000 bendC=3000000 refA=3235000 refB=1632000 refC=53000 bend_chk=['2725960448', '2783577477', '2974079651'] ref_chk=['2725960448', '2783577477', '2974079651']
lru.set_lifetime medium count=200000 reps=1 sample=3 order=CBA bendA=656000000 bendB=320000000 bendC=2000000 refA=3420000 refB=1736000 refC=76000 bend_chk=['2725960448', '2783577477', '2974079651'] ref_chk=['2725960448', '2783577477', '2974079651']
lru.set_lifetime medium count=200000 reps=1 sample=4 order=ABC bendA=702000000 bendB=345000000 bendC=3000000 refA=3231000 refB=1634000 refC=50000 bend_chk=['2725960448', '2783577477', '2974079651'] ref_chk=['2725960448', '2783577477', '2974079651']
lru.set_lifetime medium count=200000 reps=1 sample=5 order=CBA bendA=661000000 bendB=335000000 bendC=3000000 refA=3207000 refB=1631000 refC=73000 bend_chk=['2725960448', '2783577477', '2974079651'] ref_chk=['2725960448', '2783577477', '2974079651']
lru.expiry medium calibrate count=50000 reps=1 bend_delta=570000000ns ref_delta=614000ns bendA=1183000000ns
lru.expiry medium count=50000 reps=1 sample=0 order=ABC bendA=1173000000 bendB=632000000 bendC=1000000 refA=1923000 refB=1108000 refC=78000 bend_chk=['2032653282', '3645847522', '930956150'] ref_chk=['2032653282', '3645847522', '930956150']
lru.expiry medium count=50000 reps=1 sample=1 order=CBA bendA=1163000000 bendB=680000000 bendC=2000000 refA=1238000 refB=715000 refC=76000 bend_chk=['2032653282', '3645847522', '930956150'] ref_chk=['2032653282', '3645847522', '930956150']
lru.expiry medium count=50000 reps=1 sample=2 order=ABC bendA=1224000000 bendB=610000000 bendC=2000000 refA=1238000 refB=709000 refC=54000 bend_chk=['2032653282', '3645847522', '930956150'] ref_chk=['2032653282', '3645847522', '930956150']
lru.expiry medium count=50000 reps=1 sample=3 order=CBA bendA=1104000000 bendB=598000000 bendC=1000000 refA=1164000 refB=650000 refC=75000 bend_chk=['2032653282', '3645847522', '930956150'] ref_chk=['2032653282', '3645847522', '930956150']
lru.expiry medium count=50000 reps=1 sample=4 order=ABC bendA=1179000000 bendB=634000000 bendC=2000000 refA=1249000 refB=685000 refC=55000 bend_chk=['2032653282', '3645847522', '930956150'] ref_chk=['2032653282', '3645847522', '930956150']
lru.expiry medium count=50000 reps=1 sample=5 order=CBA bendA=1121000000 bendB=610000000 bendC=2000000 refA=1112000 refB=638000 refC=72000 bend_chk=['2032653282', '3645847522', '930956150'] ref_chk=['2032653282', '3645847522', '930956150']
lru.expiry medium calibrate count=50000 reps=1 bend_delta=694000000ns ref_delta=494000ns bendA=1347000000ns
lru.expiry medium count=50000 reps=1 sample=0 order=ABC bendA=1118000000 bendB=709000000 bendC=2000000 refA=1320000 refB=714000 refC=58000 bend_chk=['2032653282', '3645847522', '930956150'] ref_chk=['2032653282', '3645847522', '930956150']
lru.expiry medium count=50000 reps=1 sample=1 order=CBA bendA=1564000000 bendB=763000000 bendC=3000000 refA=1250000 refB=727000 refC=89000 bend_chk=['2032653282', '3645847522', '930956150'] ref_chk=['2032653282', '3645847522', '930956150']
lru.expiry medium count=50000 reps=1 sample=2 order=ABC bendA=1318000000 bendB=634000000 bendC=3000000 refA=1147000 refB=636000 refC=49000 bend_chk=['2032653282', '3645847522', '930956150'] ref_chk=['2032653282', '3645847522', '930956150']
lru.expiry medium count=50000 reps=1 sample=3 order=CBA bendA=1335000000 bendB=620000000 bendC=3000000 refA=1191000 refB=634000 refC=76000 bend_chk=['2032653282', '3645847522', '930956150'] ref_chk=['2032653282', '3645847522', '930956150']
lru.expiry medium count=50000 reps=1 sample=4 order=ABC bendA=1215000000 bendB=646000000 bendC=3000000 refA=1146000 refB=642000 refC=50000 bend_chk=['2032653282', '3645847522', '930956150'] ref_chk=['2032653282', '3645847522', '930956150']
lru.expiry medium count=50000 reps=1 sample=5 order=CBA bendA=1207000000 bendB=641000000 bendC=2000000 refA=1172000 refB=654000 refC=77000 bend_chk=['2032653282', '3645847522', '930956150'] ref_chk=['2032653282', '3645847522', '930956150']
lru.expiry medium calibrate count=50000 reps=1 bend_delta=552000000ns ref_delta=558000ns bendA=1160000000ns
lru.expiry medium count=50000 reps=1 sample=0 order=ABC bendA=1194000000 bendB=718000000 bendC=6000000 refA=1994000 refB=1070000 refC=79000 bend_chk=['2032653282', '3645847522', '930956150'] ref_chk=['2032653282', '3645847522', '930956150']
lru.expiry medium count=50000 reps=1 sample=1 order=CBA bendA=1546000000 bendB=779000000 bendC=4000000 refA=1380000 refB=859000 refC=127000 bend_chk=['2032653282', '3645847522', '930956150'] ref_chk=['2032653282', '3645847522', '930956150']
lru.expiry medium count=50000 reps=1 sample=2 order=ABC bendA=1795000000 bendB=840000000 bendC=4000000 refA=1490000 refB=791000 refC=64000 bend_chk=['2032653282', '3645847522', '930956150'] ref_chk=['2032653282', '3645847522', '930956150']
lru.expiry medium count=50000 reps=1 sample=3 order=CBA bendA=1539000000 bendB=786000000 bendC=4000000 refA=1748000 refB=952000 refC=107000 bend_chk=['2032653282', '3645847522', '930956150'] ref_chk=['2032653282', '3645847522', '930956150']
lru.expiry medium count=50000 reps=1 sample=4 order=ABC bendA=1514000000 bendB=798000000 bendC=3000000 refA=1456000 refB=765000 refC=63000 bend_chk=['2032653282', '3645847522', '930956150'] ref_chk=['2032653282', '3645847522', '930956150']
lru.expiry medium count=50000 reps=1 sample=5 order=CBA bendA=1576000000 bendB=784000000 bendC=4000000 refA=1631000 refB=919000 refC=101000 bend_chk=['2032653282', '3645847522', '930956150'] ref_chk=['2032653282', '3645847522', '930956150']
lru.expiry medium calibrate count=50000 reps=1 bend_delta=479000000ns ref_delta=738000ns bendA=1038000000ns
lru.expiry medium count=50000 reps=1 sample=0 order=ABC bendA=1028000000 bendB=535000000 bendC=8000000 refA=2077000 refB=896000 refC=71000 bend_chk=['2032653282', '3645847522', '930956150'] ref_chk=['2032653282', '3645847522', '930956150']
lru.expiry medium count=50000 reps=1 sample=1 order=CBA bendA=972000000 bendB=532000000 bendC=9000000 refA=1567000 refB=903000 refC=97000 bend_chk=['2032653282', '3645847522', '930956150'] ref_chk=['2032653282', '3645847522', '930956150']
lru.expiry medium count=50000 reps=1 sample=2 order=ABC bendA=1159000000 bendB=590000000 bendC=5000000 refA=1631000 refB=921000 refC=71000 bend_chk=['2032653282', '3645847522', '930956150'] ref_chk=['2032653282', '3645847522', '930956150']
lru.expiry medium count=50000 reps=1 sample=3 order=CBA bendA=957000000 bendB=553000000 bendC=3000000 refA=1448000 refB=817000 refC=101000 bend_chk=['2032653282', '3645847522', '930956150'] ref_chk=['2032653282', '3645847522', '930956150']
lru.expiry medium count=50000 reps=1 sample=4 order=ABC bendA=938000000 bendB=499000000 bendC=6000000 refA=2101000 refB=1178000 refC=86000 bend_chk=['2032653282', '3645847522', '930956150'] ref_chk=['2032653282', '3645847522', '930956150']
lru.expiry medium count=50000 reps=1 sample=5 order=CBA bendA=1047000000 bendB=484000000 bendC=4000000 refA=1448000 refB=825000 refC=95000 bend_chk=['2032653282', '3645847522', '930956150'] ref_chk=['2032653282', '3645847522', '930956150']
lru.expiry medium calibrate count=50000 reps=1 bend_delta=443000000ns ref_delta=650000ns bendA=953000000ns
lru.expiry medium count=50000 reps=1 sample=0 order=ABC bendA=959000000 bendB=488000000 bendC=4000000 refA=1633000 refB=875000 refC=70000 bend_chk=['2032653282', '3645847522', '930956150'] ref_chk=['2032653282', '3645847522', '930956150']
lru.expiry medium count=50000 reps=1 sample=1 order=CBA bendA=922000000 bendB=481000000 bendC=4000000 refA=1431000 refB=821000 refC=95000 bend_chk=['2032653282', '3645847522', '930956150'] ref_chk=['2032653282', '3645847522', '930956150']
lru.expiry medium count=50000 reps=1 sample=2 order=ABC bendA=937000000 bendB=497000000 bendC=3000000 refA=1739000 refB=907000 refC=69000 bend_chk=['2032653282', '3645847522', '930956150'] ref_chk=['2032653282', '3645847522', '930956150']
lru.expiry medium count=50000 reps=1 sample=3 order=CBA bendA=934000000 bendB=478000000 bendC=3000000 refA=1445000 refB=787000 refC=93000 bend_chk=['2032653282', '3645847522', '930956150'] ref_chk=['2032653282', '3645847522', '930956150']
lru.expiry medium count=50000 reps=1 sample=4 order=ABC bendA=967000000 bendB=499000000 bendC=4000000 refA=1787000 refB=886000 refC=71000 bend_chk=['2032653282', '3645847522', '930956150'] ref_chk=['2032653282', '3645847522', '930956150']
lru.expiry medium count=50000 reps=1 sample=5 order=CBA bendA=1145000000 bendB=598000000 bendC=4000000 refA=1632000 refB=940000 refC=121000 bend_chk=['2032653282', '3645847522', '930956150'] ref_chk=['2032653282', '3645847522', '930956150']
lru.expiry medium calibrate count=50000 reps=1 bend_delta=423000000ns ref_delta=724000ns bendA=919000000ns
lru.expiry medium count=50000 reps=1 sample=0 order=ABC bendA=932000000 bendB=482000000 bendC=4000000 refA=1673000 refB=913000 refC=71000 bend_chk=['2032653282', '3645847522', '930956150'] ref_chk=['2032653282', '3645847522', '930956150']
lru.expiry medium count=50000 reps=1 sample=1 order=CBA bendA=910000000 bendB=484000000 bendC=4000000 refA=1459000 refB=837000 refC=90000 bend_chk=['2032653282', '3645847522', '930956150'] ref_chk=['2032653282', '3645847522', '930956150']
lru.expiry medium count=50000 reps=1 sample=2 order=ABC bendA=929000000 bendB=482000000 bendC=5000000 refA=1855000 refB=1003000 refC=78000 bend_chk=['2032653282', '3645847522', '930956150'] ref_chk=['2032653282', '3645847522', '930956150']
lru.expiry medium count=50000 reps=1 sample=3 order=CBA bendA=931000000 bendB=479000000 bendC=4000000 refA=1447000 refB=841000 refC=102000 bend_chk=['2032653282', '3645847522', '930956150'] ref_chk=['2032653282', '3645847522', '930956150']
lru.expiry medium count=50000 reps=1 sample=4 order=ABC bendA=928000000 bendB=502000000 bendC=4000000 refA=1659000 refB=904000 refC=72000 bend_chk=['2032653282', '3645847522', '930956150'] ref_chk=['2032653282', '3645847522', '930956150']
lru.expiry medium count=50000 reps=1 sample=5 order=CBA bendA=943000000 bendB=497000000 bendC=4000000 refA=1435000 refB=835000 refC=93000 bend_chk=['2032653282', '3645847522', '930956150'] ref_chk=['2032653282', '3645847522', '930956150']
