CHECK: ['/Users/monkeair/.bend/bin/bend', 'PROOF.bend']
All terms check.
CHECK: ['/Library/Developer/CommandLineTools/usr/bin/python3', 'tools/validate.py', '--report', '/Users/monkeair/work/bend-lru/build/validation.json']
TestLRU passed
TestLRU_Add passed
TestLRU_Purge passed
TestLRU_Remove passed
TestLRU_RemoveOldest passed
TestLRU_AddWithExpire passed
TestLRU_AddWithRefresh passed
TestLRUMatch passed
TestLRUAdd passed
TestLRUMetrics passed
TestLRU_Values passed
TestLRU_GetOldest passed
checker passed
assertion_inventory passed
spec_templates passed
boundary passed
clock_failures passed
host_bridge passed
differential passed
numeric_boundaries passed
sensitivity passed
transport_sensitivity passed
full_scope passed
CHECK: ['/Users/monkeair/.bend/bin/bend', 'END_TO_END.bend']
All terms check.
