[build] deque -> ok
[functional] deque len pf:1 pb:2 pf:3 pb:4 to_list len peekf peekb popf to_list popb to_list peekf peekb popf popb len to_list
  bend  : ['N 0', 'OK', 'OK', 'OK', 'OK', 'LIST 3,1,2,4', 'N 4', 'OK 3', 'OK 4', 'OK 3', 'LIST 1,2,4', 'OK 4', 'LIST 1,2', 'OK 1', 'OK 2', 'OK 1', 'OK 2', 'N 0', 'LIST ']
  oracle: ['N 0', 'OK', 'OK', 'OK', 'OK', 'LIST 3,1,2,4', 'N 4', 'OK 3', 'OK 4', 'OK 3', 'LIST 1,2,4', 'OK 4', 'LIST 1,2', 'OK 1', 'OK 2', 'OK 1', 'OK 2', 'N 0', 'LIST ']
[functional] deque pb:1 pb:2 pb:3 pb:4 pb:5 popf popf to_list pf:9 peekf peekb popb popb to_list len
  bend  : ['OK', 'OK', 'OK', 'OK', 'OK', 'OK 1', 'OK 2', 'LIST 3,4,5', 'OK', 'OK 9', 'OK 5', 'OK 5', 'OK 4', 'LIST 9,3', 'N 2']
  oracle: ['OK', 'OK', 'OK', 'OK', 'OK', 'OK 1', 'OK 2', 'LIST 3,4,5', 'OK', 'OK 9', 'OK 5', 'OK 5', 'OK 4', 'LIST 9,3', 'N 2']
[boundary] deque popf popb peekf peekb len to_list
  bend  : ['ERR EmptyDeque', 'ERR EmptyDeque', 'ERR EmptyDeque', 'ERR EmptyDeque', 'N 0', 'LIST ']
  oracle: ['ERR EmptyDeque', 'ERR EmptyDeque', 'ERR EmptyDeque', 'ERR EmptyDeque', 'N 0', 'LIST ']
[boundary] deque pf:1 popf popf peekb len to_list
  bend  : ['OK', 'OK 1', 'ERR EmptyDeque', 'ERR EmptyDeque', 'N 0', 'LIST ']
  oracle: ['OK', 'OK 1', 'ERR EmptyDeque', 'ERR EmptyDeque', 'N 0', 'LIST ']
[differential] deque len peekb peekf popf peekb pf:65 popf popb pf:57 pb:11 popf len popb popb pb:57 popb popb pf:1 peekb pf:4 pf:30 popb peekf pb:75 peekb popf popb popf popb popf pb:70 to_list peekb popb pb:29 popf pf:72 peekf pb:37 pb:2 peekb pf:26 len pf:48 to_list pb:9 popf pf:86 pb:11 pb:1 to_list peekf pf:31
  bend  : ['N 0', 'ERR EmptyDeque', 'ERR EmptyDeque', 'ERR EmptyDeque', 'ERR EmptyDeque', 'OK', 'OK 65', 'ERR EmptyDeque', 'OK', 'OK', 'OK 57', 'N 1', 'OK 11', 'ERR EmptyDeque', 'OK', 'OK 57', 'ERR EmptyDeque', 'OK', 'OK 1', 'OK', 'OK', 'OK 1', 'OK 30', 'OK', 'OK 75', 'OK 30', 'OK 75', 'OK 4', 'ERR EmptyDeque', 'ERR EmptyDeque', 'OK', 'LIST 70', 'OK 70', 'OK 70', 'OK', 'OK 29', 'OK', 'OK 72', 'OK', 'OK', 'OK 2', 'OK', 'N 4', 'OK', 'LIST 48,26,72,37,2', 'OK', 'OK 48', 'OK', 'OK', 'OK', 'LIST 86,26,72,37,2,9,11,1', 'OK 86', 'OK']
  oracle: ['N 0', 'ERR EmptyDeque', 'ERR EmptyDeque', 'ERR EmptyDeque', 'ERR EmptyDeque', 'OK', 'OK 65', 'ERR EmptyDeque', 'OK', 'OK', 'OK 57', 'N 1', 'OK 11', 'ERR EmptyDeque', 'OK', 'OK 57', 'ERR EmptyDeque', 'OK', 'OK 1', 'OK', 'OK', 'OK 1', 'OK 30', 'OK', 'OK 75', 'OK 30', 'OK 75', 'OK 4', 'ERR EmptyDeque', 'ERR EmptyDeque', 'OK', 'LIST 70', 'OK 70', 'OK 70', 'OK', 'OK 29', 'OK', 'OK 72', 'OK', 'OK', 'OK 2', 'OK', 'N 4', 'OK', 'LIST 48,26,72,37,2', 'OK', 'OK 48', 'OK', 'OK', 'OK', 'LIST 86,26,72,37,2,9,11,1', 'OK 86', 'OK']
[differential] deque len pf:75 pb:48 popf pf:24 pb:1 pb:58 len pf:90 popf pf:80 peekf pb:7 pf:4 popb popb popb to_list pb:97 len to_list pb:40 popf peekb pf:61 popb popf popb pf:22 popf popb popf popb pf:54 pf:35 to_list pb:75 pb:47 len popf len popf pf:19
  bend  : ['N 0', 'OK', 'OK', 'OK 75', 'OK', 'OK', 'OK', 'N 4', 'OK', 'OK 90', 'OK', 'OK 80', 'OK', 'OK', 'OK 7', 'OK 58', 'OK 1', 'LIST 4,80,24,48', 'OK', 'N 5', 'LIST 4,80,24,48,97', 'OK', 'OK 4', 'OK 40', 'OK', 'OK 40', 'OK 61', 'OK 97', 'OK', 'OK 22', 'OK 48', 'OK 80', 'OK 24', 'OK', 'OK', 'LIST 35,54', 'OK', 'OK', 'N 4', 'OK 35', 'N 3', 'OK 54', 'OK']
  oracle: ['N 0', 'OK', 'OK', 'OK 75', 'OK', 'OK', 'OK', 'N 4', 'OK', 'OK 90', 'OK', 'OK 80', 'OK', 'OK', 'OK 7', 'OK 58', 'OK 1', 'LIST 4,80,24,48', 'OK', 'N 5', 'LIST 4,80,24,48,97', 'OK', 'OK 4', 'OK 40', 'OK', 'OK 40', 'OK 61', 'OK 97', 'OK', 'OK 22', 'OK 48', 'OK 80', 'OK 24', 'OK', 'OK', 'LIST 35,54', 'OK', 'OK', 'N 4', 'OK 35', 'N 3', 'OK 54', 'OK']
[differential] deque popb to_list popb peekf popb pf:47 pb:13 to_list popf peekb len to_list pb:18 to_list to_list peekb pf:9 popf len popb pb:75 popf popb popf pf:67 popb popf pf:0 popb len pf:74 pb:41 pb:20 peekb pf:1 len pf:92 pb:29 popf len popb pb:91 pf:18 pf:79 popb pb:13 popf pf:83 pb:56 popb pb:3 pf:19 pf:20 popb popb peekb pb:3 popf popf pb:27 pf:21 pb:66 popf popb pb:8 popf pf:96 pf:57
  bend  : ['ERR EmptyDeque', 'LIST ', 'ERR EmptyDeque', 'ERR EmptyDeque', 'ERR EmptyDeque', 'OK', 'OK', 'LIST 47,13', 'OK 47', 'OK 13', 'N 1', 'LIST 13', 'OK', 'LIST 13,18', 'LIST 13,18', 'OK 18', 'OK', 'OK 9', 'N 2', 'OK 18', 'OK', 'OK 13', 'OK 75', 'ERR EmptyDeque', 'OK', 'OK 67', 'ERR EmptyDeque', 'OK', 'OK 0', 'N 0', 'OK', 'OK', 'OK', 'OK 20', 'OK', 'N 4', 'OK', 'OK', 'OK 92', 'N 5', 'OK 29', 'OK', 'OK', 'OK', 'OK 91', 'OK', 'OK 79', 'OK', 'OK', 'OK 56', 'OK', 'OK', 'OK', 'OK 3', 'OK 13', 'OK 20', 'OK', 'OK 20', 'OK 19', 'OK', 'OK', 'OK', 'OK 21', 'OK 66', 'OK', 'OK 83', 'OK', 'OK']
  oracle: ['ERR EmptyDeque', 'LIST ', 'ERR EmptyDeque', 'ERR EmptyDeque', 'ERR EmptyDeque', 'OK', 'OK', 'LIST 47,13', 'OK 47', 'OK 13', 'N 1', 'LIST 13', 'OK', 'LIST 13,18', 'LIST 13,18', 'OK 18', 'OK', 'OK 9', 'N 2', 'OK 18', 'OK', 'OK 13', 'OK 75', 'ERR EmptyDeque', 'OK', 'OK 67', 'ERR EmptyDeque', 'OK', 'OK 0', 'N 0', 'OK', 'OK', 'OK', 'OK 20', 'OK', 'N 4', 'OK', 'OK', 'OK 92', 'N 5', 'OK 29', 'OK', 'OK', 'OK', 'OK 91', 'OK', 'OK 79', 'OK', 'OK', 'OK 56', 'OK', 'OK', 'OK', 'OK 3', 'OK 13', 'OK 20', 'OK', 'OK 20', 'OK 19', 'OK', 'OK', 'OK', 'OK 21', 'OK 66', 'OK', 'OK 83', 'OK', 'OK']
[differential] deque pf:83 to_list pf:38 popb popb pf:62 pb:68 pb:20 peekf pb:85 pf:67 len pf:82 pf:40 pb:5 pf:10 popf to_list pb:11 popb len peekf popb len popf popb pf:11 popf popf pb:66 popb to_list peekf popb pf:98 pf:81 to_list pb:57 popf
  bend  : ['OK', 'LIST 83', 'OK', 'OK 83', 'OK 38', 'OK', 'OK', 'OK', 'OK 62', 'OK', 'OK', 'N 5', 'OK', 'OK', 'OK', 'OK', 'OK 10', 'LIST 40,82,67,62,68,20,85,5', 'OK', 'OK 11', 'N 8', 'OK 40', 'OK 5', 'N 7', 'OK 40', 'OK 85', 'OK', 'OK 11', 'OK 82', 'OK', 'OK 66', 'LIST 67,62,68,20', 'OK 67', 'OK 20', 'OK', 'OK', 'LIST 81,98,67,62,68', 'OK', 'OK 81']
  oracle: ['OK', 'LIST 83', 'OK', 'OK 83', 'OK 38', 'OK', 'OK', 'OK', 'OK 62', 'OK', 'OK', 'N 5', 'OK', 'OK', 'OK', 'OK', 'OK 10', 'LIST 40,82,67,62,68,20,85,5', 'OK', 'OK 11', 'N 8', 'OK 40', 'OK 5', 'N 7', 'OK 40', 'OK 85', 'OK', 'OK 11', 'OK 82', 'OK', 'OK 66', 'LIST 67,62,68,20', 'OK 67', 'OK 20', 'OK', 'OK', 'LIST 81,98,67,62,68', 'OK', 'OK 81']
[differential] deque peekb len popf pb:6 popb pf:28 len popf peekf pb:56 pf:24 pf:56 peekf pb:60 peekf pb:51 pb:8 pb:38 pf:83 peekb popb popb len pb:48 pb:9 pb:85 pb:59 pf:12 pb:2 pb:46 pf:72 peekb to_list pb:35 pf:19 pb:93 peekb len popf pf:65 pb:23 popb popb pf:10 pf:73 pb:89 len peekb pf:90 popb popb popf popb popb len pf:70 popf len pf:19 len pb:8 pf:70
  bend  : ['ERR EmptyDeque', 'N 0', 'ERR EmptyDeque', 'OK', 'OK 6', 'OK', 'N 1', 'OK 28', 'ERR EmptyDeque', 'OK', 'OK', 'OK', 'OK 56', 'OK', 'OK 56', 'OK', 'OK', 'OK', 'OK', 'OK 38', 'OK 38', 'OK 8', 'N 6', 'OK', 'OK', 'OK', 'OK', 'OK', 'OK', 'OK', 'OK', 'OK 46', 'LIST 72,12,83,56,24,56,60,51,48,9,85,59,2,46', 'OK', 'OK', 'OK', 'OK 93', 'N 17', 'OK 19', 'OK', 'OK', 'OK 23', 'OK 93', 'OK', 'OK', 'OK', 'N 19', 'OK 89', 'OK', 'OK 89', 'OK 35', 'OK 90', 'OK 46', 'OK 2', 'N 15', 'OK', 'OK 70', 'N 15', 'OK', 'N 16', 'OK', 'OK']
  oracle: ['ERR EmptyDeque', 'N 0', 'ERR EmptyDeque', 'OK', 'OK 6', 'OK', 'N 1', 'OK 28', 'ERR EmptyDeque', 'OK', 'OK', 'OK', 'OK 56', 'OK', 'OK 56', 'OK', 'OK', 'OK', 'OK', 'OK 38', 'OK 38', 'OK 8', 'N 6', 'OK', 'OK', 'OK', 'OK', 'OK', 'OK', 'OK', 'OK', 'OK 46', 'LIST 72,12,83,56,24,56,60,51,48,9,85,59,2,46', 'OK', 'OK', 'OK', 'OK 93', 'N 17', 'OK 19', 'OK', 'OK', 'OK 23', 'OK 93', 'OK', 'OK', 'OK', 'N 19', 'OK 89', 'OK', 'OK 89', 'OK 35', 'OK 90', 'OK 46', 'OK 2', 'N 15', 'OK', 'OK 70', 'N 15', 'OK', 'N 16', 'OK', 'OK']
[mutation] deque :: push_back writes the ring offset slot rejected on len pf:1 pb:2 pf:3 pb:4 to_list len peekf peekb popf to_list popb to_list peekf peekb popf popb len to_list
[mutation] deque :: push_front keeps the ring offset rejected on pb:1 pb:2 pb:3 pb:4 pb:5 popf popf to_list pf:9 peekf peekb popb popb to_list len
[mutation] deque :: growing keeps the old offset rejected on peekb len popf pb:6 popb pf:28 len popf peekf pb:56 pf:24 pf:56 peekf pb:60 peekf pb:51 pb:8 pb:38 pf:83 peekb popb popb len pb:48 pb:9 pb:85 pb:59 pf:12 pb:2 pb:46 pf:72 peekb to_list pb:35 pf:19 pb:93 peekb len popf pf:65 pb:23 popb popb pf:10 pf:73 pb:89 len peekb pf:90 popb popb popf popb popb len pf:70 popf len pf:19 len pb:8 pf:70
[mutation] deque :: pop_back takes the front slot rejected on len pf:1 pb:2 pf:3 pb:4 to_list len peekf peekb popf to_list popb to_list peekf peekb popf popb len to_list
[mutation] deque :: peek_back reads the front slot rejected on len pf:1 pb:2 pf:3 pb:4 to_list len peekf peekb popf to_list popb to_list peekf peekb popf popb len to_list
[mutation] deque :: to_list reads one ring position too far rejected on len pf:1 pb:2 pf:3 pb:4 to_list len peekf peekb popf to_list popb to_list peekf peekb popf popb len to_list
[mutation] deque :: pop_front does not move the offset rejected on len pf:1 pb:2 pf:3 pb:4 to_list len peekf peekb popf to_list popb to_list peekf peekb popf popb len to_list
[mutation] deque :: growth copies the ring from slot 0 rejected on len peekb peekf popf peekb pf:65 popf popb pf:57 pb:11 popf len popb popb pb:57 popb popb pf:1 peekb pf:4 pf:30 popb peekf pb:75 peekb popf popb popf popb popf pb:70 to_list peekb popb pb:29 popf pf:72 peekf pb:37 pb:2 peekb pf:26 len pf:48 to_list pb:9 popf pf:86 pb:11 pb:1 to_list peekf pf:31
[proof] proofs/deque.bend -> All terms check, with 2 unsafe annotations.