[build] queue -> ok
[functional] queue len enq:1 enq:2 enq:3 to_list len peek deq to_list deq peek deq len to_list
  bend  : ['N 0', 'OK', 'OK', 'OK', 'LIST 1,2,3', 'N 3', 'OK 1', 'OK 1', 'LIST 2,3', 'OK 2', 'OK 3', 'OK 3', 'N 0', 'LIST ']
  oracle: ['N 0', 'OK', 'OK', 'OK', 'LIST 1,2,3', 'N 3', 'OK 1', 'OK 1', 'LIST 2,3', 'OK 2', 'OK 3', 'OK 3', 'N 0', 'LIST ']
[functional] queue enq:7 deq enq:8 enq:9 peek to_list deq deq len to_list
  bend  : ['OK', 'OK 7', 'OK', 'OK', 'OK 8', 'LIST 8,9', 'OK 8', 'OK 9', 'N 0', 'LIST ']
  oracle: ['OK', 'OK 7', 'OK', 'OK', 'OK 8', 'LIST 8,9', 'OK 8', 'OK 9', 'N 0', 'LIST ']
[boundary] queue deq peek len to_list
  bend  : ['ERR EmptyQueue', 'ERR EmptyQueue', 'N 0', 'LIST ']
  oracle: ['ERR EmptyQueue', 'ERR EmptyQueue', 'N 0', 'LIST ']
[boundary] queue enq:1 deq deq peek len to_list
  bend  : ['OK', 'OK 1', 'ERR EmptyQueue', 'ERR EmptyQueue', 'N 0', 'LIST ']
  oracle: ['OK', 'OK 1', 'ERR EmptyQueue', 'ERR EmptyQueue', 'N 0', 'LIST ']
[differential] queue len len peek deq len enq:65 deq deq enq:57 enq:11 deq len deq deq enq:57 deq deq enq:1 len enq:4 enq:30 deq peek enq:75 len deq deq deq deq deq enq:70 to_list len peek enq:29 deq enq:72 peek enq:37 enq:2 len enq:26 to_list enq:48 to_list enq:9 deq enq:86 enq:11 enq:1 to_list peek enq:31
  bend  : ['N 0', 'N 0', 'ERR EmptyQueue', 'ERR EmptyQueue', 'N 0', 'OK', 'OK 65', 'ERR EmptyQueue', 'OK', 'OK', 'OK 57', 'N 1', 'OK 11', 'ERR EmptyQueue', 'OK', 'OK 57', 'ERR EmptyQueue', 'OK', 'N 1', 'OK', 'OK', 'OK 1', 'OK 4', 'OK', 'N 3', 'OK 4', 'OK 30', 'OK 75', 'ERR EmptyQueue', 'ERR EmptyQueue', 'OK', 'LIST 70', 'N 1', 'OK 70', 'OK', 'OK 70', 'OK', 'OK 29', 'OK', 'OK', 'N 4', 'OK', 'LIST 29,72,37,2,26', 'OK', 'LIST 29,72,37,2,26,48', 'OK', 'OK 29', 'OK', 'OK', 'OK', 'LIST 72,37,2,26,48,9,86,11,1', 'OK 72', 'OK']
  oracle: ['N 0', 'N 0', 'ERR EmptyQueue', 'ERR EmptyQueue', 'N 0', 'OK', 'OK 65', 'ERR EmptyQueue', 'OK', 'OK', 'OK 57', 'N 1', 'OK 11', 'ERR EmptyQueue', 'OK', 'OK 57', 'ERR EmptyQueue', 'OK', 'N 1', 'OK', 'OK', 'OK 1', 'OK 4', 'OK', 'N 3', 'OK 4', 'OK 30', 'OK 75', 'ERR EmptyQueue', 'ERR EmptyQueue', 'OK', 'LIST 70', 'N 1', 'OK 70', 'OK', 'OK 70', 'OK', 'OK 29', 'OK', 'OK', 'N 4', 'OK', 'LIST 29,72,37,2,26', 'OK', 'LIST 29,72,37,2,26,48', 'OK', 'OK 29', 'OK', 'OK', 'OK', 'LIST 72,37,2,26,48,9,86,11,1', 'OK 72', 'OK']
[differential] queue len enq:75 enq:48 deq enq:24 enq:1 enq:58 len enq:90 deq enq:80 peek enq:7 enq:4 deq deq deq to_list enq:97 len to_list enq:40 deq peek enq:61 deq enq:82 enq:22 deq deq deq deq enq:54 enq:35 to_list enq:75 enq:47 len deq len deq enq:19 enq:15
  bend  : ['N 0', 'OK', 'OK', 'OK 75', 'OK', 'OK', 'OK', 'N 4', 'OK', 'OK 48', 'OK', 'OK 24', 'OK', 'OK', 'OK 24', 'OK 1', 'OK 58', 'LIST 90,80,7,4', 'OK', 'N 5', 'LIST 90,80,7,4,97', 'OK', 'OK 90', 'OK 80', 'OK', 'OK 80', 'OK', 'OK', 'OK 7', 'OK 4', 'OK 97', 'OK 40', 'OK', 'OK', 'LIST 61,82,22,54,35', 'OK', 'OK', 'N 7', 'OK 61', 'N 6', 'OK 82', 'OK', 'OK']
  oracle: ['N 0', 'OK', 'OK', 'OK 75', 'OK', 'OK', 'OK', 'N 4', 'OK', 'OK 48', 'OK', 'OK 24', 'OK', 'OK', 'OK 24', 'OK 1', 'OK 58', 'LIST 90,80,7,4', 'OK', 'N 5', 'LIST 90,80,7,4,97', 'OK', 'OK 90', 'OK 80', 'OK', 'OK 80', 'OK', 'OK', 'OK 7', 'OK 4', 'OK 97', 'OK 40', 'OK', 'OK', 'LIST 61,82,22,54,35', 'OK', 'OK', 'N 7', 'OK 61', 'N 6', 'OK 82', 'OK', 'OK']
[differential] queue deq to_list deq peek deq enq:47 enq:13 to_list deq peek to_list to_list enq:18 to_list to_list len enq:9 deq to_list deq enq:75 deq deq deq enq:67 deq deq enq:0 deq len enq:74 enq:41 enq:20 len enq:1 len enq:92 enq:29 deq len deq enq:91 enq:18 enq:79 deq enq:13 deq enq:83 enq:56 deq enq:3 enq:19 enq:20 deq deq peek enq:3 deq deq enq:27 enq:21 enq:66 deq deq enq:8 deq enq:96 enq:57
  bend  : ['ERR EmptyQueue', 'LIST ', 'ERR EmptyQueue', 'ERR EmptyQueue', 'ERR EmptyQueue', 'OK', 'OK', 'LIST 47,13', 'OK 47', 'OK 13', 'LIST 13', 'LIST 13', 'OK', 'LIST 13,18', 'LIST 13,18', 'N 2', 'OK', 'OK 13', 'LIST 18,9', 'OK 18', 'OK', 'OK 9', 'OK 75', 'ERR EmptyQueue', 'OK', 'OK 67', 'ERR EmptyQueue', 'OK', 'OK 0', 'N 0', 'OK', 'OK', 'OK', 'N 3', 'OK', 'N 4', 'OK', 'OK', 'OK 74', 'N 5', 'OK 41', 'OK', 'OK', 'OK', 'OK 20', 'OK', 'OK 1', 'OK', 'OK', 'OK 92', 'OK', 'OK', 'OK', 'OK 29', 'OK 91', 'OK 18', 'OK', 'OK 18', 'OK 79', 'OK', 'OK', 'OK', 'OK 13', 'OK 83', 'OK', 'OK 56', 'OK', 'OK']
  oracle: ['ERR EmptyQueue', 'LIST ', 'ERR EmptyQueue', 'ERR EmptyQueue', 'ERR EmptyQueue', 'OK', 'OK', 'LIST 47,13', 'OK 47', 'OK 13', 'LIST 13', 'LIST 13', 'OK', 'LIST 13,18', 'LIST 13,18', 'N 2', 'OK', 'OK 13', 'LIST 18,9', 'OK 18', 'OK', 'OK 9', 'OK 75', 'ERR EmptyQueue', 'OK', 'OK 67', 'ERR EmptyQueue', 'OK', 'OK 0', 'N 0', 'OK', 'OK', 'OK', 'N 3', 'OK', 'N 4', 'OK', 'OK', 'OK 74', 'N 5', 'OK 41', 'OK', 'OK', 'OK', 'OK 20', 'OK', 'OK 1', 'OK', 'OK', 'OK 92', 'OK', 'OK', 'OK', 'OK 29', 'OK 91', 'OK 18', 'OK', 'OK 18', 'OK 79', 'OK', 'OK', 'OK', 'OK 13', 'OK 83', 'OK', 'OK 56', 'OK', 'OK']
[differential] queue enq:83 to_list enq:38 peek deq enq:62 enq:68 enq:20 peek enq:85 enq:67 len enq:82 enq:40 enq:5 enq:10 deq to_list enq:11 deq len peek deq len deq deq enq:11 deq deq enq:66 deq to_list peek deq enq:98 enq:81 to_list enq:57 deq
  bend  : ['OK', 'LIST 83', 'OK', 'OK 83', 'OK 83', 'OK', 'OK', 'OK', 'OK 38', 'OK', 'OK', 'N 6', 'OK', 'OK', 'OK', 'OK', 'OK 38', 'LIST 62,68,20,85,67,82,40,5,10', 'OK', 'OK 62', 'N 9', 'OK 68', 'OK 68', 'N 8', 'OK 20', 'OK 85', 'OK', 'OK 67', 'OK 82', 'OK', 'OK 40', 'LIST 5,10,11,11,66', 'OK 5', 'OK 5', 'OK', 'OK', 'LIST 10,11,11,66,98,81', 'OK', 'OK 10']
  oracle: ['OK', 'LIST 83', 'OK', 'OK 83', 'OK 83', 'OK', 'OK', 'OK', 'OK 38', 'OK', 'OK', 'N 6', 'OK', 'OK', 'OK', 'OK', 'OK 38', 'LIST 62,68,20,85,67,82,40,5,10', 'OK', 'OK 62', 'N 9', 'OK 68', 'OK 68', 'N 8', 'OK 20', 'OK 85', 'OK', 'OK 67', 'OK 82', 'OK', 'OK 40', 'LIST 5,10,11,11,66', 'OK 5', 'OK 5', 'OK', 'OK', 'LIST 10,11,11,66,98,81', 'OK', 'OK 10']
[differential] queue len len deq enq:6 deq enq:28 len deq peek enq:56 enq:24 enq:56 peek enq:60 peek enq:51 enq:8 enq:38 enq:83 len deq deq len enq:48 enq:9 enq:85 enq:59 enq:12 enq:2 enq:46 enq:72 peek to_list enq:35 enq:19 enq:93 len len deq enq:65 enq:23 deq deq enq:10 enq:73 enq:89 len len enq:90 deq deq deq deq deq to_list enq:70 enq:17 enq:19 len enq:8 enq:70 deq
  bend  : ['N 0', 'N 0', 'ERR EmptyQueue', 'OK', 'OK 6', 'OK', 'N 1', 'OK 28', 'ERR EmptyQueue', 'OK', 'OK', 'OK', 'OK 56', 'OK', 'OK 56', 'OK', 'OK', 'OK', 'OK', 'N 8', 'OK 56', 'OK 24', 'N 6', 'OK', 'OK', 'OK', 'OK', 'OK', 'OK', 'OK', 'OK', 'OK 56', 'LIST 56,60,51,8,38,83,48,9,85,59,12,2,46,72', 'OK', 'OK', 'OK', 'N 17', 'N 17', 'OK 56', 'OK', 'OK', 'OK 60', 'OK 51', 'OK', 'OK', 'OK', 'N 19', 'N 19', 'OK', 'OK 8', 'OK 38', 'OK 83', 'OK 48', 'OK 9', 'LIST 85,59,12,2,46,72,35,19,93,65,23,10,73,89,90', 'OK', 'OK', 'OK', 'N 18', 'OK', 'OK', 'OK 85']
  oracle: ['N 0', 'N 0', 'ERR EmptyQueue', 'OK', 'OK 6', 'OK', 'N 1', 'OK 28', 'ERR EmptyQueue', 'OK', 'OK', 'OK', 'OK 56', 'OK', 'OK 56', 'OK', 'OK', 'OK', 'OK', 'N 8', 'OK 56', 'OK 24', 'N 6', 'OK', 'OK', 'OK', 'OK', 'OK', 'OK', 'OK', 'OK', 'OK 56', 'LIST 56,60,51,8,38,83,48,9,85,59,12,2,46,72', 'OK', 'OK', 'OK', 'N 17', 'N 17', 'OK 56', 'OK', 'OK', 'OK 60', 'OK 51', 'OK', 'OK', 'OK', 'N 19', 'N 19', 'OK', 'OK 8', 'OK 38', 'OK 83', 'OK 48', 'OK 9', 'LIST 85,59,12,2,46,72,35,19,93,65,23,10,73,89,90', 'OK', 'OK', 'OK', 'N 18', 'OK', 'OK', 'OK 85']
[mutation] queue :: enqueue pushes at the front rejected on len enq:1 enq:2 enq:3 to_list len peek deq to_list deq peek deq len to_list
[mutation] queue :: dequeue takes from the back rejected on len enq:1 enq:2 enq:3 to_list len peek deq to_list deq peek deq len to_list
[mutation] queue :: peek looks at the back rejected on len enq:1 enq:2 enq:3 to_list len peek deq to_list deq peek deq len to_list
[mutation] queue :: dequeue does not remove rejected on len enq:1 enq:2 enq:3 to_list len peek deq to_list deq peek deq len to_list
[proof] proofs/queue.bend -> All terms check, with 2 unsafe annotations.