built balanced_search_tree
built binary_heap
built bitset
built deque
built doubly_linked_list
built dynamic_array
built fenwick_tree
built graph
built prefix_trie
built queue
built segment_tree
built union_find
dynamic_array.push                 small            size=64       ops=20400000   bend=     6.99ns ref=     3.88ns   1.80x ok
dynamic_array.push                 medium           size=4096     ops=20400000   bend=     6.81ns ref=     3.81ns   1.79x ok
dynamic_array.push                 large            size=262144   ops=16777216   bend=     7.36ns ref=     4.66ns   1.58x ok
dynamic_array.get                  small            size=64       ops=64000000   bend=     1.95ns ref=     1.66ns   1.17x ok
dynamic_array.get                  medium           size=4096     ops=64000000   bend=     1.84ns ref=     1.47ns   1.25x ok
dynamic_array.get                  large            size=262144   ops=53550000   bend=     2.11ns ref=     1.46ns   1.44x ok
dynamic_array.set                  small            size=64       ops=64000000   bend=     1.67ns ref=     1.53ns   1.09x ok
dynamic_array.set                  medium           size=4096     ops=70400000   bend=     1.48ns ref=     1.38ns   1.07x ok
dynamic_array.set                  large            size=262144   ops=83200000   bend=     1.74ns ref=     1.74ns   1.00x ok
dynamic_array.length               small            size=64       ops=128000000  bend=     1.09ns ref=     3.15ns   0.35x ok
dynamic_array.length               medium           size=4096     ops=96000000   bend=     1.09ns ref=     3.21ns   0.34x ok
dynamic_array.length               large            size=262144   ops=83200000   bend=     1.20ns ref=     3.37ns   0.36x ok
dynamic_array.capacity             small            size=64       ops=179200000  bend=     1.07ns ref=     2.73ns   0.39x ok
dynamic_array.capacity             medium           size=4096     ops=166400000  bend=     1.08ns ref=     2.67ns   0.41x ok
dynamic_array.capacity             large            size=262144   ops=163200000  bend=     1.17ns ref=     2.93ns   0.40x ok
dynamic_array.reserve              small            size=64       ops=38400000   bend=     4.36ns ref=     1.38ns   3.16x ok
dynamic_array.reserve              medium           size=4096     ops=25600000   bend=     4.18ns ref=     1.33ns   3.15x ok
dynamic_array.reserve              large            size=262144   ops=25600000   bend=     4.20ns ref=     1.34ns   3.13x ok
dynamic_array.to_list              small            size=64       ops=200000     bend=   590.00ns ref=    92.48ns   6.38x ok
dynamic_array.to_list              medium           size=4096     ops=4000       bend= 31625.00ns ref=  4971.75ns   6.36x ok
dynamic_array.to_list              large            size=262144   ops=100        bend=1925000.00ns ref=377920.00ns   5.09x ok
dynamic_array.clear                small            size=64       ops=2600000    bend=    55.77ns ref=     6.93ns   8.05x ok
dynamic_array.clear                medium           size=4096     ops=40000      bend=  3050.00ns ref=   638.61ns   4.78x ok
dynamic_array.clear                large            size=262144   ops=1000       bend=204000.00ns ref= 15053.00ns  13.55x ok
dynamic_array.pop                  small            size=64       ops=25600000   bend=     5.31ns ref=     4.09ns   1.30x ok
dynamic_array.pop                  medium           size=4096     ops=38400000   bend=     5.14ns ref=     3.79ns   1.36x ok
dynamic_array.pop                  large            size=262144   ops=22950000   bend=     5.25ns ref=     3.33ns   1.57x ok
dynamic_array.new                  small            size=64       ops=25600000   bend=     4.22ns ref=     2.89ns   1.46x ok
dynamic_array.new                  medium           size=4096     ops=30600000   bend=     4.28ns ref=     2.97ns   1.44x ok
dynamic_array.new                  large            size=262144   ops=28050000   bend=     4.35ns ref=     2.96ns   1.47x ok
dynamic_array.new                  edge-empty       size=0        ops=25600000   bend=     4.18ns ref=     2.93ns   1.43x ok
dynamic_array.length               edge-empty       size=0        ops=102400000  bend=     1.07ns ref=     2.98ns   0.36x ok
dynamic_array.capacity             edge-empty       size=0        ops=179200000  bend=     1.13ns ref=     2.74ns   0.41x ok
dynamic_array.get                  edge-empty       size=0        ops=76800000   bend=     1.35ns ref=     1.18ns   1.14x ok
dynamic_array.set                  edge-empty       size=0        ops=89600000   bend=     1.22ns ref=     1.17ns   1.05x ok
dynamic_array.push                 edge-empty       size=0        ops=20400000   bend=     6.42ns ref=     3.88ns   1.65x ok
dynamic_array.pop                  edge-empty       size=0        ops=89600000   bend=     1.11ns ref=     1.11ns   1.00x ok
dynamic_array.reserve              edge-empty       size=0        ops=38400000   bend=     4.21ns ref=     1.25ns   3.36x ok
dynamic_array.clear                edge-empty       size=0        ops=61200000   bend=     4.05ns ref=     2.22ns   1.82x ok
dynamic_array.to_list              edge-empty       size=0        ops=25600000   bend=     5.02ns ref=     2.19ns   2.30x ok
deque.push_front                   small            size=64       ops=13600000   bend=     6.73ns ref=     1.39ns   4.84x ok
deque.push_front                   medium           size=4096     ops=19200000   bend=     6.22ns ref=     1.40ns   4.44x ok
deque.push_front                   large            size=262144   ops=26738688   bend=     6.90ns ref=     1.44ns   4.80x ok
deque.push_back                    small            size=64       ops=20400000   bend=     6.42ns ref=     1.46ns   4.39x ok
deque.push_back                    medium           size=4096     ops=19200000   bend=     6.74ns ref=     1.36ns   4.98x ok
deque.push_back                    large            size=262144   ops=13369344   bend=     6.81ns ref=     1.44ns   4.72x ok
deque.peek_front                   small            size=64       ops=89600000   bend=     1.11ns ref=     1.13ns   0.98x ok
deque.peek_front                   medium           size=4096     ops=96000000   bend=     1.21ns ref=     1.22ns   0.99x ok
deque.peek_front                   large            size=262144   ops=130050000  bend=     1.15ns ref=     1.19ns   0.96x ok
deque.peek_back                    small            size=64       ops=89600000   bend=     1.11ns ref=     1.16ns   0.96x ok
deque.peek_back                    medium           size=4096     ops=166400000  bend=     1.13ns ref=     1.22ns   0.93x ok
deque.peek_back                    large            size=262144   ops=108800000  bend=     1.14ns ref=     1.17ns   0.97x ok
deque.length                       small            size=64       ops=179200000  bend=     1.09ns ref=     3.06ns   0.36x ok
deque.length                       medium           size=4096     ops=134400000  bend=     1.09ns ref=     3.17ns   0.34x ok
deque.length                       large            size=262144   ops=108800000  bend=     1.07ns ref=     3.14ns   0.34x ok
deque.to_list                      small            size=64       ops=200000     bend=   650.00ns ref=    89.81ns   7.24x ok
deque.to_list                      medium           size=4096     ops=4000       bend= 30750.00ns ref=  6415.38ns   4.79x ok
deque.to_list                      large            size=262144   ops=100        bend=2025000.00ns ref=400165.00ns   5.06x ok
deque.pop_front                    small            size=64       ops=20400000   bend=     4.71ns ref=     7.53ns   0.62x ok
deque.pop_front                    medium           size=4096     ops=25600000   bend=     4.84ns ref=     7.34ns   0.66x ok
deque.pop_front                    large            size=262144   ops=25500000   bend=     4.61ns ref=     7.37ns   0.63x ok
deque.pop_back                     small            size=64       ops=25600000   bend=     4.73ns ref=     7.26ns   0.65x ok
deque.pop_back                     medium           size=4096     ops=25600000   bend=     4.69ns ref=     7.25ns   0.65x ok
deque.pop_back                     large            size=262144   ops=45900000   bend=     4.62ns ref=     6.91ns   0.67x ok
deque.new                          small            size=64       ops=38400000   bend=     3.53ns ref=     1.36ns   2.60x ok
deque.new                          medium           size=4096     ops=30600000   bend=     3.32ns ref=     1.34ns   2.48x ok
deque.new                          large            size=262144   ops=35200000   bend=     3.35ns ref=     1.32ns   2.53x ok
deque.new                          edge-empty       size=0        ops=38400000   bend=     3.41ns ref=     1.31ns   2.60x ok
deque.length                       edge-empty       size=0        ops=89600000   bend=     1.10ns ref=     3.21ns   0.34x ok
deque.push_front                   edge-empty       size=0        ops=20400000   bend=     7.13ns ref=     1.40ns   5.10x ok
deque.push_back                    edge-empty       size=0        ops=25600000   bend=     6.58ns ref=     1.43ns   4.60x ok
deque.pop_front                    edge-empty       size=0        ops=89600000   bend=     1.11ns ref=     1.11ns   1.00x ok
deque.pop_back                     edge-empty       size=0        ops=89600000   bend=     1.17ns ref=     1.17ns   1.00x ok
deque.peek_front                   edge-empty       size=0        ops=89600000   bend=     1.17ns ref=     1.16ns   1.01x ok
deque.peek_back                    edge-empty       size=0        ops=179200000  bend=     1.13ns ref=     1.14ns   0.99x ok
deque.to_list                      edge-empty       size=0        ops=20400000   bend=     6.35ns ref=     1.30ns   4.90x ok
queue.enqueue                      small            size=64       ops=25600000   bend=     7.03ns ref=     1.45ns   4.84x ok
queue.enqueue                      medium           size=4096     ops=19200000   bend=     7.37ns ref=     1.43ns   5.15x ok
queue.enqueue                      large            size=262144   ops=17825792   bend=     7.91ns ref=     1.40ns   5.65x ok
queue.peek                         small            size=64       ops=76800000   bend=     1.39ns ref=     1.13ns   1.23x ok
queue.peek                         medium           size=4096     ops=70400000   bend=     1.53ns ref=     1.20ns   1.27x ok
queue.peek                         large            size=262144   ops=66300000   bend=     1.40ns ref=     1.12ns   1.24x ok
queue.length                       small            size=64       ops=102400000  bend=     1.09ns ref=     3.18ns   0.34x ok
queue.length                       medium           size=4096     ops=96000000   bend=     1.07ns ref=     3.08ns   0.35x ok
queue.length                       large            size=262144   ops=166400000  bend=     1.24ns ref=     3.29ns   0.38x ok
queue.to_list                      small            size=64       ops=240000     bend=   743.75ns ref=   104.34ns   7.13x ok
queue.to_list                      medium           size=4096     ops=3000       bend= 34500.00ns ref=  7276.67ns   4.74x ok
queue.to_list                      large            size=262144   ops=50         bend=2170000.00ns ref=427770.00ns   5.07x ok
queue.dequeue                      small            size=64       ops=20400000   bend=    12.67ns ref=     8.74ns   1.45x ok
queue.dequeue                      medium           size=4096     ops=15300000   bend=     9.41ns ref=     8.30ns   1.13x ok
queue.dequeue                      large            size=262144   ops=12750000   bend=    11.02ns ref=     8.96ns   1.23x ok
queue.new                          small            size=64       ops=38400000   bend=     3.72ns ref=     1.41ns   2.63x ok
queue.new                          medium           size=4096     ops=30600000   bend=     3.87ns ref=     1.40ns   2.76x ok
queue.new                          large            size=262144   ops=51000000   bend=     3.71ns ref=     1.38ns   2.68x ok
queue.new                          edge-empty       size=0        ops=38400000   bend=     3.88ns ref=     1.42ns   2.73x ok
queue.length                       edge-empty       size=0        ops=153600000  bend=     1.22ns ref=     3.59ns   0.34x ok
queue.enqueue                      edge-empty       size=0        ops=819200000  bend=     8.26ns ref=     1.74ns   4.76x ok
queue.dequeue                      edge-empty       size=0        ops=76800000   bend=     1.30ns ref=     1.27ns   1.02x ok
queue.peek                         edge-empty       size=0        ops=64000000   bend=     1.61ns ref=     1.43ns   1.12x ok
queue.to_list                      edge-empty       size=0        ops=20400000   bend=     6.86ns ref=     1.46ns   4.70x ok
doubly_linked_list.push_front      small            size=64       ops=100000     bend=  5615.00ns ref=   330.35ns  17.00x ok
doubly_linked_list.push_front      medium           size=2048     ops=50000      bend=  5320.00ns ref=   279.41ns  19.04x ok
doubly_linked_list.push_front      large            size=32768    ops=32768      bend=  5340.58ns ref=   272.81ns  19.58x ok
doubly_linked_list.push_back       small            size=64       ops=100000     bend=  5290.00ns ref=   314.98ns  16.79x ok
doubly_linked_list.push_back       medium           size=2048     ops=50000      bend=  5800.00ns ref=   280.10ns  20.71x ok
doubly_linked_list.push_back       large            size=32768    FAILED MEASUREMENT (sample 4: A-B = 45000000ns (bend) / 3350000ns (reference), below the 50000000ns / 100000ns minima)
doubly_linked_list.insert_before   small            size=64       ops=100000     bend=  8715.00ns ref=   505.67ns  17.23x ok
doubly_linked_list.insert_before   medium           size=2048     ops=50000      bend=  7020.00ns ref=   445.28ns  15.77x ok
doubly_linked_list.insert_before   large            size=32768    ops=20000      bend=  7650.00ns ref=   638.10ns  11.99x ok
doubly_linked_list.insert_after    small            size=64       ops=100000     bend=  7500.00ns ref=   533.46ns  14.06x ok
doubly_linked_list.insert_after    medium           size=2048     ops=50000      bend=  7750.00ns ref=   512.10ns  15.13x ok
doubly_linked_list.insert_after    large            size=32768    ops=20000      bend=  8025.00ns ref=   677.80ns  11.84x ok
doubly_linked_list.get             small            size=64       ops=600000     bend=   209.17ns ref=    28.32ns   7.39x ok
doubly_linked_list.get             medium           size=2048     ops=300000     bend=   460.00ns ref=    60.36ns   7.62x ok
doubly_linked_list.get             large            size=32768    ops=280000     bend=   628.57ns ref=   142.46ns   4.41x ok
doubly_linked_list.set             small            size=64       ops=200000     bend=   707.50ns ref=    26.55ns  26.64x ok
doubly_linked_list.set             medium           size=2048     ops=100000     bend=  1425.00ns ref=    54.33ns  26.23x ok
doubly_linked_list.set             large            size=32768    ops=1280000    bend=  2229.69ns ref=   146.42ns  15.23x ok
doubly_linked_list.next            small            size=64       ops=1000000    bend=   185.00ns ref=    24.54ns   7.54x ok
doubly_linked_list.next            medium           size=2048     ops=3200000    bend=   381.56ns ref=    49.09ns   7.77x ok
doubly_linked_list.next            large            size=32768    ops=300000     bend=   518.33ns ref=   146.06ns   3.55x ok
doubly_linked_list.prev            small            size=64       ops=600000     bend=   173.33ns ref=    24.37ns   7.11x ok
doubly_linked_list.prev            medium           size=2048     ops=300000     bend=   330.00ns ref=    47.66ns   6.92x ok
doubly_linked_list.prev            large            size=32768    ops=360000     bend=   526.39ns ref=   147.39ns   3.57x ok
doubly_linked_list.length          small            size=64       ops=25600000   bend=     5.08ns ref=     3.28ns   1.55x ok
doubly_linked_list.length          medium           size=2048     ops=25600000   bend=     4.51ns ref=     3.15ns   1.43x ok
doubly_linked_list.length          large            size=32768    ops=33280000   bend=     4.78ns ref=     3.17ns   1.51x ok
doubly_linked_list.to_list         small            size=64       ops=10000      bend= 13900.00ns ref=   263.15ns  52.82x ok
doubly_linked_list.to_list         medium           size=2048     ops=300        bend=868333.33ns ref= 22073.33ns  39.34x ok
doubly_linked_list.to_list         large            size=32768    ops=20         bend=18275000.00ns ref=1170750.00ns  15.61x ok
doubly_linked_list.remove          small            size=64       FAILED MEASUREMENT (sample 0: A-B = 15000000ns (bend) / 5536000ns (reference), below the 50000000ns / 100000ns minima)
doubly_linked_list.remove          medium           size=2048     ops=69632      bend=  1809.51ns ref=   109.86ns  16.47x ok
doubly_linked_list.remove          large            size=32768    ops=49152      bend=  2543.13ns ref=   224.89ns  11.31x ok
doubly_linked_list.new             small            size=64       ops=83200000   bend=     1.21ns ref=     3.09ns   0.39x ok
doubly_linked_list.new             medium           size=2048     ops=153600000  bend=     1.16ns ref=     2.97ns   0.39x ok
doubly_linked_list.new             large            size=32768    ops=83200000   bend=     1.24ns ref=     2.90ns   0.43x ok
doubly_linked_list.new             edge-empty       size=0        ops=83200000   bend=     1.08ns ref=     2.69ns   0.40x ok
doubly_linked_list.length          edge-empty       size=0        ops=96000000   bend=     1.11ns ref=     2.79ns   0.40x ok
doubly_linked_list.push_front      edge-empty       size=0        ops=100000     bend=  5510.00ns ref=   316.48ns  17.41x ok
doubly_linked_list.push_back       edge-empty       size=0        ops=100000     bend=  4715.00ns ref=   273.90ns  17.21x ok
doubly_linked_list.insert_before   edge-empty       size=0        ops=12800000   bend=    11.29ns ref=     1.30ns   8.71x ok
doubly_linked_list.insert_after    edge-empty       size=0        ops=12800000   bend=    11.09ns ref=     1.26ns   8.82x ok
doubly_linked_list.remove          edge-empty       size=0        ops=12800000   bend=     9.57ns ref=     1.22ns   7.86x ok
doubly_linked_list.get             edge-empty       size=0        ops=15300000   bend=    10.39ns ref=     1.28ns   8.14x ok
doubly_linked_list.set             edge-empty       size=0        ops=12800000   bend=     9.92ns ref=     1.22ns   8.14x ok
doubly_linked_list.next            edge-empty       size=0        ops=25600000   bend=     4.55ns ref=     1.22ns   3.74x ok
doubly_linked_list.prev            edge-empty       size=0        ops=25600000   bend=     4.67ns ref=     1.26ns   3.71x ok
doubly_linked_list.to_list         edge-empty       size=0        ops=19200000   bend=     8.15ns ref=     4.43ns   1.84x ok
binary_heap.push                   small            size=64       ops=10200000   bend=    20.83ns ref=    13.26ns   1.57x ok
binary_heap.push                   medium           size=4096     ops=5100000    bend=    20.10ns ref=    11.82ns   1.70x ok
binary_heap.push                   large            size=131072   ops=6684672    bend=    20.35ns ref=    10.79ns   1.89x ok
binary_heap.peek                   small            size=64       ops=89600000   bend=     1.16ns ref=     1.18ns   0.98x ok
binary_heap.peek                   medium           size=4096     ops=96000000   bend=     1.16ns ref=     1.22ns   0.95x ok
binary_heap.peek                   large            size=131072   ops=108800000  bend=     1.13ns ref=     1.13ns   1.00x ok
binary_heap.length                 small            size=64       ops=89600000   bend=     1.24ns ref=     3.62ns   0.34x ok
binary_heap.length                 medium           size=4096     ops=115200000  bend=     1.09ns ref=     3.04ns   0.36x ok
binary_heap.length                 large            size=131072   ops=108800000  bend=     1.08ns ref=     3.12ns   0.35x ok
binary_heap.from_list              small            size=64       ops=1050000    bend=   134.76ns ref=    62.94ns   2.14x ok
binary_heap.from_list              medium           size=4096     ops=850000     bend=   137.06ns ref=    67.89ns   2.02x ok
binary_heap.from_list              large            size=131072   ops=1040000    bend=   134.62ns ref=    68.89ns   1.95x ok
binary_heap.to_sorted_list         small            size=64       ops=102000     bend=  1387.25ns ref=   607.00ns   2.29x ok
binary_heap.to_sorted_list         medium           size=4096     ops=700        bend=168571.43ns ref= 78172.86ns   2.16x ok
binary_heap.to_sorted_list         large            size=131072   ops=15         bend=10266666.67ns ref=4324466.67ns   2.37x ok
binary_heap.pop                    small            size=64       ops=3400000    bend=    40.74ns ref=    17.35ns   2.35x ok
binary_heap.pop                    medium           size=4096     ops=2100000    bend=    83.10ns ref=    36.80ns   2.26x ok
binary_heap.pop                    large            size=131072   ops=1020000    bend=   137.75ns ref=    52.82ns   2.61x ok
binary_heap.new                    small            size=64       ops=40800000   bend=     3.27ns ref=     2.95ns   1.11x ok
binary_heap.new                    medium           size=4096     ops=38400000   bend=     3.29ns ref=     2.93ns   1.13x ok
binary_heap.new                    large            size=131072   ops=64000000   bend=     3.34ns ref=     2.97ns   1.12x ok
binary_heap.new                    edge-empty       size=0        ops=32000000   bend=     3.20ns ref=     3.16ns   1.01x ok
binary_heap.length                 edge-empty       size=0        ops=96000000   bend=     1.10ns ref=     3.18ns   0.35x ok
binary_heap.push                   edge-empty       size=0        ops=6800000    bend=    18.38ns ref=    12.24ns   1.50x ok
binary_heap.peek                   edge-empty       size=0        ops=83200000   bend=     1.12ns ref=     1.13ns   0.99x ok
binary_heap.pop                    edge-empty       size=0        ops=166400000  bend=     1.15ns ref=     1.18ns   0.98x ok
binary_heap.from_list              edge-empty       size=0        ops=900000     bend=   125.56ns ref=    62.17ns   2.02x ok
binary_heap.to_sorted_list         edge-empty       size=0        ops=12800000   bend=    10.94ns ref=     5.13ns   2.13x ok
balanced_search_tree.insert        small            size=64       ops=300000     bend=   421.67ns ref=    30.16ns  13.98x ok
balanced_search_tree.insert        medium           size=4096     ops=250000     bend=  1158.00ns ref=    79.14ns  14.63x ok
balanced_search_tree.insert        large            size=131072   ops=100000     bend=  1795.00ns ref=   189.95ns   9.45x ok
balanced_search_tree.remove        small            size=64       ops=200000     bend=   895.00ns ref=    71.92ns  12.44x ok
balanced_search_tree.remove        medium           size=4096     ops=100000     bend=  1950.00ns ref=   154.75ns  12.60x ok
balanced_search_tree.remove        large            size=131072   ops=80000      bend=  2568.75ns ref=   279.52ns   9.19x ok
balanced_search_tree.lookup        small            size=64       ops=1400000    bend=   136.07ns ref=    19.78ns   6.88x ok
balanced_search_tree.lookup        medium           size=4096     ops=400000     bend=   292.50ns ref=    46.06ns   6.35x ok
balanced_search_tree.lookup        large            size=131072   ops=200000     bend=   527.50ns ref=   105.21ns   5.01x ok
balanced_search_tree.contains      small            size=64       ops=1400000    bend=   141.79ns ref=    21.04ns   6.74x ok
balanced_search_tree.contains      medium           size=4096     ops=400000     bend=   302.50ns ref=    47.58ns   6.36x ok
balanced_search_tree.contains      large            size=131072   ops=420000     bend=   547.62ns ref=   110.81ns   4.94x ok
balanced_search_tree.min           small            size=64       ops=3000000    bend=    42.67ns ref=     1.29ns  32.97x ok
balanced_search_tree.min           medium           size=4096     ops=800000     bend=   139.38ns ref=     5.20ns  26.79x ok
balanced_search_tree.min           large            size=131072   ops=1500000    bend=   156.00ns ref=     6.01ns  25.94x ok
balanced_search_tree.max           small            size=64       ops=4000000    bend=    49.75ns ref=     1.23ns  40.37x ok
balanced_search_tree.max           medium           size=4096     ops=900000     bend=   133.33ns ref=     4.46ns  29.89x ok
balanced_search_tree.max           large            size=131072   ops=3200000    bend=   179.38ns ref=     5.59ns  32.08x ok
balanced_search_tree.lower_bound   small            size=64       ops=800000     bend=   137.50ns ref=    20.25ns   6.79x ok
balanced_search_tree.lower_bound   medium           size=4096     ops=600000     bend=   309.17ns ref=    46.41ns   6.66x ok
balanced_search_tree.lower_bound   large            size=131072   ops=680000     bend=   485.29ns ref=   100.72ns   4.82x ok
balanced_search_tree.range         small            size=64       ops=512000     bend=   250.00ns ref=    38.94ns   6.42x ok
balanced_search_tree.range         medium           size=4096     ops=12600      bend= 11865.08ns ref=  1009.80ns  11.75x ok
balanced_search_tree.range         large            size=131072   ops=1280       bend=155859.38ns ref=  9117.97ns  17.09x ok
balanced_search_tree.to_list       small            size=64       ops=256000     bend=   802.73ns ref=    61.70ns  13.01x ok
balanced_search_tree.to_list       medium           size=4096     ops=1500       bend= 77666.67ns ref=  4830.00ns  16.08x ok
balanced_search_tree.to_list       large            size=131072   ops=300        bend=2576666.67ns ref=243896.67ns  10.56x ok
balanced_search_tree.length        small            size=64       ops=179200000  bend=     1.09ns ref=     3.16ns   0.35x ok
balanced_search_tree.length        medium           size=4096     ops=96000000   bend=     1.11ns ref=     3.16ns   0.35x ok
balanced_search_tree.length        large            size=131072   ops=169000000  bend=     1.07ns ref=     3.25ns   0.33x ok
balanced_search_tree.new           small            size=64       ops=89600000   bend=     1.10ns ref=     2.77ns   0.40x ok
balanced_search_tree.new           medium           size=4096     ops=102400000  bend=     1.09ns ref=     2.77ns   0.39x ok
balanced_search_tree.new           large            size=131072   ops=204800000  bend=     1.32ns ref=     3.10ns   0.43x ok
balanced_search_tree.new           edge-empty       size=0        ops=83200000   bend=     1.24ns ref=     3.14ns   0.39x ok
balanced_search_tree.length        edge-empty       size=0        ops=96000000   bend=     1.19ns ref=     3.44ns   0.35x ok
balanced_search_tree.insert        edge-empty       size=0        ops=3400000    bend=    42.65ns ref=     3.38ns  12.60x ok
balanced_search_tree.remove        edge-empty       size=0        ops=19200000   bend=     7.14ns ref=     3.06ns   2.33x ok
balanced_search_tree.lookup        edge-empty       size=0        ops=25600000   bend=     4.69ns ref=     1.46ns   3.20x ok
balanced_search_tree.contains      edge-empty       size=0        ops=25600000   bend=     4.49ns ref=     1.34ns   3.36x ok
balanced_search_tree.min           edge-empty       size=0        ops=32000000   bend=     4.11ns ref=     1.32ns   3.11x ok
balanced_search_tree.max           edge-empty       size=0        ops=51200000   bend=     4.28ns ref=     1.27ns   3.37x ok
balanced_search_tree.lower_bound   edge-empty       size=0        ops=19200000   bend=     6.25ns ref=     1.30ns   4.81x ok
balanced_search_tree.range         edge-empty       size=0        ops=20400000   bend=     5.25ns ref=     5.22ns   1.01x ok
balanced_search_tree.to_list       edge-empty       size=0        ops=25600000   bend=     5.21ns ref=     4.02ns   1.30x ok
bitset.set                         small            size=64       ops=76800000   bend=     1.77ns ref=     1.64ns   1.08x ok
bitset.set                         medium           size=4096     ops=70400000   bend=     1.53ns ref=     1.40ns   1.09x ok
bitset.set                         large            size=262144   ops=67200000   bend=     1.52ns ref=     1.38ns   1.10x ok
bitset.clear                       small            size=64       ops=64000000   bend=     1.63ns ref=     1.56ns   1.05x ok
bitset.clear                       medium           size=4096     ops=70400000   bend=     1.51ns ref=     1.37ns   1.10x ok
bitset.clear                       large            size=262144   ops=67200000   bend=     1.61ns ref=     1.49ns   1.08x ok
bitset.get                         small            size=64       ops=64000000   bend=     1.96ns ref=     1.67ns   1.17x ok
bitset.get                         medium           size=4096     ops=64000000   bend=     1.73ns ref=     1.38ns   1.25x ok
bitset.get                         large            size=262144   ops=96000000   bend=     1.71ns ref=     1.35ns   1.27x ok
bitset.count                       small            size=64       ops=1700000    bend=    60.00ns ref=     4.75ns  12.63x ok
bitset.count                       medium           size=4096     ops=40000      bend=  3625.00ns ref=   229.53ns  15.79x ok
bitset.count                       large            size=262144   ops=500        bend=226000.00ns ref= 14450.00ns  15.64x ok
bitset.length                      small            size=64       ops=89600000   bend=     1.05ns ref=     3.02ns   0.35x ok
bitset.length                      medium           size=4096     ops=166400000  bend=     1.12ns ref=     3.11ns   0.36x ok
bitset.length                      large            size=262144   ops=166400000  bend=     1.09ns ref=     3.15ns   0.35x ok
bitset.to_list                     small            size=64       ops=300000     bend=   368.33ns ref=    78.96ns   4.66x ok
bitset.to_list                     medium           size=4096     ops=6000       bend= 21083.33ns ref=  4967.50ns   4.24x ok
bitset.to_list                     large            size=262144   ops=100        bend=2100000.00ns ref=341740.00ns   6.15x ok
bitset.union                       small            size=64       ops=16000000   bend=     6.94ns ref=     1.47ns   4.73x ok
bitset.union                       medium           size=4096     ops=2040000    bend=    75.98ns ref=    66.02ns   1.15x ok
bitset.union                       large            size=262144   ops=34000      bend=  3514.71ns ref=  4374.71ns   0.80x ok
bitset.intersection                small            size=64       ops=16000000   bend=     6.97ns ref=     1.65ns   4.24x ok
bitset.intersection                medium           size=4096     ops=2040000    bend=    77.45ns ref=    70.73ns   1.09x ok
bitset.intersection                large            size=262144   ops=51000      bend=  3627.45ns ref=  4167.61ns   0.87x ok
bitset.difference                  small            size=64       FAILED MEASUREMENT (sample 0: A-B = 110000000ns (bend) / -16284000ns (reference), below the 50000000ns / 100000ns minima)
bitset.difference                  medium           size=4096     ops=2040000    bend=    68.14ns ref=    60.25ns   1.13x ok
bitset.difference                  large            size=262144   ops=32000      bend=  3625.00ns ref=  3947.33ns   0.92x ok
bitset.xor                         small            size=64       ops=16000000   bend=     6.78ns ref=     1.47ns   4.62x ok
bitset.xor                         medium           size=4096     FAILED MEASUREMENT (sample 1: A-B = 49000000ns (bend) / 89528000ns (reference), below the 50000000ns / 100000ns minima)
bitset.xor                         large            size=262144   ops=51000      bend=  3862.75ns ref=  3524.97ns   1.10x ok
bitset.new                         small            size=64       ops=38400000   bend=     3.42ns ref=    12.14ns   0.28x ok
bitset.new                         medium           size=4096     ops=38400000   bend=     3.35ns ref=    11.97ns   0.28x ok
bitset.new                         large            size=262144   ops=28800000   bend=     3.49ns ref=    11.45ns   0.30x ok
bitset.new                         edge-empty       size=0        ops=40800000   bend=     3.22ns ref=    12.22ns   0.26x ok
bitset.length                      edge-empty       size=0        ops=89600000   bend=     1.25ns ref=     3.39ns   0.37x ok
bitset.get                         edge-empty       size=0        ops=89600000   bend=     1.32ns ref=     1.31ns   1.00x ok
bitset.set                         edge-empty       size=0        ops=89600000   bend=     1.43ns ref=     1.20ns   1.19x ok
bitset.clear                       edge-empty       size=0        ops=76800000   bend=     1.52ns ref=     1.28ns   1.18x ok
bitset.count                       edge-empty       size=0        ops=5200000    bend=    38.94ns ref=     4.63ns   8.41x ok
bitset.union                       edge-empty       size=0        ops=25600000   bend=     5.98ns ref=     1.46ns   4.10x ok
bitset.intersection                edge-empty       size=0        ops=30600000   bend=     5.56ns ref=     1.28ns   4.32x ok
bitset.difference                  edge-empty       size=0        ops=20400000   bend=     5.66ns ref=     1.42ns   4.00x ok
bitset.xor                         edge-empty       size=0        ops=25600000   bend=     7.48ns ref=     1.61ns   4.64x ok
bitset.to_list                     edge-empty       size=0        ops=4000000    bend=    39.38ns ref=     4.49ns   8.78x ok
union_find.find                    small            size=64       ops=64000000   bend=     1.83ns ref=     1.57ns   1.17x ok
union_find.find                    medium           size=4096     ops=108800000  bend=     1.69ns ref=     1.40ns   1.20x ok
union_find.find                    large            size=65536    ops=66560000   bend=     1.77ns ref=     1.55ns   1.15x ok
union_find.union                   small            size=64       ops=38400000   bend=     6.17ns ref=     2.08ns   2.97x ok
union_find.union                   medium           size=4096     ops=48000000   bend=     4.65ns ref=     1.65ns   2.81x ok
union_find.union                   large            size=65536    FAILED MEASUREMENT (sample 0: A-B = -293000000ns (bend) / 8032000ns (reference), below the 50000000ns / 100000ns minima)
union_find.connected               small            size=64       ops=44800000   bend=     2.81ns ref=     2.26ns   1.24x ok
union_find.connected               medium           size=4096     ops=76800000   bend=     2.43ns ref=     1.81ns   1.34x ok
union_find.connected               large            size=65536    ops=53760000   bend=     2.67ns ref=     1.97ns   1.35x ok
union_find.component_size          small            size=64       ops=57600000   bend=     2.07ns ref=     1.76ns   1.18x ok
union_find.component_size          medium           size=4096     ops=67200000   bend=     1.73ns ref=     1.64ns   1.05x ok
union_find.component_size          large            size=65536    ops=66560000   bend=     1.59ns ref=     1.29ns   1.23x ok
union_find.component_count         small            size=64       ops=102400000  bend=     1.00ns ref=     2.88ns   0.35x ok
union_find.component_count         medium           size=4096     ops=108800000  bend=     1.01ns ref=     2.88ns   0.35x ok
union_find.component_count         large            size=65536    ops=166400000  bend=     1.03ns ref=     2.91ns   0.36x ok
union_find.new                     small            size=64       ops=3000000    bend=    34.50ns ref=     1.92ns  17.97x ok
union_find.new                     medium           size=4096     ops=3400000    bend=    34.12ns ref=     1.87ns  18.23x ok
union_find.new                     large            size=65536    ops=3200000    bend=    34.84ns ref=     1.83ns  19.07x ok
union_find.new                     edge-empty       size=0        ops=5200000    bend=    35.96ns ref=     1.93ns  18.61x ok
union_find.find                    edge-empty       size=0        ops=83200000   bend=     1.13ns ref=     1.03ns   1.10x ok
union_find.union                   edge-empty       size=0        ops=32000000   bend=     3.41ns ref=     1.13ns   3.02x ok
union_find.connected               edge-empty       size=0        ops=64000000   bend=     1.59ns ref=     1.12ns   1.42x ok
union_find.component_size          edge-empty       size=0        ops=108800000  bend=     1.15ns ref=     1.02ns   1.14x ok
union_find.component_count         edge-empty       size=0        ops=192000000  bend=     1.02ns ref=     2.88ns   0.35x ok
fenwick_tree.add                   small            size=64       ops=6400000    bend=    22.03ns ref=    19.58ns   1.13x ok
fenwick_tree.add                   medium           size=4096     ops=2550000    bend=    40.78ns ref=    36.87ns   1.11x ok
fenwick_tree.add                   large            size=262144   ops=2040000    bend=    57.35ns ref=    51.39ns   1.12x ok
fenwick_tree.prefix_sum            small            size=64       ops=6800000    bend=    22.35ns ref=    19.17ns   1.17x ok
fenwick_tree.prefix_sum            medium           size=4096     ops=3200000    bend=    41.56ns ref=    37.30ns   1.11x ok
fenwick_tree.prefix_sum            large            size=262144   ops=2040000    bend=    58.09ns ref=    52.57ns   1.10x ok
fenwick_tree.range_sum             small            size=64       ops=6800000    bend=    23.38ns ref=    19.92ns   1.17x ok
fenwick_tree.range_sum             medium           size=4096     ops=3200000    bend=    42.03ns ref=    37.80ns   1.11x ok
fenwick_tree.range_sum             large            size=262144   ops=12800000   bend=    16.33ns ref=    14.28ns   1.14x ok
fenwick_tree.length                small            size=64       ops=102400000  bend=     1.06ns ref=     3.07ns   0.35x ok
fenwick_tree.length                medium           size=4096     ops=108800000  bend=     1.09ns ref=     3.11ns   0.35x ok
fenwick_tree.length                large            size=262144   ops=108800000  bend=     1.10ns ref=     3.13ns   0.35x ok
fenwick_tree.from_list             small            size=64       ops=750000     bend=   147.33ns ref=    30.42ns   4.84x ok
fenwick_tree.from_list             medium           size=4096     ops=750000     bend=   150.00ns ref=    27.47ns   5.46x ok
fenwick_tree.from_list             large            size=262144   ops=1360000    bend=   147.06ns ref=    26.84ns   5.48x ok
fenwick_tree.new                   small            size=64       ops=12800000   bend=     8.91ns ref=    12.47ns   0.71x ok
fenwick_tree.new                   medium           size=4096     ops=12800000   bend=     7.81ns ref=    13.64ns   0.57x ok
fenwick_tree.new                   large            size=262144   ops=16000000   bend=     8.34ns ref=    12.62ns   0.66x ok
fenwick_tree.new                   edge-empty       size=0        ops=19200000   bend=     8.20ns ref=    13.46ns   0.61x ok
fenwick_tree.from_list             edge-empty       size=0        ops=700000     bend=   172.86ns ref=    33.16ns   5.21x ok
fenwick_tree.length                edge-empty       size=0        ops=76800000   bend=     1.22ns ref=     3.55ns   0.34x ok
fenwick_tree.add                   edge-empty       size=0        ops=38400000   bend=     2.46ns ref=     1.48ns   1.66x ok
fenwick_tree.prefix_sum            edge-empty       size=0        ops=44800000   bend=     3.16ns ref=     1.74ns   1.81x ok
fenwick_tree.range_sum             edge-empty       size=0        ops=25600000   bend=     4.30ns ref=     1.95ns   2.20x ok
segment_tree.range_add             small            size=64       ops=1700000    bend=    57.94ns ref=    36.76ns   1.58x ok
segment_tree.range_add             medium           size=4096     ops=1360000    bend=   134.56ns ref=    77.84ns   1.73x ok
segment_tree.range_add             large            size=262144   ops=2720000    bend=    55.51ns ref=    35.19ns   1.58x ok
segment_tree.get                   small            size=64       ops=5100000    bend=    31.27ns ref=     4.12ns   7.59x ok
segment_tree.get                   medium           size=4096     FAILED MEASUREMENT (sample 0: A-B = 185000000ns (bend) / -1881000ns (reference), below the 50000000ns / 100000ns minima)
segment_tree.get                   large            size=262144   ops=8670000    bend=    77.80ns ref=    14.18ns   5.49x ok
segment_tree.range_query           small            size=64       ops=1300000    bend=    54.62ns ref=    33.73ns   1.62x ok
segment_tree.range_query           medium           size=4096     ops=2720000    bend=    81.43ns ref=    55.18ns   1.48x ok
segment_tree.range_query           large            size=262144   ops=5120000    bend=    25.29ns ref=    17.41ns   1.45x ok
segment_tree.length                small            size=64       ops=89600000   bend=     1.12ns ref=     2.83ns   0.39x ok
segment_tree.length                medium           size=4096     ops=153600000  bend=     1.13ns ref=     2.78ns   0.41x ok
segment_tree.length                large            size=262144   ops=96000000   bend=     1.14ns ref=     2.93ns   0.39x ok
segment_tree.set                   small            size=64       ops=3400000    bend=    53.82ns ref=    13.20ns   4.08x ok
segment_tree.set                   medium           size=4096     ops=1360000    bend=   127.21ns ref=    27.78ns   4.58x ok
segment_tree.set                   large            size=262144   ops=630000     bend=   200.79ns ref=   128.11ns   1.57x ok
segment_tree.from_list             small            size=64       ops=500000     bend=   286.00ns ref=    81.41ns   3.51x ok
segment_tree.from_list             medium           size=4096     ops=600000     bend=   275.00ns ref=    74.77ns   3.68x ok
segment_tree.from_list             large            size=262144   ops=520000     bend=   284.62ns ref=    84.49ns   3.37x ok
segment_tree.new                   small            size=64       ops=10200000   bend=    12.65ns ref=    13.16ns   0.96x ok
segment_tree.new                   medium           size=4096     ops=10200000   bend=    12.45ns ref=    13.85ns   0.90x ok
segment_tree.new                   large            size=262144   ops=6400000    bend=    13.20ns ref=    13.03ns   1.01x ok
segment_tree.new                   edge-empty       size=0        ops=12800000   bend=    12.58ns ref=    13.87ns   0.91x ok
segment_tree.from_list             edge-empty       size=0        ops=400000     bend=   297.50ns ref=    80.19ns   3.71x ok
segment_tree.length                edge-empty       size=0        ops=70400000   bend=     1.33ns ref=     3.42ns   0.39x ok
segment_tree.get                   edge-empty       size=0        ops=70400000   bend=     1.48ns ref=     1.43ns   1.04x ok
segment_tree.set                   edge-empty       size=0        ops=38400000   bend=     5.04ns ref=     1.46ns   3.46x ok
segment_tree.range_query           edge-empty       size=0        ops=12800000   bend=    10.27ns ref=     2.30ns   4.46x ok
segment_tree.range_add             edge-empty       size=0        ops=15300000   bend=     8.01ns ref=     3.37ns   2.38x ok
prefix_trie.insert                 small            size=64       ops=150000     bend=  1073.33ns ref=   202.05ns   5.31x ok
prefix_trie.insert                 medium           size=2048     ops=120000     bend=   920.83ns ref=   145.83ns   6.31x ok
prefix_trie.insert                 large            size=32768    ops=196608     bend=   930.79ns ref=   215.67ns   4.32x ok
prefix_trie.lookup                 small            size=64       ops=500000     bend=   308.00ns ref=    31.87ns   9.67x ok
prefix_trie.lookup                 medium           size=2048     ops=400000     bend=   430.00ns ref=    68.93ns   6.24x ok
prefix_trie.lookup                 large            size=32768    ops=640000     bend=   843.75ns ref=   118.41ns   7.13x ok
prefix_trie.remove                 small            size=64       ops=200000     bend=   720.00ns ref=    96.15ns   7.49x ok
prefix_trie.remove                 medium           size=2048     ops=100000     bend=   995.00ns ref=   136.47ns   7.29x ok
prefix_trie.remove                 large            size=32768    ops=640000     bend=  1450.78ns ref=   223.44ns   6.49x ok
prefix_trie.contains               small            size=64       ops=600000     bend=   337.50ns ref=    35.30ns   9.56x ok
prefix_trie.contains               medium           size=2048     ops=260000     bend=   482.69ns ref=    67.55ns   7.15x ok
prefix_trie.contains               large            size=32768    ops=510000     bend=   779.41ns ref=   125.97ns   6.19x ok
prefix_trie.prefix_entries         small            size=64       ops=85000      bend=  1688.24ns ref=   111.63ns  15.12x ok
prefix_trie.prefix_entries         medium           size=2048     ops=2000       bend= 55250.00ns ref=  3007.50ns  18.37x ok
prefix_trie.prefix_entries         large            size=32768    ops=120        bend=1712500.00ns ref= 47616.67ns  35.96x ok
prefix_trie.longest_prefix         small            size=64       ops=400000     bend=   293.75ns ref=    37.33ns   7.87x ok
prefix_trie.longest_prefix         medium           size=2048     ops=480000     bend=   379.17ns ref=    73.48ns   5.16x ok
prefix_trie.longest_prefix         large            size=32768    ops=640000     bend=   626.56ns ref=   150.06ns   4.18x ok
prefix_trie.new                    small            size=64       ops=76800000   bend=     1.38ns ref=     3.63ns   0.38x ok
prefix_trie.new                    medium           size=2048     ops=76800000   bend=     1.45ns ref=     3.55ns   0.41x ok
prefix_trie.new                    large            size=32768    ops=134400000  bend=     1.41ns ref=     3.79ns   0.37x ok
prefix_trie.new                    edge-empty       size=0        ops=70400000   bend=     1.47ns ref=     3.50ns   0.42x ok
prefix_trie.insert                 edge-empty       size=0        ops=6400000    bend=  1860.55ns ref=   386.76ns   4.81x ok
prefix_trie.lookup                 edge-empty       size=0        ops=500000     bend=   185.00ns ref=     1.62ns 114.55x ok
prefix_trie.remove                 edge-empty       size=0        ops=600000     bend=   177.50ns ref=     2.32ns  76.48x ok
prefix_trie.contains               edge-empty       size=0        ops=600000     bend=   212.50ns ref=     1.76ns 120.57x ok
prefix_trie.prefix_entries         edge-empty       size=0        ops=6800000    bend=    26.25ns ref=     4.82ns   5.45x ok
prefix_trie.longest_prefix         edge-empty       size=0        ops=600000     bend=   181.67ns ref=     3.38ns  53.68x ok
graph.add_vertex                   small            size=32       ops=750000     bend=   170.00ns ref=    22.77ns   7.47x ok
graph.add_vertex                   medium           size=512      ops=600000     bend=   285.00ns ref=    38.54ns   7.39x ok
graph.add_vertex                   large            size=4096     FAILED MEASUREMENT (sample 3: A-B = -108000000ns (bend) / 14621000ns (reference), below the 50000000ns / 100000ns minima)
graph.remove_vertex                small            size=32       FAILED MEASUREMENT (sample 4: A-B = -44000000ns (bend) / 21446000ns (reference), below the 50000000ns / 100000ns minima)
graph.remove_vertex                medium           size=512      ops=969000     bend=  1974.72ns ref=   204.64ns   9.65x ok
graph.remove_vertex                large            size=4096     ops=400        bend=280000.00ns ref= 30672.50ns   9.13x ok
graph.add_edge                     small            size=32       ops=50000      bend=  1950.00ns ref=    84.83ns  22.99x ok
graph.add_edge                     medium           size=512      ops=40000      bend=  4625.00ns ref=   427.85ns  10.81x ok
graph.add_edge                     large            size=4096     ops=30000      bend=  3766.67ns ref=   419.68ns   8.98x ok
graph.remove_edge                  small            size=32       ops=350000     bend=   270.00ns ref=    35.76ns   7.55x ok
graph.remove_edge                  medium           size=512      ops=200000     bend=   580.00ns ref=    82.94ns   6.99x ok
graph.remove_edge                  large            size=4096     ops=120000     bend=   845.83ns ref=   124.45ns   6.80x ok
graph.has_vertex                   small            size=32       ops=1500000    bend=   140.00ns ref=    19.96ns   7.01x ok
graph.has_vertex                   medium           size=512      ops=520000     bend=   241.35ns ref=    37.32ns   6.47x ok
graph.has_vertex                   large            size=4096     ops=510000     bend=   399.02ns ref=    51.29ns   7.78x ok
graph.has_edge                     small            size=32       ops=600000     bend=   325.00ns ref=    42.17ns   7.71x ok
graph.has_edge                     medium           size=512      ops=320000     bend=   557.81ns ref=    76.13ns   7.33x ok
graph.has_edge                     large            size=4096     ops=150000     bend=   833.33ns ref=   123.83ns   6.73x ok
graph.neighbors                    small            size=32       ops=1100000    bend=   185.00ns ref=    23.15ns   7.99x ok
graph.neighbors                    medium           size=512      ops=520000     bend=   309.62ns ref=    39.74ns   7.79x ok
graph.neighbors                    large            size=4096     ops=510000     bend=   477.45ns ref=    66.02ns   7.23x ok
graph.vertices                     small            size=32       ops=130000     bend=   957.69ns ref=    38.60ns  24.81x ok
graph.vertices                     medium           size=512      ops=7500       bend= 15866.67ns ref=   674.93ns  23.51x ok
graph.vertices                     large            size=4096     ops=850        bend=150000.00ns ref=  5307.65ns  28.26x ok
graph.edges                        small            size=32       ops=40000      bend=  2937.50ns ref=   160.24ns  18.33x ok
graph.edges                        medium           size=512      ops=2000       bend= 57500.00ns ref=  2835.00ns  20.28x ok
graph.edges                        large            size=4096     ops=300        bend=605000.00ns ref= 24953.33ns  24.25x ok
graph.new                          small            size=32       ops=20400000   bend=     5.07ns ref=     2.13ns   2.39x ok
graph.new                          medium           size=512      ops=25600000   bend=     4.94ns ref=     2.18ns   2.27x ok
graph.new                          large            size=4096     ops=38400000   bend=     5.57ns ref=     2.20ns   2.54x ok
graph.new                          edge-empty       size=0        ops=25600000   bend=     5.25ns ref=     2.13ns   2.46x ok
graph.add_vertex                   edge-empty       size=0        ops=6800000    bend=    30.22ns ref=     1.44ns  21.00x ok
graph.remove_vertex                edge-empty       size=0        ops=12800000   bend=     8.91ns ref=     1.36ns   6.54x ok
graph.add_edge                     edge-empty       size=0        ops=10200000   bend=    15.98ns ref=     1.41ns  11.31x ok
graph.remove_edge                  edge-empty       size=0        FAILED MEASUREMENT (sample 4: A-B = 255000000ns (bend) / -9964000ns (reference), below the 50000000ns / 100000ns minima)
graph.has_vertex                   edge-empty       size=0        ops=19200000   bend=     7.01ns ref=     1.33ns   5.25x ok
graph.has_edge                     edge-empty       size=0        ops=10200000   bend=    19.41ns ref=     1.75ns  11.08x ok
graph.neighbors                    edge-empty       size=0        ops=12800000   bend=     8.63ns ref=     1.30ns   6.66x ok
graph.vertices                     edge-empty       size=0        ops=19200000   bend=     5.16ns ref=     3.96ns   1.30x ok
graph.edges                        edge-empty       size=0        ops=25600000   bend=     5.80ns ref=     4.71ns   1.23x ok
report: build/performance/report.json (408 workloads, 3592s)
