dlist_iterator.iter_first small calibrate count=50000 reps=1 bend_delta=-1000000ns ref_delta=188000ns bendA=0ns
dlist_iterator.iter_first small calibrate count=3200000 reps=1 bend_delta=17000000ns ref_delta=12144000ns bendA=34000000ns
dlist_iterator.iter_first small calibrate count=19200000 reps=1 bend_delta=100000000ns ref_delta=93232000ns bendA=221000000ns
dlist_iterator.iter_first small count=19200000 reps=1 sample=0 order=ABC bendA=274000000 bendB=138000000 bendC=0 refA=197501000 refB=96457000 refC=2000 bend_chk=['2919093441', '3604151489', '1420305601'] ref_chk=['2919093441', '3604151489', '1420305601']
dlist_iterator.iter_first small count=19200000 reps=1 sample=1 order=CBA bendA=307000000 bendB=148000000 bendC=0 refA=209156000 refB=107124000 refC=5000 bend_chk=['2919093441', '3604151489', '1420305601'] ref_chk=['2919093441', '3604151489', '1420305601']
dlist_iterator.iter_first small count=19200000 reps=1 sample=2 order=ABC bendA=277000000 bendB=144000000 bendC=0 refA=203967000 refB=99289000 refC=24000 bend_chk=['2919093441', '3604151489', '1420305601'] ref_chk=['2919093441', '3604151489', '1420305601']
dlist_iterator.iter_first small count=19200000 reps=1 sample=3 order=CBA bendA=278000000 bendB=138000000 bendC=0 refA=192873000 refB=97774000 refC=6000 bend_chk=['2919093441', '3604151489', '1420305601'] ref_chk=['2919093441', '3604151489', '1420305601']
dlist_iterator.iter_first small count=19200000 reps=1 sample=4 order=ABC bendA=279000000 bendB=138000000 bendC=0 refA=189244000 refB=87866000 refC=1000 bend_chk=['2919093441', '3604151489', '1420305601'] ref_chk=['2919093441', '3604151489', '1420305601']
dlist_iterator.iter_first small count=19200000 reps=1 sample=5 order=CBA bendA=275000000 bendB=134000000 bendC=0 refA=185862000 refB=92291000 refC=5000 bend_chk=['2919093441', '3604151489', '1420305601'] ref_chk=['2919093441', '3604151489', '1420305601']
dlist_iterator.iter_first medium calibrate count=20000 reps=1 bend_delta=0ns ref_delta=96000ns bendA=0ns
dlist_iterator.iter_first medium calibrate count=1280000 reps=1 bend_delta=7000000ns ref_delta=5648000ns bendA=17000000ns
dlist_iterator.iter_first medium calibrate count=19200000 reps=1 bend_delta=136000000ns ref_delta=88099000ns bendA=264000000ns
dlist_iterator.iter_first medium count=19200000 reps=1 sample=0 order=ABC bendA=259000000 bendB=137000000 bendC=0 refA=191548000 refB=89735000 refC=33000 bend_chk=['816466261', '3359543637', '953342293'] ref_chk=['816466261', '3359543637', '953342293']
dlist_iterator.iter_first medium count=19200000 reps=1 sample=1 order=CBA bendA=266000000 bendB=126000000 bendC=0 refA=175897000 refB=88495000 refC=40000 bend_chk=['816466261', '3359543637', '953342293'] ref_chk=['816466261', '3359543637', '953342293']
dlist_iterator.iter_first medium count=19200000 reps=1 sample=2 order=ABC bendA=260000000 bendB=137000000 bendC=0 refA=189251000 refB=87718000 refC=40000 bend_chk=['816466261', '3359543637', '953342293'] ref_chk=['816466261', '3359543637', '953342293']
dlist_iterator.iter_first medium count=19200000 reps=1 sample=3 order=CBA bendA=296000000 bendB=125000000 bendC=0 refA=214867000 refB=107348000 refC=50000 bend_chk=['816466261', '3359543637', '953342293'] ref_chk=['816466261', '3359543637', '953342293']
dlist_iterator.iter_first medium count=19200000 reps=1 sample=4 order=ABC bendA=304000000 bendB=153000000 bendC=0 refA=200968000 refB=96272000 refC=32000 bend_chk=['816466261', '3359543637', '953342293'] ref_chk=['816466261', '3359543637', '953342293']
dlist_iterator.iter_first medium count=19200000 reps=1 sample=5 order=CBA bendA=323000000 bendB=149000000 bendC=0 refA=214987000 refB=107325000 refC=49000 bend_chk=['816466261', '3359543637', '953342293'] ref_chk=['816466261', '3359543637', '953342293']
dlist_iterator.iter_first large calibrate count=10000 reps=1 bend_delta=1000000ns ref_delta=86000ns bendA=2000000ns
dlist_iterator.iter_first large calibrate count=640000 reps=1 bend_delta=6000000ns ref_delta=3720000ns bendA=12000000ns
dlist_iterator.iter_first large calibrate count=10880000 reps=1 bend_delta=88000000ns ref_delta=61004000ns bendA=176000000ns
dlist_iterator.iter_first large calibrate count=21760000 reps=1 bend_delta=176000000ns ref_delta=112869000ns bendA=354000000ns
dlist_iterator.iter_first large count=21760000 reps=1 sample=0 order=ABC bendA=371000000 bendB=185000000 bendC=2000000 refA=243391000 refB=121970000 refC=608000 bend_chk=['2351711465', '4061388009', '4110120169'] ref_chk=['2351711465', '4061388009', '4110120169']
dlist_iterator.iter_first large count=21760000 reps=1 sample=1 order=CBA bendA=337000000 bendB=173000000 bendC=2000000 refA=234571000 refB=115518000 refC=626000 bend_chk=['2351711465', '4061388009', '4110120169'] ref_chk=['2351711465', '4061388009', '4110120169']
dlist_iterator.iter_first large count=21760000 reps=1 sample=2 order=ABC bendA=313000000 bendB=158000000 bendC=1000000 refA=217466000 refB=107171000 refC=638000 bend_chk=['2351711465', '4061388009', '4110120169'] ref_chk=['2351711465', '4061388009', '4110120169']
dlist_iterator.iter_first large count=21760000 reps=1 sample=3 order=CBA bendA=307000000 bendB=157000000 bendC=1000000 refA=200821000 refB=102263000 refC=624000 bend_chk=['2351711465', '4061388009', '4110120169'] ref_chk=['2351711465', '4061388009', '4110120169']
dlist_iterator.iter_first large count=21760000 reps=1 sample=4 order=ABC bendA=303000000 bendB=157000000 bendC=2000000 refA=210825000 refB=99994000 refC=493000 bend_chk=['2351711465', '4061388009', '4110120169'] ref_chk=['2351711465', '4061388009', '4110120169']
dlist_iterator.iter_first large count=21760000 reps=1 sample=5 order=CBA bendA=306000000 bendB=156000000 bendC=1000000 refA=211506000 refB=100721000 refC=626000 bend_chk=['2351711465', '4061388009', '4110120169'] ref_chk=['2351711465', '4061388009', '4110120169']
dlist_iterator.iter_last small calibrate count=50000 reps=1 bend_delta=1000000ns ref_delta=244000ns bendA=1000000ns
dlist_iterator.iter_last small calibrate count=3200000 reps=1 bend_delta=22000000ns ref_delta=16877000ns bendA=42000000ns
dlist_iterator.iter_last small calibrate count=16000000 reps=1 bend_delta=104000000ns ref_delta=91151000ns bendA=222000000ns
dlist_iterator.iter_last small count=16000000 reps=1 sample=0 order=ABC bendA=264000000 bendB=131000000 bendC=0 refA=199315000 refB=94225000 refC=1000 bend_chk=['3623689085', '3297458045', '3445183357'] ref_chk=['3623689085', '3297458045', '3445183357']
dlist_iterator.iter_last small count=16000000 reps=1 sample=1 order=CBA bendA=234000000 bendB=118000000 bendC=0 refA=192103000 refB=93917000 refC=4000 bend_chk=['3623689085', '3297458045', '3445183357'] ref_chk=['3623689085', '3297458045', '3445183357']
dlist_iterator.iter_last small count=16000000 reps=1 sample=2 order=ABC bendA=240000000 bendB=117000000 bendC=0 refA=187623000 refB=95065000 refC=26000 bend_chk=['3623689085', '3297458045', '3445183357'] ref_chk=['3623689085', '3297458045', '3445183357']
dlist_iterator.iter_last small count=16000000 reps=1 sample=3 order=CBA bendA=234000000 bendB=117000000 bendC=0 refA=187677000 refB=93885000 refC=6000 bend_chk=['3623689085', '3297458045', '3445183357'] ref_chk=['3623689085', '3297458045', '3445183357']
dlist_iterator.iter_last small count=16000000 reps=1 sample=4 order=ABC bendA=234000000 bendB=117000000 bendC=0 refA=188073000 refB=94066000 refC=1000 bend_chk=['3623689085', '3297458045', '3445183357'] ref_chk=['3623689085', '3297458045', '3445183357']
dlist_iterator.iter_last small count=16000000 reps=1 sample=5 order=CBA bendA=234000000 bendB=117000000 bendC=1000000 refA=187643000 refB=93879000 refC=5000 bend_chk=['3623689085', '3297458045', '3445183357'] ref_chk=['3623689085', '3297458045', '3445183357']
dlist_iterator.iter_last medium calibrate count=20000 reps=1 bend_delta=0ns ref_delta=125000ns bendA=0ns
dlist_iterator.iter_last medium calibrate count=1280000 reps=1 bend_delta=9000000ns ref_delta=7521000ns bendA=19000000ns
dlist_iterator.iter_last medium calibrate count=15360000 reps=1 bend_delta=117000000ns ref_delta=86458000ns bendA=225000000ns
dlist_iterator.iter_last medium count=15360000 reps=1 sample=0 order=ABC bendA=217000000 bendB=113000000 bendC=0 refA=170189000 refB=81100000 refC=87000 bend_chk=['2692197393', '1348848657', '3495160849'] ref_chk=['2692197393', '1348848657', '3495160849']
dlist_iterator.iter_last medium count=15360000 reps=1 sample=1 order=CBA bendA=210000000 bendB=101000000 bendC=0 refA=162074000 refB=84714000 refC=46000 bend_chk=['2692197393', '1348848657', '3495160849'] ref_chk=['2692197393', '1348848657', '3495160849']
dlist_iterator.iter_last medium count=15360000 reps=1 sample=2 order=ABC bendA=221000000 bendB=113000000 bendC=0 refA=180252000 refB=86582000 refC=40000 bend_chk=['2692197393', '1348848657', '3495160849'] ref_chk=['2692197393', '1348848657', '3495160849']
dlist_iterator.iter_last medium count=15360000 reps=1 sample=3 order=CBA bendA=221000000 bendB=101000000 bendC=0 refA=162013000 refB=81052000 refC=45000 bend_chk=['2692197393', '1348848657', '3495160849'] ref_chk=['2692197393', '1348848657', '3495160849']
dlist_iterator.iter_last medium count=15360000 reps=1 sample=4 order=ABC bendA=209000000 bendB=112000000 bendC=0 refA=171508000 refB=81115000 refC=73000 bend_chk=['2692197393', '1348848657', '3495160849'] ref_chk=['2692197393', '1348848657', '3495160849']
dlist_iterator.iter_last medium count=15360000 reps=1 sample=5 order=CBA bendA=222000000 bendB=101000000 bendC=0 refA=162194000 refB=81006000 refC=46000 bend_chk=['2692197393', '1348848657', '3495160849'] ref_chk=['2692197393', '1348848657', '3495160849']
dlist_iterator.iter_last large calibrate count=10000 reps=1 bend_delta=1000000ns ref_delta=50000ns bendA=2000000ns
dlist_iterator.iter_last large calibrate count=640000 reps=1 bend_delta=5000000ns ref_delta=3157000ns bendA=10000000ns
dlist_iterator.iter_last large calibrate count=13440000 reps=1 bend_delta=89000000ns ref_delta=70838000ns bendA=178000000ns
dlist_iterator.iter_last large calibrate count=26880000 reps=1 bend_delta=177000000ns ref_delta=128050000ns bendA=355000000ns
dlist_iterator.iter_last large count=26880000 reps=1 sample=0 order=ABC bendA=346000000 bendB=176000000 bendC=1000000 refA=269517000 refB=142371000 refC=682000 bend_chk=['2994952101', '169111461', '3802498981'] ref_chk=['2994952101', '169111461', '3802498981']
dlist_iterator.iter_last large count=26880000 reps=1 sample=1 order=CBA bendA=355000000 bendB=178000000 bendC=2000000 refA=266350000 refB=132855000 refC=622000 bend_chk=['2994952101', '169111461', '3802498981'] ref_chk=['2994952101', '169111461', '3802498981']
dlist_iterator.iter_last large count=26880000 reps=1 sample=2 order=ABC bendA=357000000 bendB=179000000 bendC=1000000 refA=282640000 refB=136138000 refC=606000 bend_chk=['2994952101', '169111461', '3802498981'] ref_chk=['2994952101', '169111461', '3802498981']
dlist_iterator.iter_last large count=26880000 reps=1 sample=3 order=CBA bendA=354000000 bendB=177000000 bendC=1000000 refA=281427000 refB=142239000 refC=612000 bend_chk=['2994952101', '169111461', '3802498981'] ref_chk=['2994952101', '169111461', '3802498981']
dlist_iterator.iter_last large count=26880000 reps=1 sample=4 order=ABC bendA=344000000 bendB=175000000 bendC=1000000 refA=284097000 refB=142225000 refC=622000 bend_chk=['2994952101', '169111461', '3802498981'] ref_chk=['2994952101', '169111461', '3802498981']
dlist_iterator.iter_last large count=26880000 reps=1 sample=5 order=CBA bendA=350000000 bendB=175000000 bendC=1000000 refA=267304000 refB=139356000 refC=606000 bend_chk=['2994952101', '169111461', '3802498981'] ref_chk=['2994952101', '169111461', '3802498981']
dlist_iterator.next small calibrate count=50000 reps=1 bend_delta=0ns ref_delta=140000ns bendA=0ns
dlist_iterator.next small calibrate count=3200000 reps=1 bend_delta=9000000ns ref_delta=7957000ns bendA=17000000ns
dlist_iterator.next small calibrate count=38400000 reps=1 bend_delta=100000000ns ref_delta=95673000ns bendA=200000000ns
dlist_iterator.next small count=38400000 reps=1 sample=0 order=ABC bendA=200000000 bendB=100000000 bendC=0 refA=191552000 refB=95737000 refC=1000 bend_chk=['1534652985', '1858189881', '1175093817'] ref_chk=['1534652985', '1858189881', '1175093817']
dlist_iterator.next small count=38400000 reps=1 sample=1 order=CBA bendA=201000000 bendB=101000000 bendC=0 refA=191589000 refB=95850000 refC=5000 bend_chk=['1534652985', '1858189881', '1175093817'] ref_chk=['1534652985', '1858189881', '1175093817']
dlist_iterator.next small count=38400000 reps=1 sample=2 order=ABC bendA=200000000 bendB=106000000 bendC=0 refA=201739000 refB=103452000 refC=2000 bend_chk=['1534652985', '1858189881', '1175093817'] ref_chk=['1534652985', '1858189881', '1175093817']
dlist_iterator.next small count=38400000 reps=1 sample=3 order=CBA bendA=200000000 bendB=100000000 bendC=0 refA=207272000 refB=96496000 refC=6000 bend_chk=['1534652985', '1858189881', '1175093817'] ref_chk=['1534652985', '1858189881', '1175093817']
dlist_iterator.next small count=38400000 reps=1 sample=4 order=ABC bendA=211000000 bendB=107000000 bendC=0 refA=209999000 refB=106159000 refC=26000 bend_chk=['1534652985', '1858189881', '1175093817'] ref_chk=['1534652985', '1858189881', '1175093817']
dlist_iterator.next small count=38400000 reps=1 sample=5 order=CBA bendA=217000000 bendB=111000000 bendC=0 refA=210461000 refB=102284000 refC=5000 bend_chk=['1534652985', '1858189881', '1175093817'] ref_chk=['1534652985', '1858189881', '1175093817']
dlist_iterator.next medium calibrate count=20000 reps=1 bend_delta=0ns ref_delta=59000ns bendA=0ns
dlist_iterator.next medium calibrate count=1280000 reps=1 bend_delta=3000000ns ref_delta=3472000ns bendA=6000000ns
dlist_iterator.next medium calibrate count=43520000 reps=1 bend_delta=86000000ns ref_delta=119007000ns bendA=184000000ns
dlist_iterator.next medium calibrate count=87040000 reps=1 bend_delta=233000000ns ref_delta=216383000ns bendA=404000000ns
dlist_iterator.next medium count=87040000 reps=1 sample=0 order=ABC bendA=377000000 bendB=204000000 bendC=0 refA=445919000 refB=217256000 refC=46000 bend_chk=['664706765', '532270797', '1742012109'] ref_chk=['664706765', '532270797', '1742012109']
dlist_iterator.next medium count=87040000 reps=1 sample=1 order=CBA bendA=398000000 bendB=190000000 bendC=0 refA=451588000 refB=219525000 refC=40000 bend_chk=['664706765', '532270797', '1742012109'] ref_chk=['664706765', '532270797', '1742012109']
dlist_iterator.next medium count=87040000 reps=1 sample=2 order=ABC bendA=391000000 bendB=173000000 bendC=0 refA=449675000 refB=218671000 refC=41000 bend_chk=['664706765', '532270797', '1742012109'] ref_chk=['664706765', '532270797', '1742012109']
dlist_iterator.next medium count=87040000 reps=1 sample=3 order=CBA bendA=412000000 bendB=204000000 bendC=0 refA=464305000 refB=217556000 refC=42000 bend_chk=['664706765', '532270797', '1742012109'] ref_chk=['664706765', '532270797', '1742012109']
dlist_iterator.next medium count=87040000 reps=1 sample=4 order=ABC bendA=350000000 bendB=174000000 bendC=0 refA=443528000 refB=231918000 refC=33000 bend_chk=['664706765', '532270797', '1742012109'] ref_chk=['664706765', '532270797', '1742012109']
dlist_iterator.next medium count=87040000 reps=1 sample=5 order=CBA bendA=394000000 bendB=204000000 bendC=0 refA=446132000 refB=217285000 refC=38000 bend_chk=['664706765', '532270797', '1742012109'] ref_chk=['664706765', '532270797', '1742012109']
dlist_iterator.next large calibrate count=10000 reps=1 bend_delta=1000000ns ref_delta=42000ns bendA=2000000ns
dlist_iterator.next large calibrate count=640000 reps=1 bend_delta=1000000ns ref_delta=1666000ns bendA=3000000ns
dlist_iterator.next large calibrate count=40960000 reps=1 bend_delta=57000000ns ref_delta=104229000ns bendA=125000000ns
dlist_iterator.next large calibrate count=81920000 reps=1 bend_delta=134000000ns ref_delta=227434000ns bendA=269000000ns
dlist_iterator.next large count=81920000 reps=1 sample=0 order=ABC bendA=266000000 bendB=136000000 bendC=1000000 refA=495670000 refB=237232000 refC=637000 bend_chk=['1576114785', '2535496289', '3494877793'] ref_chk=['1576114785', '2535496289', '3494877793']
dlist_iterator.next large count=81920000 reps=1 sample=1 order=CBA bendA=272000000 bendB=143000000 bendC=2000000 refA=536575000 refB=260029000 refC=701000 bend_chk=['1576114785', '2535496289', '3494877793'] ref_chk=['1576114785', '2535496289', '3494877793']
dlist_iterator.next large count=81920000 reps=1 sample=2 order=ABC bendA=329000000 bendB=165000000 bendC=1000000 refA=544214000 refB=256631000 refC=698000 bend_chk=['1576114785', '2535496289', '3494877793'] ref_chk=['1576114785', '2535496289', '3494877793']
dlist_iterator.next large count=81920000 reps=1 sample=3 order=CBA bendA=317000000 bendB=166000000 bendC=2000000 refA=485973000 refB=258863000 refC=681000 bend_chk=['1576114785', '2535496289', '3494877793'] ref_chk=['1576114785', '2535496289', '3494877793']
dlist_iterator.next large count=81920000 reps=1 sample=4 order=ABC bendA=278000000 bendB=139000000 bendC=1000000 refA=450798000 refB=210981000 refC=604000 bend_chk=['1576114785', '2535496289', '3494877793'] ref_chk=['1576114785', '2535496289', '3494877793']
dlist_iterator.next large count=81920000 reps=1 sample=5 order=CBA bendA=262000000 bendB=124000000 bendC=1000000 refA=418043000 refB=217152000 refC=662000 bend_chk=['1576114785', '2535496289', '3494877793'] ref_chk=['1576114785', '2535496289', '3494877793']
dlist_iterator.previous small calibrate count=50000 reps=1 bend_delta=0ns ref_delta=161000ns bendA=0ns
dlist_iterator.previous small calibrate count=3200000 reps=1 bend_delta=4000000ns ref_delta=9228000ns bendA=11000000ns
dlist_iterator.previous small calibrate count=83200000 reps=1 bend_delta=159000000ns ref_delta=245199000ns bendA=328000000ns
dlist_iterator.previous small count=83200000 reps=1 sample=0 order=ABC bendA=351000000 bendB=174000000 bendC=0 refA=514753000 refB=256848000 refC=30000 bend_chk=['4118194421', '3885575413', '3199971573'] ref_chk=['4118194421', '3885575413', '3199971573']
dlist_iterator.previous small count=83200000 reps=1 sample=1 order=CBA bendA=350000000 bendB=155000000 bendC=0 refA=501318000 refB=246572000 refC=5000 bend_chk=['4118194421', '3885575413', '3199971573'] ref_chk=['4118194421', '3885575413', '3199971573']
dlist_iterator.previous small count=83200000 reps=1 sample=2 order=ABC bendA=276000000 bendB=168000000 bendC=0 refA=496353000 refB=257037000 refC=46000 bend_chk=['4118194421', '3885575413', '3199971573'] ref_chk=['4118194421', '3885575413', '3199971573']
dlist_iterator.previous small count=83200000 reps=1 sample=3 order=CBA bendA=273000000 bendB=163000000 bendC=0 refA=498607000 refB=234388000 refC=5000 bend_chk=['4118194421', '3885575413', '3199971573'] ref_chk=['4118194421', '3885575413', '3199971573']
dlist_iterator.previous small count=83200000 reps=1 sample=4 order=ABC bendA=311000000 bendB=170000000 bendC=0 refA=489225000 refB=254704000 refC=5000 bend_chk=['4118194421', '3885575413', '3199971573'] ref_chk=['4118194421', '3885575413', '3199971573']
dlist_iterator.previous small count=83200000 reps=1 sample=5 order=CBA bendA=317000000 bendB=172000000 bendC=0 refA=514974000 refB=256597000 refC=5000 bend_chk=['4118194421', '3885575413', '3199971573'] ref_chk=['4118194421', '3885575413', '3199971573']
dlist_iterator.previous medium calibrate count=20000 reps=1 bend_delta=0ns ref_delta=65000ns bendA=0ns
dlist_iterator.previous medium calibrate count=1280000 reps=1 bend_delta=2000000ns ref_delta=3705000ns bendA=4000000ns
dlist_iterator.previous medium calibrate count=65280000 reps=1 bend_delta=103000000ns ref_delta=188050000ns bendA=204000000ns
dlist_iterator.previous medium count=65280000 reps=1 sample=0 order=ABC bendA=203000000 bendB=102000000 bendC=0 refA=378713000 refB=189202000 refC=42000 bend_chk=['335878537', '3407105417', '4283830665'] ref_chk=['335878537', '3407105417', '4283830665']
dlist_iterator.previous medium count=65280000 reps=1 sample=1 order=CBA bendA=204000000 bendB=101000000 bendC=0 refA=378237000 refB=189107000 refC=40000 bend_chk=['335878537', '3407105417', '4283830665'] ref_chk=['335878537', '3407105417', '4283830665']
dlist_iterator.previous medium count=65280000 reps=1 sample=2 order=ABC bendA=203000000 bendB=110000000 bendC=0 refA=391803000 refB=198878000 refC=82000 bend_chk=['335878537', '3407105417', '4283830665'] ref_chk=['335878537', '3407105417', '4283830665']
dlist_iterator.previous medium count=65280000 reps=1 sample=3 order=CBA bendA=210000000 bendB=102000000 bendC=1000000 refA=394003000 refB=201293000 refC=46000 bend_chk=['335878537', '3407105417', '4283830665'] ref_chk=['335878537', '3407105417', '4283830665']
dlist_iterator.previous medium count=65280000 reps=1 sample=4 order=ABC bendA=203000000 bendB=98000000 bendC=0 refA=356755000 refB=189078000 refC=42000 bend_chk=['335878537', '3407105417', '4283830665'] ref_chk=['335878537', '3407105417', '4283830665']
dlist_iterator.previous medium count=65280000 reps=1 sample=5 order=CBA bendA=185000000 bendB=95000000 bendC=0 refA=361622000 refB=174431000 refC=43000 bend_chk=['335878537', '3407105417', '4283830665'] ref_chk=['335878537', '3407105417', '4283830665']
dlist_iterator.previous large calibrate count=10000 reps=1 bend_delta=0ns ref_delta=206000ns bendA=1000000ns
dlist_iterator.previous large calibrate count=640000 reps=1 bend_delta=1000000ns ref_delta=1617000ns bendA=3000000ns
dlist_iterator.previous large calibrate count=40960000 reps=1 bend_delta=62000000ns ref_delta=101824000ns bendA=121000000ns
dlist_iterator.previous large calibrate count=81920000 reps=1 bend_delta=107000000ns ref_delta=240497000ns bendA=234000000ns
dlist_iterator.previous large count=81920000 reps=1 sample=0 order=ABC bendA=237000000 bendB=116000000 bendC=2000000 refA=457641000 refB=221821000 refC=601000 bend_chk=['2653400349', '772844829', '3187256605'] ref_chk=['2653400349', '772844829', '3187256605']
dlist_iterator.previous large count=81920000 reps=1 sample=1 order=CBA bendA=232000000 bendB=119000000 bendC=2000000 refA=453605000 refB=223145000 refC=567000 bend_chk=['2653400349', '772844829', '3187256605'] ref_chk=['2653400349', '772844829', '3187256605']
dlist_iterator.previous large count=81920000 reps=1 sample=2 order=ABC bendA=240000000 bendB=117000000 bendC=1000000 refA=438324000 refB=230583000 refC=663000 bend_chk=['2653400349', '772844829', '3187256605'] ref_chk=['2653400349', '772844829', '3187256605']
dlist_iterator.previous large count=81920000 reps=1 sample=3 order=CBA bendA=233000000 bendB=119000000 bendC=1000000 refA=449299000 refB=216610000 refC=572000 bend_chk=['2653400349', '772844829', '3187256605'] ref_chk=['2653400349', '772844829', '3187256605']
dlist_iterator.previous large count=81920000 reps=1 sample=4 order=ABC bendA=253000000 bendB=119000000 bendC=1000000 refA=485863000 refB=260825000 refC=753000 bend_chk=['2653400349', '772844829', '3187256605'] ref_chk=['2653400349', '772844829', '3187256605']
dlist_iterator.previous large count=81920000 reps=1 sample=5 order=CBA bendA=255000000 bendB=141000000 bendC=1000000 refA=524630000 refB=254817000 refC=613000 bend_chk=['2653400349', '772844829', '3187256605'] ref_chk=['2653400349', '772844829', '3187256605']
dlist_iterator.set small calibrate count=50000 reps=1 bend_delta=0ns ref_delta=89000ns bendA=0ns
dlist_iterator.set small calibrate count=3200000 reps=1 bend_delta=5000000ns ref_delta=5574000ns bendA=11000000ns
dlist_iterator.set small calibrate count=67200000 reps=1 bend_delta=115000000ns ref_delta=116923000ns bendA=230000000ns
dlist_iterator.set small count=67200000 reps=1 sample=0 order=ABC bendA=230000000 bendB=115000000 bendC=0 refA=232626000 refB=116371000 refC=27000 bend_chk=['775740672', '2139626752', '929882033'] ref_chk=['775740672', '2139626752', '929882033']
dlist_iterator.set small count=67200000 reps=1 sample=1 order=CBA bendA=231000000 bendB=115000000 bendC=0 refA=232303000 refB=118332000 refC=5000 bend_chk=['775740672', '2139626752', '929882033'] ref_chk=['775740672', '2139626752', '929882033']
dlist_iterator.set small count=67200000 reps=1 sample=2 order=ABC bendA=217000000 bendB=110000000 bendC=0 refA=207966000 refB=103805000 refC=2000 bend_chk=['775740672', '2139626752', '929882033'] ref_chk=['775740672', '2139626752', '929882033']
dlist_iterator.set small count=67200000 reps=1 sample=3 order=CBA bendA=212000000 bendB=106000000 bendC=0 refA=210283000 refB=109816000 refC=5000 bend_chk=['775740672', '2139626752', '929882033'] ref_chk=['775740672', '2139626752', '929882033']
dlist_iterator.set small count=67200000 reps=1 sample=4 order=ABC bendA=207000000 bendB=103000000 bendC=0 refA=197421000 refB=99940000 refC=1000 bend_chk=['775740672', '2139626752', '929882033'] ref_chk=['775740672', '2139626752', '929882033']
dlist_iterator.set small count=67200000 reps=1 sample=5 order=CBA bendA=204000000 bendB=96000000 bendC=0 refA=197780000 refB=102804000 refC=5000 bend_chk=['775740672', '2139626752', '929882033'] ref_chk=['775740672', '2139626752', '929882033']
dlist_iterator.set medium calibrate count=20000 reps=1 bend_delta=0ns ref_delta=44000ns bendA=0ns
dlist_iterator.set medium calibrate count=1280000 reps=1 bend_delta=2000000ns ref_delta=1776000ns bendA=4000000ns
dlist_iterator.set medium calibrate count=65280000 reps=1 bend_delta=86000000ns ref_delta=101956000ns bendA=183000000ns
dlist_iterator.set medium calibrate count=130560000 reps=1 bend_delta=205000000ns ref_delta=193901000ns bendA=398000000ns
dlist_iterator.set medium count=130560000 reps=1 sample=0 order=ABC bendA=397000000 bendB=193000000 bendC=1000000 refA=395687000 refB=201577000 refC=71000 bend_chk=['4086181472', '3268882016', '2530681925'] ref_chk=['4086181472', '3268882016', '2530681925']
dlist_iterator.set medium count=130560000 reps=1 sample=1 order=CBA bendA=402000000 bendB=203000000 bendC=1000000 refA=391986000 refB=202497000 refC=45000 bend_chk=['4086181472', '3268882016', '2530681925'] ref_chk=['4086181472', '3268882016', '2530681925']
dlist_iterator.set medium count=130560000 reps=1 sample=2 order=ABC bendA=400000000 bendB=201000000 bendC=0 refA=390944000 refB=189223000 refC=31000 bend_chk=['4086181472', '3268882016', '2530681925'] ref_chk=['4086181472', '3268882016', '2530681925']
dlist_iterator.set medium count=130560000 reps=1 sample=3 order=CBA bendA=401000000 bendB=190000000 bendC=1000000 refA=382333000 refB=191481000 refC=45000 bend_chk=['4086181472', '3268882016', '2530681925'] ref_chk=['4086181472', '3268882016', '2530681925']
dlist_iterator.set medium count=130560000 reps=1 sample=4 order=ABC bendA=398000000 bendB=194000000 bendC=1000000 refA=380473000 refB=188816000 refC=33000 bend_chk=['4086181472', '3268882016', '2530681925'] ref_chk=['4086181472', '3268882016', '2530681925']
dlist_iterator.set medium count=130560000 reps=1 sample=5 order=CBA bendA=394000000 bendB=188000000 bendC=0 refA=376894000 refB=198955000 refC=43000 bend_chk=['4086181472', '3268882016', '2530681925'] ref_chk=['4086181472', '3268882016', '2530681925']
dlist_iterator.set large calibrate count=10000 reps=1 bend_delta=0ns ref_delta=8000ns bendA=1000000ns
dlist_iterator.set large calibrate count=640000 reps=1 bend_delta=0ns ref_delta=1192000ns bendA=3000000ns
dlist_iterator.set large calibrate count=40960000 reps=1 bend_delta=60000000ns ref_delta=64335000ns bendA=132000000ns
dlist_iterator.set large calibrate count=81920000 reps=1 bend_delta=113000000ns ref_delta=152503000ns bendA=255000000ns
dlist_iterator.set large count=81920000 reps=1 sample=0 order=ABC bendA=282000000 bendB=142000000 bendC=1000000 refA=282599000 refB=139967000 refC=740000 bend_chk=['1536799104', '3015291264', '2879635417'] ref_chk=['1536799104', '3015291264', '2879635417']
dlist_iterator.set large count=81920000 reps=1 sample=1 order=CBA bendA=282000000 bendB=142000000 bendC=2000000 refA=298253000 refB=143188000 refC=729000 bend_chk=['1536799104', '3015291264', '2879635417'] ref_chk=['1536799104', '3015291264', '2879635417']
dlist_iterator.set large count=81920000 reps=1 sample=2 order=ABC bendA=282000000 bendB=142000000 bendC=1000000 refA=280358000 refB=131905000 refC=548000 bend_chk=['1536799104', '3015291264', '2879635417'] ref_chk=['1536799104', '3015291264', '2879635417']
dlist_iterator.set large count=81920000 reps=1 sample=3 order=CBA bendA=254000000 bendB=127000000 bendC=2000000 refA=252186000 refB=125763000 refC=619000 bend_chk=['1536799104', '3015291264', '2879635417'] ref_chk=['1536799104', '3015291264', '2879635417']
dlist_iterator.set large count=81920000 reps=1 sample=4 order=ABC bendA=254000000 bendB=124000000 bendC=1000000 refA=230387000 refB=122837000 refC=528000 bend_chk=['1536799104', '3015291264', '2879635417'] ref_chk=['1536799104', '3015291264', '2879635417']
dlist_iterator.set large count=81920000 reps=1 sample=5 order=CBA bendA=242000000 bendB=123000000 bendC=1000000 refA=236181000 refB=122788000 refC=615000 bend_chk=['1536799104', '3015291264', '2879635417'] ref_chk=['1536799104', '3015291264', '2879635417']
dlist_iterator.add small calibrate count=50000 reps=1 bend_delta=2000000ns ref_delta=429000ns bendA=2000000ns
dlist_iterator.add small calibrate count=2550000 reps=1 bend_delta=30000000ns ref_delta=22542000ns bendA=57000000ns
dlist_iterator.add small calibrate count=10200000 reps=1 bend_delta=118000000ns ref_delta=80141000ns bendA=237000000ns
dlist_iterator.add small count=10200000 reps=1 sample=0 order=ABC bendA=237000000 bendB=119000000 bendC=0 refA=179677000 refB=89602000 refC=3000 bend_chk=['2624608045', '2565366477', '2954759789'] ref_chk=['2624608045', '2565366477', '2954759789']
dlist_iterator.add small count=10200000 reps=1 sample=1 order=CBA bendA=237000000 bendB=118000000 bendC=0 refA=179370000 refB=89632000 refC=5000 bend_chk=['2624608045', '2565366477', '2954759789'] ref_chk=['2624608045', '2565366477', '2954759789']
dlist_iterator.add small count=10200000 reps=1 sample=2 order=ABC bendA=237000000 bendB=119000000 bendC=0 refA=179765000 refB=89430000 refC=2000 bend_chk=['2624608045', '2565366477', '2954759789'] ref_chk=['2624608045', '2565366477', '2954759789']
dlist_iterator.add small count=10200000 reps=1 sample=3 order=CBA bendA=237000000 bendB=119000000 bendC=0 refA=178569000 refB=89914000 refC=5000 bend_chk=['2624608045', '2565366477', '2954759789'] ref_chk=['2624608045', '2565366477', '2954759789']
dlist_iterator.add small count=10200000 reps=1 sample=4 order=ABC bendA=242000000 bendB=118000000 bendC=0 refA=179758000 refB=89544000 refC=2000 bend_chk=['2624608045', '2565366477', '2954759789'] ref_chk=['2624608045', '2565366477', '2954759789']
dlist_iterator.add small count=10200000 reps=1 sample=5 order=CBA bendA=264000000 bendB=124000000 bendC=0 refA=200047000 refB=99599000 refC=5000 bend_chk=['2624608045', '2565366477', '2954759789'] ref_chk=['2624608045', '2565366477', '2954759789']
dlist_iterator.add medium calibrate count=20000 reps=1 bend_delta=1000000ns ref_delta=196000ns bendA=1000000ns
dlist_iterator.add medium calibrate count=1280000 reps=1 bend_delta=17000000ns ref_delta=12688000ns bendA=33000000ns
dlist_iterator.add medium calibrate count=7680000 reps=1 bend_delta=98000000ns ref_delta=73966000ns bendA=199000000ns
dlist_iterator.add medium calibrate count=15360000 reps=1 bend_delta=206000000ns ref_delta=149354000ns bendA=405000000ns
dlist_iterator.add medium count=15360000 reps=1 sample=0 order=ABC bendA=397000000 bendB=199000000 bendC=1000000 refA=270826000 refB=136507000 refC=70000 bend_chk=['1493866241', '2679203585', '777533185'] ref_chk=['1493866241', '2679203585', '777533185']
dlist_iterator.add medium count=15360000 reps=1 sample=1 order=CBA bendA=371000000 bendB=186000000 bendC=0 refA=269539000 refB=133915000 refC=43000 bend_chk=['1493866241', '2679203585', '777533185'] ref_chk=['1493866241', '2679203585', '777533185']
dlist_iterator.add medium count=15360000 reps=1 sample=2 order=ABC bendA=358000000 bendB=190000000 bendC=0 refA=281744000 refB=134548000 refC=42000 bend_chk=['1493866241', '2679203585', '777533185'] ref_chk=['1493866241', '2679203585', '777533185']
dlist_iterator.add medium count=15360000 reps=1 sample=3 order=CBA bendA=357000000 bendB=179000000 bendC=0 refA=343059000 refB=137052000 refC=49000 bend_chk=['1493866241', '2679203585', '777533185'] ref_chk=['1493866241', '2679203585', '777533185']
dlist_iterator.add medium count=15360000 reps=1 sample=4 order=ABC bendA=398000000 bendB=193000000 bendC=0 refA=281024000 refB=134420000 refC=37000 bend_chk=['1493866241', '2679203585', '777533185'] ref_chk=['1493866241', '2679203585', '777533185']
dlist_iterator.add medium count=15360000 reps=1 sample=5 order=CBA bendA=357000000 bendB=188000000 bendC=0 refA=281435000 refB=134115000 refC=42000 bend_chk=['1493866241', '2679203585', '777533185'] ref_chk=['1493866241', '2679203585', '777533185']
dlist_iterator.add large calibrate count=10000 reps=1 bend_delta=0ns ref_delta=106000ns bendA=2000000ns
dlist_iterator.add large calibrate count=640000 reps=1 bend_delta=7000000ns ref_delta=5563000ns bendA=16000000ns
dlist_iterator.add large calibrate count=9600000 reps=1 bend_delta=112000000ns ref_delta=82749000ns bendA=226000000ns
dlist_iterator.add large count=9600000 reps=1 sample=0 order=ABC bendA=226000000 bendB=114000000 bendC=1000000 refA=168458000 refB=85220000 refC=642000 bend_chk=['3081043605', '1160341653', '2572014229'] ref_chk=['3081043605', '1160341653', '2572014229']
dlist_iterator.add large count=9600000 reps=1 sample=1 order=CBA bendA=224000000 bendB=114000000 bendC=2000000 refA=170265000 refB=84548000 refC=631000 bend_chk=['3081043605', '1160341653', '2572014229'] ref_chk=['3081043605', '1160341653', '2572014229']
dlist_iterator.add large count=9600000 reps=1 sample=2 order=ABC bendA=227000000 bendB=126000000 bendC=2000000 refA=181847000 refB=86041000 refC=661000 bend_chk=['3081043605', '1160341653', '2572014229'] ref_chk=['3081043605', '1160341653', '2572014229']
dlist_iterator.add large count=9600000 reps=1 sample=3 order=CBA bendA=234000000 bendB=114000000 bendC=2000000 refA=174550000 refB=93905000 refC=711000 bend_chk=['3081043605', '1160341653', '2572014229'] ref_chk=['3081043605', '1160341653', '2572014229']
dlist_iterator.add large count=9600000 reps=1 sample=4 order=ABC bendA=246000000 bendB=122000000 bendC=1000000 refA=172117000 refB=95104000 refC=717000 bend_chk=['3081043605', '1160341653', '2572014229'] ref_chk=['3081043605', '1160341653', '2572014229']
dlist_iterator.add large count=9600000 reps=1 sample=5 order=CBA bendA=251000000 bendB=127000000 bendC=2000000 refA=184839000 refB=89710000 refC=669000 bend_chk=['3081043605', '1160341653', '2572014229'] ref_chk=['3081043605', '1160341653', '2572014229']
dlist_iterator.remove small calibrate count=50000 reps=1 bend_delta=0ns ref_delta=469000ns bendA=1000000ns
dlist_iterator.remove small calibrate count=3200000 reps=1 bend_delta=44000000ns ref_delta=25608000ns bendA=81000000ns
dlist_iterator.remove small calibrate count=9600000 reps=1 bend_delta=107000000ns ref_delta=84587000ns bendA=222000000ns
dlist_iterator.remove small count=9600000 reps=1 sample=0 order=ABC bendA=234000000 bendB=124000000 bendC=0 refA=166760000 refB=83300000 refC=3000 bend_chk=['4018805033', '3785141033', '684670249'] ref_chk=['4018805033', '3785141033', '684670249']
dlist_iterator.remove small count=9600000 reps=1 sample=1 order=CBA bendA=224000000 bendB=112000000 bendC=0 refA=169090000 refB=84157000 refC=5000 bend_chk=['4018805033', '3785141033', '684670249'] ref_chk=['4018805033', '3785141033', '684670249']
dlist_iterator.remove small count=9600000 reps=1 sample=2 order=ABC bendA=223000000 bendB=112000000 bendC=0 refA=167853000 refB=83994000 refC=1000 bend_chk=['4018805033', '3785141033', '684670249'] ref_chk=['4018805033', '3785141033', '684670249']
dlist_iterator.remove small count=9600000 reps=1 sample=3 order=CBA bendA=225000000 bendB=111000000 bendC=0 refA=167588000 refB=83550000 refC=4000 bend_chk=['4018805033', '3785141033', '684670249'] ref_chk=['4018805033', '3785141033', '684670249']
dlist_iterator.remove small count=9600000 reps=1 sample=4 order=ABC bendA=226000000 bendB=112000000 bendC=0 refA=168042000 refB=84137000 refC=32000 bend_chk=['4018805033', '3785141033', '684670249'] ref_chk=['4018805033', '3785141033', '684670249']
dlist_iterator.remove small count=9600000 reps=1 sample=5 order=CBA bendA=224000000 bendB=112000000 bendC=0 refA=169310000 refB=84946000 refC=4000 bend_chk=['4018805033', '3785141033', '684670249'] ref_chk=['4018805033', '3785141033', '684670249']
dlist_iterator.remove medium calibrate count=20000 reps=1 bend_delta=1000000ns ref_delta=196000ns bendA=1000000ns
dlist_iterator.remove medium calibrate count=1280000 reps=1 bend_delta=15000000ns ref_delta=11083000ns bendA=30000000ns
dlist_iterator.remove medium calibrate count=8960000 reps=1 bend_delta=98000000ns ref_delta=77784000ns bendA=211000000ns
dlist_iterator.remove medium calibrate count=17920000 reps=1 bend_delta=217000000ns ref_delta=154996000ns bendA=426000000ns
dlist_iterator.remove medium count=17920000 reps=1 sample=0 order=ABC bendA=416000000 bendB=212000000 bendC=0 refA=312831000 refB=156300000 refC=40000 bend_chk=['2027747773', '1918575037', '3319351741'] ref_chk=['2027747773', '1918575037', '3319351741']
dlist_iterator.remove medium count=17920000 reps=1 sample=1 order=CBA bendA=417000000 bendB=209000000 bendC=0 refA=313803000 refB=161841000 refC=44000 bend_chk=['2027747773', '1918575037', '3319351741'] ref_chk=['2027747773', '1918575037', '3319351741']
dlist_iterator.remove medium count=17920000 reps=1 sample=2 order=ABC bendA=418000000 bendB=209000000 bendC=0 refA=313574000 refB=150255000 refC=31000 bend_chk=['2027747773', '1918575037', '3319351741'] ref_chk=['2027747773', '1918575037', '3319351741']
dlist_iterator.remove medium count=17920000 reps=1 sample=3 order=CBA bendA=412000000 bendB=209000000 bendC=0 refA=311788000 refB=156047000 refC=44000 bend_chk=['2027747773', '1918575037', '3319351741'] ref_chk=['2027747773', '1918575037', '3319351741']
dlist_iterator.remove medium count=17920000 reps=1 sample=4 order=ABC bendA=408000000 bendB=209000000 bendC=0 refA=309519000 refB=166517000 refC=63000 bend_chk=['2027747773', '1918575037', '3319351741'] ref_chk=['2027747773', '1918575037', '3319351741']
dlist_iterator.remove medium count=17920000 reps=1 sample=5 order=CBA bendA=492000000 bendB=232000000 bendC=0 refA=369238000 refB=180530000 refC=53000 bend_chk=['2027747773', '1918575037', '3319351741'] ref_chk=['2027747773', '1918575037', '3319351741']
dlist_iterator.remove large calibrate count=10000 reps=1 bend_delta=-1000000ns ref_delta=25000ns bendA=2000000ns
dlist_iterator.remove large calibrate count=640000 reps=1 bend_delta=8000000ns ref_delta=6482000ns bendA=18000000ns
dlist_iterator.remove large calibrate count=8320000 reps=1 bend_delta=109000000ns ref_delta=85407000ns bendA=232000000ns
dlist_iterator.remove large count=8320000 reps=1 sample=0 order=ABC bendA=219000000 bendB=110000000 bendC=1000000 refA=161913000 refB=81785000 refC=731000 bend_chk=['4175567185', '576520017', '2264393041'] ref_chk=['4175567185', '576520017', '2264393041']
dlist_iterator.remove large count=8320000 reps=1 sample=1 order=CBA bendA=213000000 bendB=110000000 bendC=2000000 refA=151067000 refB=74933000 refC=624000 bend_chk=['4175567185', '576520017', '2264393041'] ref_chk=['4175567185', '576520017', '2264393041']
dlist_iterator.remove large count=8320000 reps=1 sample=2 order=ABC bendA=205000000 bendB=99000000 bendC=1000000 refA=156527000 refB=73694000 refC=679000 bend_chk=['4175567185', '576520017', '2264393041'] ref_chk=['4175567185', '576520017', '2264393041']
dlist_iterator.remove large count=8320000 reps=1 sample=3 order=CBA bendA=195000000 bendB=98000000 bendC=2000000 refA=149990000 refB=73808000 refC=616000 bend_chk=['4175567185', '576520017', '2264393041'] ref_chk=['4175567185', '576520017', '2264393041']
dlist_iterator.remove large count=8320000 reps=1 sample=4 order=ABC bendA=196000000 bendB=99000000 bendC=1000000 refA=146182000 refB=73504000 refC=668000 bend_chk=['4175567185', '576520017', '2264393041'] ref_chk=['4175567185', '576520017', '2264393041']
dlist_iterator.remove large count=8320000 reps=1 sample=5 order=CBA bendA=196000000 bendB=99000000 bendC=1000000 refA=146731000 refB=73848000 refC=617000 bend_chk=['4175567185', '576520017', '2264393041'] ref_chk=['4175567185', '576520017', '2264393041']
dlist_iterator.has_next small calibrate count=50000 reps=1 bend_delta=1000000ns ref_delta=89000ns bendA=1000000ns
dlist_iterator.has_next small calibrate count=3200000 reps=1 bend_delta=5000000ns ref_delta=4608000ns bendA=10000000ns
dlist_iterator.has_next small calibrate count=67200000 reps=1 bend_delta=98000000ns ref_delta=92992000ns bendA=185000000ns
dlist_iterator.has_next small calibrate count=134400000 reps=1 bend_delta=207000000ns ref_delta=223257000ns bendA=387000000ns
dlist_iterator.has_next small count=134400000 reps=1 sample=0 order=ABC bendA=377000000 bendB=183000000 bendC=0 refA=376166000 refB=219007000 refC=28000 bend_chk=['3708845029', '2462610405', '2709548005'] ref_chk=['3708845029', '2462610405', '2709548005']
dlist_iterator.has_next small count=134400000 reps=1 sample=1 order=CBA bendA=419000000 bendB=206000000 bendC=0 refA=418240000 refB=210390000 refC=5000 bend_chk=['3708845029', '2462610405', '2709548005'] ref_chk=['3708845029', '2462610405', '2709548005']
dlist_iterator.has_next small count=134400000 reps=1 sample=2 order=ABC bendA=390000000 bendB=203000000 bendC=0 refA=442859000 refB=207981000 refC=28000 bend_chk=['3708845029', '2462610405', '2709548005'] ref_chk=['3708845029', '2462610405', '2709548005']
dlist_iterator.has_next small count=134400000 reps=1 sample=3 order=CBA bendA=394000000 bendB=204000000 bendC=0 refA=407042000 refB=189699000 refC=5000 bend_chk=['3708845029', '2462610405', '2709548005'] ref_chk=['3708845029', '2462610405', '2709548005']
dlist_iterator.has_next small count=134400000 reps=1 sample=4 order=ABC bendA=379000000 bendB=188000000 bendC=0 refA=383479000 refB=194060000 refC=27000 bend_chk=['3708845029', '2462610405', '2709548005'] ref_chk=['3708845029', '2462610405', '2709548005']
dlist_iterator.has_next small count=134400000 reps=1 sample=5 order=CBA bendA=414000000 bendB=201000000 bendC=0 refA=451575000 refB=222360000 refC=5000 bend_chk=['3708845029', '2462610405', '2709548005'] ref_chk=['3708845029', '2462610405', '2709548005']
dlist_iterator.has_next medium calibrate count=20000 reps=1 bend_delta=0ns ref_delta=53000ns bendA=0ns
dlist_iterator.has_next medium calibrate count=1280000 reps=1 bend_delta=1000000ns ref_delta=2176000ns bendA=4000000ns
dlist_iterator.has_next medium calibrate count=81920000 reps=1 bend_delta=138000000ns ref_delta=150075000ns bendA=261000000ns
dlist_iterator.has_next medium count=81920000 reps=1 sample=0 order=ABC bendA=271000000 bendB=148000000 bendC=0 refA=284882000 refB=140223000 refC=43000 bend_chk=['961436793', '1263819897', '1566203001'] ref_chk=['961436793', '1263819897', '1566203001']
dlist_iterator.has_next medium count=81920000 reps=1 sample=1 order=CBA bendA=249000000 bendB=128000000 bendC=0 refA=245242000 refB=114864000 refC=38000 bend_chk=['961436793', '1263819897', '1566203001'] ref_chk=['961436793', '1263819897', '1566203001']
dlist_iterator.has_next medium count=81920000 reps=1 sample=2 order=ABC bendA=250000000 bendB=114000000 bendC=0 refA=243111000 refB=126918000 refC=141000 bend_chk=['961436793', '1263819897', '1566203001'] ref_chk=['961436793', '1263819897', '1566203001']
dlist_iterator.has_next medium count=81920000 reps=1 sample=3 order=CBA bendA=233000000 bendB=124000000 bendC=1000000 refA=255734000 refB=138799000 refC=87000 bend_chk=['961436793', '1263819897', '1566203001'] ref_chk=['961436793', '1263819897', '1566203001']
dlist_iterator.has_next medium count=81920000 reps=1 sample=4 order=ABC bendA=235000000 bendB=115000000 bendC=0 refA=233012000 refB=123335000 refC=67000 bend_chk=['961436793', '1263819897', '1566203001'] ref_chk=['961436793', '1263819897', '1566203001']
dlist_iterator.has_next medium count=81920000 reps=1 sample=5 order=CBA bendA=229000000 bendB=127000000 bendC=0 refA=228749000 refB=108740000 refC=36000 bend_chk=['961436793', '1263819897', '1566203001'] ref_chk=['961436793', '1263819897', '1566203001']
dlist_iterator.has_next large calibrate count=10000 reps=1 bend_delta=1000000ns ref_delta=9000ns bendA=2000000ns
dlist_iterator.has_next large calibrate count=640000 reps=1 bend_delta=1000000ns ref_delta=831000ns bendA=3000000ns
dlist_iterator.has_next large calibrate count=40960000 reps=1 bend_delta=60000000ns ref_delta=51574000ns bendA=114000000ns
dlist_iterator.has_next large calibrate count=81920000 reps=1 bend_delta=101000000ns ref_delta=107836000ns bendA=214000000ns
dlist_iterator.has_next large count=81920000 reps=1 sample=0 order=ABC bendA=215000000 bendB=107000000 bendC=1000000 refA=215848000 refB=110645000 refC=552000 bend_chk=['1025898509', '1491335181', '1956771853'] ref_chk=['1025898509', '1491335181', '1956771853']
dlist_iterator.has_next large count=81920000 reps=1 sample=1 order=CBA bendA=213000000 bendB=109000000 bendC=1000000 refA=220968000 refB=107462000 refC=522000 bend_chk=['1025898509', '1491335181', '1956771853'] ref_chk=['1025898509', '1491335181', '1956771853']
dlist_iterator.has_next large count=81920000 reps=1 sample=2 order=ABC bendA=219000000 bendB=109000000 bendC=1000000 refA=232504000 refB=123247000 refC=629000 bend_chk=['1025898509', '1491335181', '1956771853'] ref_chk=['1025898509', '1491335181', '1956771853']
dlist_iterator.has_next large count=81920000 reps=1 sample=3 order=CBA bendA=281000000 bendB=141000000 bendC=2000000 refA=257574000 refB=132346000 refC=690000 bend_chk=['1025898509', '1491335181', '1956771853'] ref_chk=['1025898509', '1491335181', '1956771853']
dlist_iterator.has_next large count=81920000 reps=1 sample=4 order=ABC bendA=253000000 bendB=119000000 bendC=1000000 refA=236872000 refB=122864000 refC=683000 bend_chk=['1025898509', '1491335181', '1956771853'] ref_chk=['1025898509', '1491335181', '1956771853']
dlist_iterator.has_next large count=81920000 reps=1 sample=5 order=CBA bendA=237000000 bendB=120000000 bendC=2000000 refA=243479000 refB=116365000 refC=569000 bend_chk=['1025898509', '1491335181', '1956771853'] ref_chk=['1025898509', '1491335181', '1956771853']
dlist_iterator.has_previous small calibrate count=50000 reps=1 bend_delta=0ns ref_delta=80000ns bendA=0ns
dlist_iterator.has_previous small calibrate count=3200000 reps=1 bend_delta=6000000ns ref_delta=4411000ns bendA=10000000ns
dlist_iterator.has_previous small calibrate count=54400000 reps=1 bend_delta=76000000ns ref_delta=78048000ns bendA=152000000ns
dlist_iterator.has_previous small calibrate count=108800000 reps=1 bend_delta=151000000ns ref_delta=183439000ns bendA=304000000ns
dlist_iterator.has_previous small count=108800000 reps=1 sample=0 order=ABC bendA=334000000 bendB=166000000 bendC=0 refA=337977000 refB=222636000 refC=13000 bend_chk=['1811950241', '211346081', '439458465'] ref_chk=['1811950241', '211346081', '439458465']
dlist_iterator.has_previous small count=108800000 reps=1 sample=1 order=CBA bendA=340000000 bendB=182000000 bendC=0 refA=384295000 refB=191075000 refC=6000 bend_chk=['1811950241', '211346081', '439458465'] ref_chk=['1811950241', '211346081', '439458465']
dlist_iterator.has_previous small count=108800000 reps=1 sample=2 order=ABC bendA=369000000 bendB=175000000 bendC=0 refA=369744000 refB=169919000 refC=2000 bend_chk=['1811950241', '211346081', '439458465'] ref_chk=['1811950241', '211346081', '439458465']
dlist_iterator.has_previous small count=108800000 reps=1 sample=3 order=CBA bendA=312000000 bendB=167000000 bendC=0 refA=308415000 refB=168100000 refC=5000 bend_chk=['1811950241', '211346081', '439458465'] ref_chk=['1811950241', '211346081', '439458465']
dlist_iterator.has_previous small count=108800000 reps=1 sample=4 order=ABC bendA=307000000 bendB=145000000 bendC=0 refA=289823000 refB=149090000 refC=22000 bend_chk=['1811950241', '211346081', '439458465'] ref_chk=['1811950241', '211346081', '439458465']
dlist_iterator.has_previous small count=108800000 reps=1 sample=5 order=CBA bendA=294000000 bendB=152000000 bendC=0 refA=300850000 refB=141769000 refC=12000 bend_chk=['1811950241', '211346081', '439458465'] ref_chk=['1811950241', '211346081', '439458465']
dlist_iterator.has_previous medium calibrate count=20000 reps=1 bend_delta=0ns ref_delta=36000ns bendA=0ns
dlist_iterator.has_previous medium calibrate count=1280000 reps=1 bend_delta=2000000ns ref_delta=1912000ns bendA=4000000ns
dlist_iterator.has_previous medium calibrate count=65280000 reps=1 bend_delta=91000000ns ref_delta=82755000ns bendA=175000000ns
dlist_iterator.has_previous medium calibrate count=130560000 reps=1 bend_delta=172000000ns ref_delta=205255000ns bendA=346000000ns
dlist_iterator.has_previous medium count=130560000 reps=1 sample=0 order=ABC bendA=351000000 bendB=160000000 bendC=0 refA=362604000 refB=186133000 refC=30000 bend_chk=['4000894773', '1873420085', '4108021557'] ref_chk=['4000894773', '1873420085', '4108021557']
dlist_iterator.has_previous medium count=130560000 reps=1 sample=1 order=CBA bendA=347000000 bendB=173000000 bendC=0 refA=428742000 refB=181369000 refC=33000 bend_chk=['4000894773', '1873420085', '4108021557'] ref_chk=['4000894773', '1873420085', '4108021557']
dlist_iterator.has_previous medium count=130560000 reps=1 sample=2 order=ABC bendA=434000000 bendB=199000000 bendC=0 refA=403247000 refB=195459000 refC=55000 bend_chk=['4000894773', '1873420085', '4108021557'] ref_chk=['4000894773', '1873420085', '4108021557']
dlist_iterator.has_previous medium count=130560000 reps=1 sample=3 order=CBA bendA=366000000 bendB=182000000 bendC=0 refA=392880000 refB=200701000 refC=44000 bend_chk=['4000894773', '1873420085', '4108021557'] ref_chk=['4000894773', '1873420085', '4108021557']
dlist_iterator.has_previous medium count=130560000 reps=1 sample=4 order=ABC bendA=364000000 bendB=180000000 bendC=1000000 refA=390651000 refB=223806000 refC=68000 bend_chk=['4000894773', '1873420085', '4108021557'] ref_chk=['4000894773', '1873420085', '4108021557']
dlist_iterator.has_previous medium count=130560000 reps=1 sample=5 order=CBA bendA=411000000 bendB=200000000 bendC=0 refA=509766000 refB=230136000 refC=49000 bend_chk=['4000894773', '1873420085', '4108021557'] ref_chk=['4000894773', '1873420085', '4108021557']
dlist_iterator.has_previous large calibrate count=10000 reps=1 bend_delta=2000000ns ref_delta=23000ns bendA=3000000ns
dlist_iterator.has_previous large calibrate count=510000 reps=1 bend_delta=2000000ns ref_delta=1147000ns bendA=4000000ns
dlist_iterator.has_previous large calibrate count=26010000 reps=1 bend_delta=46000000ns ref_delta=44466000ns bendA=92000000ns
dlist_iterator.has_previous large calibrate count=78030000 reps=1 bend_delta=123000000ns ref_delta=155587000ns bendA=268000000ns
dlist_iterator.has_previous large count=78030000 reps=1 sample=0 order=ABC bendA=261000000 bendB=135000000 bendC=1000000 refA=263054000 refB=121830000 refC=613000 bend_chk=['1084230313', '1747148985', '1649150665'] ref_chk=['1084230313', '1747148985', '1649150665']
dlist_iterator.has_previous large count=78030000 reps=1 sample=1 order=CBA bendA=231000000 bendB=118000000 bendC=1000000 refA=239351000 refB=117498000 refC=621000 bend_chk=['1084230313', '1747148985', '1649150665'] ref_chk=['1084230313', '1747148985', '1649150665']
dlist_iterator.has_previous large count=78030000 reps=1 sample=2 order=ABC bendA=222000000 bendB=102000000 bendC=1000000 refA=208161000 refB=112669000 refC=614000 bend_chk=['1084230313', '1747148985', '1649150665'] ref_chk=['1084230313', '1747148985', '1649150665']
dlist_iterator.has_previous large count=78030000 reps=1 sample=3 order=CBA bendA=201000000 bendB=104000000 bendC=2000000 refA=205510000 refB=99243000 refC=528000 bend_chk=['1084230313', '1747148985', '1649150665'] ref_chk=['1084230313', '1747148985', '1649150665']
dlist_iterator.has_previous large count=78030000 reps=1 sample=4 order=ABC bendA=204000000 bendB=103000000 bendC=1000000 refA=211268000 refB=111211000 refC=570000 bend_chk=['1084230313', '1747148985', '1649150665'] ref_chk=['1084230313', '1747148985', '1649150665']
dlist_iterator.has_previous large count=78030000 reps=1 sample=5 order=CBA bendA=205000000 bendB=104000000 bendC=2000000 refA=203433000 refB=103564000 refC=533000 bend_chk=['1084230313', '1747148985', '1649150665'] ref_chk=['1084230313', '1747148985', '1649150665']
dlist_iterator.position small calibrate count=50000 reps=1 bend_delta=0ns ref_delta=90000ns bendA=0ns
dlist_iterator.position small calibrate count=3200000 reps=1 bend_delta=4000000ns ref_delta=4155000ns bendA=8000000ns
dlist_iterator.position small calibrate count=83200000 reps=1 bend_delta=110000000ns ref_delta=99771000ns bendA=215000000ns
dlist_iterator.position small count=83200000 reps=1 sample=0 order=ABC bendA=221000000 bendB=108000000 bendC=0 refA=241034000 refB=121805000 refC=3000 bend_chk=['3647068509', '94523741', '2464336221'] ref_chk=['3647068509', '94523741', '2464336221']
dlist_iterator.position small count=83200000 reps=1 sample=1 order=CBA bendA=221000000 bendB=118000000 bendC=0 refA=237397000 refB=117055000 refC=4000 bend_chk=['3647068509', '94523741', '2464336221'] ref_chk=['3647068509', '94523741', '2464336221']
dlist_iterator.position small count=83200000 reps=1 sample=2 order=ABC bendA=233000000 bendB=113000000 bendC=0 refA=227765000 refB=114219000 refC=18000 bend_chk=['3647068509', '94523741', '2464336221'] ref_chk=['3647068509', '94523741', '2464336221']
dlist_iterator.position small count=83200000 reps=1 sample=3 order=CBA bendA=241000000 bendB=116000000 bendC=0 refA=307869000 refB=143347000 refC=6000 bend_chk=['3647068509', '94523741', '2464336221'] ref_chk=['3647068509', '94523741', '2464336221']
dlist_iterator.position small count=83200000 reps=1 sample=4 order=ABC bendA=282000000 bendB=129000000 bendC=0 refA=270768000 refB=132477000 refC=22000 bend_chk=['3647068509', '94523741', '2464336221'] ref_chk=['3647068509', '94523741', '2464336221']
dlist_iterator.position small count=83200000 reps=1 sample=5 order=CBA bendA=240000000 bendB=129000000 bendC=0 refA=260101000 refB=120881000 refC=4000 bend_chk=['3647068509', '94523741', '2464336221'] ref_chk=['3647068509', '94523741', '2464336221']
dlist_iterator.position medium calibrate count=20000 reps=1 bend_delta=0ns ref_delta=38000ns bendA=0ns
dlist_iterator.position medium calibrate count=1280000 reps=1 bend_delta=1000000ns ref_delta=2177000ns bendA=3000000ns
dlist_iterator.position medium calibrate count=81920000 reps=1 bend_delta=118000000ns ref_delta=118945000ns bendA=233000000ns
dlist_iterator.position medium count=81920000 reps=1 sample=0 order=ABC bendA=229000000 bendB=113000000 bendC=0 refA=233827000 refB=131898000 refC=70000 bend_chk=['4088431089', '1074168305', '2354872817'] ref_chk=['4088431089', '1074168305', '2354872817']
dlist_iterator.position medium count=81920000 reps=1 sample=1 order=CBA bendA=264000000 bendB=130000000 bendC=0 refA=267296000 refB=129096000 refC=46000 bend_chk=['4088431089', '1074168305', '2354872817'] ref_chk=['4088431089', '1074168305', '2354872817']
dlist_iterator.position medium count=81920000 reps=1 sample=2 order=ABC bendA=255000000 bendB=126000000 bendC=0 refA=296568000 refB=142274000 refC=46000 bend_chk=['4088431089', '1074168305', '2354872817'] ref_chk=['4088431089', '1074168305', '2354872817']
dlist_iterator.position medium count=81920000 reps=1 sample=3 order=CBA bendA=280000000 bendB=140000000 bendC=0 refA=303238000 refB=145390000 refC=56000 bend_chk=['4088431089', '1074168305', '2354872817'] ref_chk=['4088431089', '1074168305', '2354872817']
dlist_iterator.position medium count=81920000 reps=1 sample=4 order=ABC bendA=279000000 bendB=133000000 bendC=1000000 refA=286301000 refB=141620000 refC=44000 bend_chk=['4088431089', '1074168305', '2354872817'] ref_chk=['4088431089', '1074168305', '2354872817']
dlist_iterator.position medium count=81920000 reps=1 sample=5 order=CBA bendA=246000000 bendB=132000000 bendC=0 refA=253485000 refB=118607000 refC=45000 bend_chk=['4088431089', '1074168305', '2354872817'] ref_chk=['4088431089', '1074168305', '2354872817']
dlist_iterator.position large calibrate count=10000 reps=1 bend_delta=1000000ns ref_delta=-32000ns bendA=2000000ns
dlist_iterator.position large calibrate count=640000 reps=1 bend_delta=0ns ref_delta=1015000ns bendA=3000000ns
dlist_iterator.position large calibrate count=40960000 reps=1 bend_delta=56000000ns ref_delta=62547000ns bendA=120000000ns
dlist_iterator.position large calibrate count=81920000 reps=1 bend_delta=110000000ns ref_delta=121778000ns bendA=225000000ns
dlist_iterator.position large count=81920000 reps=1 sample=0 order=ABC bendA=215000000 bendB=113000000 bendC=1000000 refA=230232000 refB=110448000 refC=445000 bend_chk=['2748980613', '4192738693', '1341529477'] ref_chk=['2748980613', '4192738693', '1341529477']
dlist_iterator.position large count=81920000 reps=1 sample=1 order=CBA bendA=213000000 bendB=107000000 bendC=1000000 refA=214764000 refB=108869000 refC=525000 bend_chk=['2748980613', '4192738693', '1341529477'] ref_chk=['2748980613', '4192738693', '1341529477']
dlist_iterator.position large count=81920000 reps=1 sample=2 order=ABC bendA=214000000 bendB=106000000 bendC=1000000 refA=208353000 refB=103640000 refC=449000 bend_chk=['2748980613', '4192738693', '1341529477'] ref_chk=['2748980613', '4192738693', '1341529477']
dlist_iterator.position large count=81920000 reps=1 sample=3 order=CBA bendA=213000000 bendB=108000000 bendC=1000000 refA=227807000 refB=108467000 refC=519000 bend_chk=['2748980613', '4192738693', '1341529477'] ref_chk=['2748980613', '4192738693', '1341529477']
dlist_iterator.position large count=81920000 reps=1 sample=4 order=ABC bendA=232000000 bendB=109000000 bendC=1000000 refA=230204000 refB=116315000 refC=482000 bend_chk=['2748980613', '4192738693', '1341529477'] ref_chk=['2748980613', '4192738693', '1341529477']
dlist_iterator.position large count=81920000 reps=1 sample=5 order=CBA bendA=223000000 bendB=108000000 bendC=1000000 refA=230179000 refB=120831000 refC=577000 bend_chk=['2748980613', '4192738693', '1341529477'] ref_chk=['2748980613', '4192738693', '1341529477']
dlist_iterator.finish small calibrate count=50000 reps=1 bend_delta=1000000ns ref_delta=231000ns bendA=1000000ns
dlist_iterator.finish small calibrate count=3200000 reps=1 bend_delta=21000000ns ref_delta=14925000ns bendA=42000000ns
dlist_iterator.finish small calibrate count=16000000 reps=1 bend_delta=99000000ns ref_delta=98530000ns bendA=227000000ns
dlist_iterator.finish small calibrate count=32000000 reps=1 bend_delta=255000000ns ref_delta=178320000ns bendA=510000000ns
dlist_iterator.finish small count=32000000 reps=1 sample=0 order=ABC bendA=488000000 bendB=246000000 bendC=0 refA=326731000 refB=161078000 refC=28000 bend_chk=['14305305', '4155973657', '194246681'] ref_chk=['14305305', '4155973657', '194246681']
dlist_iterator.finish small count=32000000 reps=1 sample=1 order=CBA bendA=458000000 bendB=230000000 bendC=0 refA=357892000 refB=174969000 refC=5000 bend_chk=['14305305', '4155973657', '194246681'] ref_chk=['14305305', '4155973657', '194246681']
dlist_iterator.finish small count=32000000 reps=1 sample=2 order=ABC bendA=506000000 bendB=256000000 bendC=0 refA=375761000 refB=178583000 refC=3000 bend_chk=['14305305', '4155973657', '194246681'] ref_chk=['14305305', '4155973657', '194246681']
dlist_iterator.finish small count=32000000 reps=1 sample=3 order=CBA bendA=559000000 bendB=269000000 bendC=0 refA=354473000 refB=186602000 refC=7000 bend_chk=['14305305', '4155973657', '194246681'] ref_chk=['14305305', '4155973657', '194246681']
dlist_iterator.finish small count=32000000 reps=1 sample=4 order=ABC bendA=517000000 bendB=256000000 bendC=0 refA=357527000 refB=179162000 refC=14000 bend_chk=['14305305', '4155973657', '194246681'] ref_chk=['14305305', '4155973657', '194246681']
dlist_iterator.finish small count=32000000 reps=1 sample=5 order=CBA bendA=508000000 bendB=254000000 bendC=0 refA=316747000 refB=179288000 refC=60000 bend_chk=['14305305', '4155973657', '194246681'] ref_chk=['14305305', '4155973657', '194246681']
dlist_iterator.finish medium calibrate count=20000 reps=1 bend_delta=1000000ns ref_delta=118000ns bendA=1000000ns
dlist_iterator.finish medium calibrate count=1280000 reps=1 bend_delta=9000000ns ref_delta=6445000ns bendA=18000000ns
dlist_iterator.finish medium calibrate count=15360000 reps=1 bend_delta=119000000ns ref_delta=77175000ns bendA=232000000ns
dlist_iterator.finish medium count=15360000 reps=1 sample=0 order=ABC bendA=220000000 bendB=112000000 bendC=0 refA=147845000 refB=70363000 refC=27000 bend_chk=['3784987821', '985396397', '601724077'] ref_chk=['3784987821', '985396397', '601724077']
dlist_iterator.finish medium count=15360000 reps=1 sample=1 order=CBA bendA=206000000 bendB=99000000 bendC=0 refA=140532000 refB=72538000 refC=71000 bend_chk=['3784987821', '985396397', '601724077'] ref_chk=['3784987821', '985396397', '601724077']
dlist_iterator.finish medium count=15360000 reps=1 sample=2 order=ABC bendA=202000000 bendB=100000000 bendC=0 refA=140905000 refB=70531000 refC=28000 bend_chk=['3784987821', '985396397', '601724077'] ref_chk=['3784987821', '985396397', '601724077']
dlist_iterator.finish medium count=15360000 reps=1 sample=3 order=CBA bendA=220000000 bendB=100000000 bendC=0 refA=159434000 refB=76918000 refC=55000 bend_chk=['3784987821', '985396397', '601724077'] ref_chk=['3784987821', '985396397', '601724077']
dlist_iterator.finish medium count=15360000 reps=1 sample=4 order=ABC bendA=222000000 bendB=119000000 bendC=0 refA=162365000 refB=76966000 refC=33000 bend_chk=['3784987821', '985396397', '601724077'] ref_chk=['3784987821', '985396397', '601724077']
dlist_iterator.finish medium count=15360000 reps=1 sample=5 order=CBA bendA=230000000 bendB=110000000 bendC=0 refA=147429000 refB=77280000 refC=43000 bend_chk=['3784987821', '985396397', '601724077'] ref_chk=['3784987821', '985396397', '601724077']
dlist_iterator.finish large calibrate count=10000 reps=1 bend_delta=1000000ns ref_delta=93000ns bendA=2000000ns
dlist_iterator.finish large calibrate count=640000 reps=1 bend_delta=4000000ns ref_delta=3147000ns bendA=10000000ns
dlist_iterator.finish large calibrate count=16640000 reps=1 bend_delta=124000000ns ref_delta=88320000ns bendA=258000000ns
dlist_iterator.finish large count=16640000 reps=1 sample=0 order=ABC bendA=266000000 bendB=134000000 bendC=1000000 refA=186151000 refB=93576000 refC=691000 bend_chk=['1586446401', '2945955905', '1033908289'] ref_chk=['1586446401', '2945955905', '1033908289']
dlist_iterator.finish large count=16640000 reps=1 sample=1 order=CBA bendA=267000000 bendB=134000000 bendC=2000000 refA=169575000 refB=93417000 refC=678000 bend_chk=['1586446401', '2945955905', '1033908289'] ref_chk=['1586446401', '2945955905', '1033908289']
dlist_iterator.finish large count=16640000 reps=1 sample=2 order=ABC bendA=239000000 bendB=124000000 bendC=1000000 refA=167170000 refB=83938000 refC=665000 bend_chk=['1586446401', '2945955905', '1033908289'] ref_chk=['1586446401', '2945955905', '1033908289']
dlist_iterator.finish large count=16640000 reps=1 sample=3 order=CBA bendA=251000000 bendB=121000000 bendC=1000000 refA=167116000 refB=84019000 refC=610000 bend_chk=['1586446401', '2945955905', '1033908289'] ref_chk=['1586446401', '2945955905', '1033908289']
dlist_iterator.finish large count=16640000 reps=1 sample=4 order=ABC bendA=240000000 bendB=121000000 bendC=1000000 refA=171046000 refB=88165000 refC=749000 bend_chk=['1586446401', '2945955905', '1033908289'] ref_chk=['1586446401', '2945955905', '1033908289']
dlist_iterator.finish large count=16640000 reps=1 sample=5 order=CBA bendA=274000000 bendB=134000000 bendC=2000000 refA=186701000 refB=93522000 refC=692000 bend_chk=['1586446401', '2945955905', '1033908289'] ref_chk=['1586446401', '2945955905', '1033908289']
