built balanced_search_tree
built binary_heap
built bitset
built deque
built doubly_linked_list
built dynamic_array
built fenwick_tree
built graph
built prefix_trie
built queue
built segment_tree
built union_find
dynamic_array.push                 small            size=64       ops=25600000   bend=     6.21ns ref=     4.05ns   1.53x ok
dynamic_array.push                 medium           size=4096     ops=19200000   bend=     7.71ns ref=     3.91ns   1.97x ok
dynamic_array.push                 large            size=262144   ops=26738688   bend=     7.09ns ref=     4.64ns   1.53x ok
dynamic_array.get                  small            size=64       ops=64000000   bend=     1.79ns ref=     1.52ns   1.17x ok
dynamic_array.get                  medium           size=4096     ops=64000000   bend=     1.69ns ref=     1.39ns   1.21x ok
dynamic_array.get                  large            size=262144   ops=54400000   bend=     2.09ns ref=     1.51ns   1.39x ok
dynamic_array.set                  small            size=64       ops=64000000   bend=     1.58ns ref=     1.54ns   1.02x ok
dynamic_array.set                  medium           size=4096     ops=83200000   bend=     1.42ns ref=     1.35ns   1.05x ok
dynamic_array.set                  large            size=262144   ops=67200000   bend=     1.57ns ref=     1.47ns   1.07x ok
dynamic_array.length               small            size=64       ops=89600000   bend=     1.04ns ref=     2.99ns   0.35x ok
dynamic_array.length               medium           size=4096     ops=96000000   bend=     1.11ns ref=     3.22ns   0.34x ok
dynamic_array.length               large            size=262144   ops=108800000  bend=     1.03ns ref=     3.01ns   0.34x ok
dynamic_array.capacity             small            size=64       ops=89600000   bend=     1.12ns ref=     2.78ns   0.40x ok
dynamic_array.capacity             medium           size=4096     ops=96000000   bend=     1.06ns ref=     2.69ns   0.39x ok
dynamic_array.capacity             large            size=262144   ops=108800000  bend=     1.11ns ref=     2.88ns   0.39x ok
dynamic_array.reserve              small            size=64       ops=76800000   bend=     1.33ns ref=     1.26ns   1.06x ok
dynamic_array.reserve              medium           size=4096     ops=83200000   bend=     1.50ns ref=     1.38ns   1.09x ok
dynamic_array.reserve              large            size=262144   ops=67200000   bend=     1.42ns ref=     1.33ns   1.07x ok
dynamic_array.to_list              small            size=64       ops=680000     bend=   209.56ns ref=    87.08ns   2.41x ok
dynamic_array.to_list              medium           size=4096     ops=11000      bend= 12454.55ns ref=  5605.05ns   2.22x ok
dynamic_array.to_list              large            size=262144   ops=150        bend=766666.67ns ref=419493.33ns   1.83x ok
dynamic_array.clear                small            size=64       ops=2600000    bend=    55.96ns ref=     6.92ns   8.08x ok
dynamic_array.clear                medium           size=4096     ops=40000      bend=  3025.00ns ref=   358.06ns   8.45x ok
dynamic_array.clear                large            size=262144   ops=1000       bend=215000.00ns ref= 14333.50ns  15.00x ok
dynamic_array.pop                  small            size=64       ops=25600000   bend=     5.02ns ref=     3.26ns   1.54x ok
dynamic_array.pop                  medium           size=4096     ops=20400000   bend=     5.27ns ref=     3.07ns   1.72x ok
dynamic_array.pop                  large            size=262144   ops=25600000   bend=     5.27ns ref=     3.88ns   1.36x ok
dynamic_array.new                  small            size=64       ops=61200000   bend=     3.25ns ref=     2.86ns   1.14x ok
dynamic_array.new                  medium           size=4096     ops=38400000   bend=     3.18ns ref=     3.05ns   1.04x ok
dynamic_array.new                  large            size=262144   ops=38400000   bend=     3.02ns ref=     3.08ns   0.98x ok
dynamic_array.new                  edge-empty       size=0        ops=40800000   bend=     2.93ns ref=     2.89ns   1.01x ok
dynamic_array.length               edge-empty       size=0        ops=179200000  bend=     1.09ns ref=     3.08ns   0.36x ok
dynamic_array.capacity             edge-empty       size=0        ops=179200000  bend=     1.09ns ref=     2.73ns   0.40x ok
dynamic_array.get                  edge-empty       size=0        ops=89600000   bend=     1.26ns ref=     1.12ns   1.12x ok
dynamic_array.set                  edge-empty       size=0        ops=89600000   bend=     1.31ns ref=     1.19ns   1.10x ok
dynamic_array.push                 edge-empty       size=0        ops=20400000   bend=     6.18ns ref=     3.86ns   1.60x ok
dynamic_array.pop                  edge-empty       size=0        ops=89600000   bend=     1.13ns ref=     1.41ns   0.81x ok
dynamic_array.reserve              edge-empty       size=0        ops=64000000   bend=     1.97ns ref=     1.76ns   1.12x ok
dynamic_array.clear                edge-empty       size=0        ops=25600000   bend=     5.49ns ref=     3.03ns   1.81x ok
dynamic_array.to_list              edge-empty       size=0        ops=64000000   bend=     1.53ns ref=     2.59ns   0.59x ok
deque.push_front                   small            size=64       ops=38400000   bend=     3.70ns ref=     1.73ns   2.14x ok
deque.push_front                   medium           size=4096     ops=38400000   bend=     2.99ns ref=     1.46ns   2.05x ok
deque.push_front                   large            size=262144   ops=33554432   bend=     3.84ns ref=     1.46ns   2.63x ok
deque.push_back                    small            size=64       ops=38400000   bend=     3.22ns ref=     1.47ns   2.18x ok
deque.push_back                    medium           size=4096     ops=38400000   bend=     2.88ns ref=     1.44ns   2.00x ok
deque.push_back                    large            size=262144   ops=33554432   bend=     4.32ns ref=     1.66ns   2.60x ok
deque.peek_front                   small            size=64       ops=76800000   bend=     1.34ns ref=     1.33ns   1.01x ok
deque.peek_front                   medium           size=4096     ops=83200000   bend=     1.30ns ref=     1.41ns   0.92x ok
deque.peek_front                   large            size=262144   ops=67200000   bend=     1.41ns ref=     1.43ns   0.99x ok
deque.peek_back                    small            size=64       ops=89600000   bend=     1.17ns ref=     1.23ns   0.96x ok
deque.peek_back                    medium           size=4096     ops=166400000  bend=     1.24ns ref=     1.28ns   0.97x ok
deque.peek_back                    large            size=262144   ops=134400000  bend=     1.70ns ref=     1.86ns   0.91x ok
deque.length                       small            size=64       ops=64000000   bend=     1.66ns ref=     4.55ns   0.37x ok
deque.length                       medium           size=4096     ops=64000000   bend=     1.68ns ref=     4.67ns   0.36x ok
deque.length                       large            size=262144   ops=67200000   bend=     1.64ns ref=     4.58ns   0.36x ok
deque.to_list                      small            size=64       ops=420000     bend=   308.33ns ref=   125.62ns   2.45x ok
deque.to_list                      medium           size=4096     ops=8000       bend= 16062.50ns ref=  8958.88ns   1.79x ok
deque.to_list                      large            size=262144   ops=150        bend=853333.33ns ref=533640.00ns   1.60x ok
deque.pop_front                    small            size=64       ops=38400000   bend=     3.32ns ref=    10.45ns   0.32x ok
deque.pop_front                    medium           size=4096     ops=64000000   bend=     2.34ns ref=     7.23ns   0.32x ok
deque.pop_front                    large            size=262144   ops=48000000   bend=     2.26ns ref=     7.01ns   0.32x ok
deque.pop_back                     small            size=64       ops=51200000   bend=     2.30ns ref=     7.01ns   0.33x ok
deque.pop_back                     medium           size=4096     ops=44800000   bend=     2.25ns ref=     6.87ns   0.33x ok
deque.pop_back                     large            size=262144   ops=41600000   bend=     2.37ns ref=     6.92ns   0.34x ok
deque.new                          small            size=64       ops=179200000  bend=     1.11ns ref=     1.23ns   0.90x ok
deque.new                          medium           size=4096     ops=153600000  bend=     1.21ns ref=     1.24ns   0.98x ok
deque.new                          large            size=262144   ops=108800000  bend=     1.11ns ref=     1.14ns   0.97x ok
deque.new                          edge-empty       size=0        ops=76800000   bend=     1.34ns ref=     1.33ns   1.01x ok
deque.length                       edge-empty       size=0        ops=89600000   bend=     1.10ns ref=     3.18ns   0.35x ok
deque.push_front                   edge-empty       size=0        ops=76800000   bend=     2.90ns ref=     1.45ns   2.00x ok
deque.push_back                    edge-empty       size=0        ops=38400000   bend=     2.88ns ref=     1.45ns   1.99x ok
deque.pop_front                    edge-empty       size=0        ops=102400000  bend=     1.11ns ref=     1.10ns   1.01x ok
deque.pop_back                     edge-empty       size=0        ops=89600000   bend=     1.17ns ref=     1.16ns   1.01x ok
deque.peek_front                   edge-empty       size=0        ops=89600000   bend=     1.11ns ref=     1.10ns   1.01x ok
deque.peek_back                    edge-empty       size=0        ops=102400000  bend=     1.19ns ref=     1.17ns   1.02x ok
deque.to_list                      edge-empty       size=0        ops=64000000   bend=     1.99ns ref=     1.27ns   1.56x ok
queue.enqueue                      small            size=64       ops=40800000   bend=     2.97ns ref=     1.48ns   2.00x ok
queue.enqueue                      medium           size=4096     ops=64000000   bend=     2.85ns ref=     1.52ns   1.87x ok
queue.enqueue                      large            size=262144   ops=33554432   bend=     3.95ns ref=     1.54ns   2.57x ok
queue.peek                         small            size=64       ops=102400000  bend=     1.12ns ref=     1.14ns   0.98x ok
queue.peek                         medium           size=4096     ops=153600000  bend=     1.09ns ref=     1.12ns   0.97x ok
queue.peek                         large            size=262144   ops=134400000  bend=     1.13ns ref=     1.16ns   0.97x ok
queue.length                       small            size=64       ops=179200000  bend=     1.02ns ref=     2.93ns   0.35x ok
queue.length                       medium           size=4096     ops=192000000  bend=     1.05ns ref=     3.07ns   0.34x ok
queue.length                       large            size=262144   ops=134400000  bend=     1.02ns ref=     2.90ns   0.35x ok
queue.to_list                      small            size=64       ops=520000     bend=   211.54ns ref=    83.89ns   2.52x ok
queue.to_list                      medium           size=4096     ops=10000      bend= 10200.00ns ref=  5671.60ns   1.80x ok
queue.to_list                      large            size=262144   ops=200        bend=617500.00ns ref=382752.50ns   1.61x ok
queue.dequeue                      small            size=64       ops=51200000   bend=     2.14ns ref=     7.05ns   0.30x ok
queue.dequeue                      medium           size=4096     ops=44800000   bend=     2.29ns ref=     7.34ns   0.31x ok
queue.dequeue                      large            size=262144   ops=48000000   bend=     2.33ns ref=     7.40ns   0.32x ok
queue.new                          small            size=64       ops=89600000   bend=     1.18ns ref=     1.24ns   0.95x ok
queue.new                          medium           size=4096     ops=89600000   bend=     1.17ns ref=     1.20ns   0.98x ok
queue.new                          large            size=262144   ops=108800000  bend=     1.22ns ref=     1.29ns   0.95x ok
queue.new                          edge-empty       size=0        ops=89600000   bend=     1.21ns ref=     1.22ns   0.99x ok
queue.length                       edge-empty       size=0        ops=153600000  bend=     1.13ns ref=     3.20ns   0.35x ok
queue.enqueue                      edge-empty       size=0        ops=38400000   bend=     3.10ns ref=     1.50ns   2.06x ok
queue.dequeue                      edge-empty       size=0        ops=89600000   bend=     1.14ns ref=     1.18ns   0.96x ok
queue.peek                         edge-empty       size=0        ops=102400000  bend=     1.06ns ref=     1.06ns   1.00x ok
queue.to_list                      edge-empty       size=0        ops=64000000   bend=     2.18ns ref=     1.27ns   1.71x ok
doubly_linked_list.push_front      small            size=64       ops=12800000   bend=     9.10ns ref=     3.63ns   2.51x ok
doubly_linked_list.push_front      medium           size=2048     ops=12800000   bend=     9.73ns ref=     4.14ns   2.35x ok
doubly_linked_list.push_front      large            size=32768    ops=10485760   bend=    11.35ns ref=     3.92ns   2.90x ok
doubly_linked_list.push_back       small            size=64       ops=12800000   bend=     9.41ns ref=     3.98ns   2.36x ok
doubly_linked_list.push_back       medium           size=2048     ops=12800000   bend=     9.18ns ref=     3.87ns   2.37x ok
doubly_linked_list.push_back       large            size=32768    ops=10485760   bend=    10.44ns ref=     4.28ns   2.44x ok
doubly_linked_list.insert_before   small            size=64       ops=15300000   bend=     9.31ns ref=     3.64ns   2.56x ok
doubly_linked_list.insert_before   medium           size=2048     ops=12800000   bend=     9.53ns ref=     3.98ns   2.40x ok
doubly_linked_list.insert_before   large            size=32768    ops=8388608    bend=    15.62ns ref=     4.39ns   3.56x ok
doubly_linked_list.insert_after    small            size=64       ops=15300000   bend=     9.28ns ref=     3.99ns   2.32x ok
doubly_linked_list.insert_after    medium           size=2048     ops=12800000   bend=     9.61ns ref=     4.26ns   2.26x ok
doubly_linked_list.insert_after    large            size=32768    ops=10485760   bend=    11.35ns ref=     4.78ns   2.37x ok
doubly_linked_list.get             small            size=64       ops=57600000   bend=     1.76ns ref=     1.53ns   1.15x ok
doubly_linked_list.get             medium           size=2048     ops=54400000   bend=     1.76ns ref=     1.47ns   1.19x ok
doubly_linked_list.get             large            size=32768    ops=81920000   bend=     1.95ns ref=     2.02ns   0.97x ok
doubly_linked_list.set             small            size=64       ops=89600000   bend=     1.58ns ref=     1.38ns   1.15x ok
doubly_linked_list.set             medium           size=2048     ops=108800000  bend=     1.54ns ref=     1.30ns   1.19x ok
doubly_linked_list.set             large            size=32768    ops=130560000  bend=     1.59ns ref=     1.40ns   1.14x ok
doubly_linked_list.next            small            size=64       ops=51200000   bend=     1.98ns ref=     1.72ns   1.15x ok
doubly_linked_list.next            medium           size=2048     ops=54400000   bend=     1.90ns ref=     1.44ns   1.32x ok
doubly_linked_list.next            large            size=32768    ops=33280000   bend=     2.55ns ref=     1.89ns   1.35x ok
doubly_linked_list.prev            small            size=64       ops=64000000   bend=     2.27ns ref=     1.87ns   1.21x ok
doubly_linked_list.prev            medium           size=2048     ops=54400000   bend=     1.99ns ref=     1.51ns   1.31x ok
doubly_linked_list.prev            large            size=32768    ops=81920000   bend=     2.15ns ref=     1.70ns   1.27x ok
doubly_linked_list.length          small            size=64       ops=96000000   bend=     1.09ns ref=     3.10ns   0.35x ok
doubly_linked_list.length          medium           size=2048     ops=108800000  bend=     1.13ns ref=     3.37ns   0.34x ok
doubly_linked_list.length          large            size=32768    ops=81920000   bend=     1.11ns ref=     3.16ns   0.35x ok
doubly_linked_list.to_list         small            size=64       ops=510000     bend=   246.08ns ref=    98.98ns   2.49x ok
doubly_linked_list.to_list         medium           size=2048     ops=15300      bend=  7189.54ns ref=  3739.31ns   1.92x ok
doubly_linked_list.to_list         large            size=32768    ops=1360       bend= 93014.71ns ref= 54226.84ns   1.72x ok
doubly_linked_list.remove          small            size=64       ops=16777216   bend=     9.83ns ref=     8.15ns   1.21x ok
doubly_linked_list.remove          medium           size=2048     ops=16777216   bend=     7.24ns ref=     6.14ns   1.18x ok
doubly_linked_list.remove          large            size=32768    ops=13631488   bend=     7.70ns ref=     6.90ns   1.12x ok
doubly_linked_list.new             small            size=64       ops=15300000   bend=     7.58ns ref=     2.49ns   3.05x ok
doubly_linked_list.new             medium           size=2048     ops=19200000   bend=     7.47ns ref=     2.48ns   3.01x ok
doubly_linked_list.new             large            size=32768    ops=16000000   bend=     7.53ns ref=     2.50ns   3.01x ok
doubly_linked_list.new             edge-empty       size=0        ops=15300000   bend=     7.55ns ref=     2.51ns   3.01x ok
doubly_linked_list.length          edge-empty       size=0        ops=192000000  bend=     1.00ns ref=     2.84ns   0.35x ok
doubly_linked_list.push_front      edge-empty       size=0        ops=15300000   bend=     7.52ns ref=     3.07ns   2.45x ok
doubly_linked_list.push_back       edge-empty       size=0        ops=19200000   bend=     7.40ns ref=     3.03ns   2.44x ok
doubly_linked_list.insert_before   edge-empty       size=0        ops=108800000  bend=     1.13ns ref=     1.01ns   1.11x ok
doubly_linked_list.insert_after    edge-empty       size=0        ops=108800000  bend=     1.13ns ref=     1.02ns   1.11x ok
doubly_linked_list.remove          edge-empty       size=0        ops=96000000   bend=     1.13ns ref=     1.01ns   1.12x ok
doubly_linked_list.get             edge-empty       size=0        ops=108800000  bend=     1.12ns ref=     1.02ns   1.10x ok
doubly_linked_list.set             edge-empty       size=0        ops=96000000   bend=     1.12ns ref=     1.02ns   1.10x ok
doubly_linked_list.next            edge-empty       size=0        ops=108800000  bend=     1.12ns ref=     1.01ns   1.10x ok
doubly_linked_list.prev            edge-empty       size=0        ops=96000000   bend=     1.11ns ref=     1.02ns   1.09x ok
doubly_linked_list.to_list         edge-empty       size=0        ops=134400000  bend=     0.97ns ref=     3.32ns   0.29x ok
binary_heap.push                   small            size=64       ops=12800000   bend=    14.41ns ref=     9.19ns   1.57x ok
binary_heap.push                   medium           size=4096     ops=9600000    bend=    14.32ns ref=     9.20ns   1.56x ok
binary_heap.push                   large            size=131072   ops=6684672    bend=    15.56ns ref=     9.00ns   1.73x ok
binary_heap.peek                   small            size=64       ops=102400000  bend=     1.00ns ref=     1.00ns   1.00x ok
binary_heap.peek                   medium           size=4096     ops=192000000  bend=     1.00ns ref=     1.00ns   0.99x ok
binary_heap.peek                   large            size=131072   ops=163200000  bend=     1.00ns ref=     1.00ns   1.00x ok
binary_heap.length                 small            size=64       ops=102400000  bend=     1.01ns ref=     2.79ns   0.36x ok
binary_heap.length                 medium           size=4096     ops=192000000  bend=     1.00ns ref=     2.75ns   0.36x ok
binary_heap.length                 large            size=131072   ops=108800000  bend=     1.01ns ref=     2.73ns   0.37x ok
binary_heap.from_list              small            size=64       ops=2100000    bend=    83.33ns ref=    49.09ns   1.70x ok
binary_heap.from_list              medium           size=4096     ops=2100000    bend=    83.33ns ref=    49.17ns   1.69x ok
binary_heap.from_list              large            size=131072   ops=1280000    bend=    85.16ns ref=    48.70ns   1.75x ok
binary_heap.to_sorted_list         small            size=64       ops=256000     bend=   738.28ns ref=   497.09ns   1.49x ok
binary_heap.to_sorted_list         medium           size=4096     ops=1000       bend=116500.00ns ref= 54782.00ns   2.13x ok
binary_heap.to_sorted_list         large            size=131072   ops=15         bend=6900000.00ns ref=3333533.33ns   2.07x ok
binary_heap.pop                    small            size=64       ops=4200000    bend=    35.12ns ref=    13.48ns   2.61x ok
binary_heap.pop                    medium           size=4096     ops=1700000    bend=    74.41ns ref=    31.34ns   2.37x ok
binary_heap.pop                    large            size=131072   ops=1360000    bend=   119.12ns ref=    47.08ns   2.53x ok
binary_heap.new                    small            size=64       ops=128000000  bend=     2.45ns ref=     2.49ns   0.98x ok
binary_heap.new                    medium           size=4096     ops=81600000   bend=     2.56ns ref=     2.49ns   1.02x ok
binary_heap.new                    large            size=131072   ops=67200000   bend=     2.56ns ref=     2.50ns   1.02x ok
binary_heap.new                    edge-empty       size=0        ops=76800000   bend=     2.52ns ref=     2.50ns   1.01x ok
binary_heap.length                 edge-empty       size=0        ops=134400000  bend=     1.00ns ref=     2.76ns   0.36x ok
binary_heap.push                   edge-empty       size=0        ops=10200000   bend=    14.80ns ref=     9.22ns   1.60x ok
binary_heap.peek                   edge-empty       size=0        ops=134400000  bend=     1.09ns ref=     1.15ns   0.95x ok
binary_heap.pop                    edge-empty       size=0        ops=153600000  bend=     1.01ns ref=     1.04ns   0.98x ok
binary_heap.from_list              edge-empty       size=0        ops=1100000    bend=    93.18ns ref=    51.24ns   1.82x ok
binary_heap.to_sorted_list         edge-empty       size=0        ops=12800000   bend=    10.31ns ref=     4.17ns   2.47x ok
balanced_search_tree.insert        small            size=64       ops=400000     bend=   388.75ns ref=    28.42ns  13.68x ok
balanced_search_tree.insert        medium           size=4096     ops=200000     bend=  1035.00ns ref=    64.52ns  16.04x ok
balanced_search_tree.insert        large            size=131072   ops=131072     bend=  1609.80ns ref=   171.70ns   9.38x ok
balanced_search_tree.remove        small            size=64       ops=200000     bend=   797.50ns ref=    55.68ns  14.32x ok
balanced_search_tree.remove        medium           size=4096     ops=100000     bend=  2105.00ns ref=   115.32ns  18.25x ok
balanced_search_tree.remove        large            size=131072   FAILED MEASUREMENT (sample 0: A-B = -12000000ns (bend) / 2058000ns (reference), below the 50000000ns / 100000ns minima)
balanced_search_tree.lookup        small            size=64       ops=1100000    bend=   136.82ns ref=    19.66ns   6.96x ok
balanced_search_tree.lookup        medium           size=4096     ops=400000     bend=   293.75ns ref=    50.68ns   5.80x ok
balanced_search_tree.lookup        large            size=131072   ops=400000     bend=   486.25ns ref=    93.97ns   5.17x ok
balanced_search_tree.contains      small            size=64       ops=800000     bend=   125.00ns ref=    20.15ns   6.20x ok
balanced_search_tree.contains      medium           size=4096     ops=750000     bend=   287.33ns ref=    47.30ns   6.08x ok
balanced_search_tree.contains      large            size=131072   ops=1280000    bend=   463.67ns ref=    86.12ns   5.38x ok
balanced_search_tree.min           small            size=64       ops=3400000    bend=    35.15ns ref=     1.01ns  34.72x ok
balanced_search_tree.min           medium           size=4096     ops=1000000    bend=   105.50ns ref=     3.94ns  26.76x ok
balanced_search_tree.min           large            size=131072   ops=3200000    bend=   129.53ns ref=     4.53ns  28.57x ok
balanced_search_tree.max           small            size=64       ops=2600000    bend=    39.62ns ref=     1.01ns  39.29x ok
balanced_search_tree.max           medium           size=4096     ops=1000000    bend=   106.00ns ref=     3.43ns  30.92x ok
balanced_search_tree.max           large            size=131072   ops=3200000    bend=   141.88ns ref=     4.34ns  32.71x ok
balanced_search_tree.lower_bound   small            size=64       ops=900000     bend=   118.33ns ref=    16.83ns   7.03x ok
balanced_search_tree.lower_bound   medium           size=4096     ops=400000     bend=   255.00ns ref=    37.04ns   6.88x ok
balanced_search_tree.lower_bound   large            size=131072   ops=420000     bend=   411.90ns ref=    87.91ns   4.69x ok
balanced_search_tree.range         small            size=64       ops=512000     bend=   207.03ns ref=    32.11ns   6.45x ok
balanced_search_tree.range         medium           size=4096     ops=10200      bend= 11519.61ns ref=   949.36ns  12.13x ok
balanced_search_tree.range         large            size=131072   ops=1280       bend= 96093.75ns ref=  7443.75ns  12.91x ok
balanced_search_tree.to_list       small            size=64       ops=256000     bend=   562.50ns ref=    42.04ns  13.38x ok
balanced_search_tree.to_list       medium           size=4096     ops=3400       bend= 51911.76ns ref=  3180.15ns  16.32x ok
balanced_search_tree.to_list       large            size=131072   ops=105        bend=1900000.00ns ref=194209.52ns   9.78x ok
balanced_search_tree.length        small            size=64       ops=102400000  bend=     1.00ns ref=     2.84ns   0.35x ok
balanced_search_tree.length        medium           size=4096     ops=96000000   bend=     1.00ns ref=     2.85ns   0.35x ok
balanced_search_tree.length        large            size=131072   ops=204800000  bend=     0.97ns ref=     2.93ns   0.33x ok
balanced_search_tree.new           small            size=64       ops=115200000  bend=     1.00ns ref=     2.48ns   0.40x ok
balanced_search_tree.new           medium           size=4096     ops=102400000  bend=     1.00ns ref=     2.52ns   0.40x ok
balanced_search_tree.new           large            size=131072   ops=108800000  bend=     0.97ns ref=     2.52ns   0.39x ok
balanced_search_tree.new           edge-empty       size=0        ops=108800000  bend=     1.00ns ref=     2.49ns   0.40x ok
balanced_search_tree.length        edge-empty       size=0        ops=134400000  bend=     0.99ns ref=     2.80ns   0.36x ok
balanced_search_tree.insert        edge-empty       size=0        ops=5100000    bend=    30.88ns ref=     2.39ns  12.92x ok
balanced_search_tree.remove        edge-empty       size=0        ops=25600000   bend=     5.08ns ref=     2.30ns   2.21x ok
balanced_search_tree.lookup        edge-empty       size=0        ops=32000000   bend=     3.28ns ref=     1.01ns   3.24x ok
balanced_search_tree.contains      edge-empty       size=0        ops=32000000   bend=     3.30ns ref=     1.00ns   3.31x ok
balanced_search_tree.min           edge-empty       size=0        ops=38400000   bend=     3.27ns ref=     1.00ns   3.27x ok
balanced_search_tree.max           edge-empty       size=0        ops=32000000   bend=     3.28ns ref=     1.00ns   3.29x ok
balanced_search_tree.lower_bound   edge-empty       size=0        ops=25600000   bend=     4.80ns ref=     1.00ns   4.80x ok
balanced_search_tree.range         edge-empty       size=0        ops=25600000   bend=     4.22ns ref=     4.22ns   1.00x ok
balanced_search_tree.to_list       edge-empty       size=0        ops=32000000   bend=     3.25ns ref=     3.40ns   0.96x ok
bitset.set                         small            size=64       ops=76800000   bend=     1.42ns ref=     1.28ns   1.11x ok
bitset.set                         medium           size=4096     ops=83200000   bend=     1.29ns ref=     1.15ns   1.12x ok
bitset.set                         large            size=262144   ops=83200000   bend=     1.29ns ref=     1.15ns   1.12x ok
bitset.clear                       small            size=64       ops=76800000   bend=     1.43ns ref=     1.27ns   1.13x ok
bitset.clear                       medium           size=4096     ops=153600000  bend=     1.29ns ref=     1.15ns   1.12x ok
bitset.clear                       large            size=262144   ops=134400000  bend=     1.28ns ref=     1.15ns   1.12x ok
bitset.get                         small            size=64       ops=64000000   bend=     1.60ns ref=     1.32ns   1.21x ok
bitset.get                         medium           size=4096     ops=76800000   bend=     1.48ns ref=     1.19ns   1.25x ok
bitset.get                         large            size=262144   ops=67200000   bend=     1.48ns ref=     1.19ns   1.25x ok
bitset.count                       small            size=64       ops=9600000    bend=    11.61ns ref=     3.90ns   2.98x ok
bitset.count                       medium           size=4096     ops=600000     bend=   285.83ns ref=   185.12ns   1.54x ok
bitset.count                       large            size=262144   ops=7500       bend= 15000.00ns ref= 11815.47ns   1.27x ok
bitset.length                      small            size=64       ops=102400000  bend=     0.99ns ref=     2.72ns   0.36x ok
bitset.length                      medium           size=4096     ops=192000000  bend=     0.97ns ref=     2.69ns   0.36x ok
bitset.length                      large            size=262144   ops=163200000  bend=     0.97ns ref=     2.70ns   0.36x ok
bitset.to_list                     small            size=64       ops=680000     bend=   155.15ns ref=    62.35ns   2.49x ok
bitset.to_list                     medium           size=4096     ops=12000      bend=  8250.00ns ref=  3939.92ns   2.09x ok
bitset.to_list                     large            size=262144   ops=150        bend=786666.67ns ref=254606.67ns   3.09x ok
bitset.union                       small            size=64       ops=204800000  bend=     1.20ns ref=     1.11ns   1.09x ok
bitset.union                       medium           size=4096     ops=2560000    bend=    48.24ns ref=    48.91ns   0.99x ok
bitset.union                       large            size=262144   ops=64000      bend=  2726.56ns ref=  2895.88ns   0.94x ok
bitset.intersection                small            size=64       ops=83200000   bend=     1.28ns ref=     1.04ns   1.23x ok
bitset.intersection                medium           size=4096     ops=2560000    bend=    48.44ns ref=    49.29ns   0.98x ok
bitset.intersection                large            size=262144   ops=51000      bend=  2705.88ns ref=  2894.35ns   0.93x ok
bitset.difference                  small            size=64       ops=105600000  bend=     1.25ns ref=     1.06ns   1.18x ok
bitset.difference                  medium           size=4096     ops=2560000    bend=    48.44ns ref=    49.42ns   0.98x ok
bitset.difference                  large            size=262144   ops=51000      bend=  2784.31ns ref=  2884.70ns   0.97x ok
bitset.xor                         small            size=64       ops=163200000  bend=     1.90ns ref=     1.03ns   1.84x ok
bitset.xor                         medium           size=4096     ops=2560000    bend=    48.05ns ref=    48.44ns   0.99x ok
bitset.xor                         large            size=262144   ops=51000      bend=  2715.69ns ref=  2905.19ns   0.93x ok
bitset.new                         small            size=64       ops=51200000   bend=     2.49ns ref=     8.88ns   0.28x ok
bitset.new                         medium           size=4096     ops=76800000   bend=     2.48ns ref=     8.66ns   0.29x ok
bitset.new                         large            size=262144   ops=48000000   bend=     2.47ns ref=     8.68ns   0.28x ok
bitset.new                         edge-empty       size=0        ops=51200000   bend=     2.48ns ref=     9.17ns   0.27x ok
bitset.length                      edge-empty       size=0        ops=102400000  bend=     0.99ns ref=     2.75ns   0.36x ok
bitset.get                         edge-empty       size=0        ops=102400000  bend=     1.12ns ref=     1.01ns   1.11x ok
bitset.set                         edge-empty       size=0        ops=102400000  bend=     1.12ns ref=     1.01ns   1.11x ok
bitset.clear                       edge-empty       size=0        ops=89600000   bend=     1.11ns ref=     1.01ns   1.10x ok
bitset.count                       edge-empty       size=0        ops=51200000   bend=     2.24ns ref=     3.35ns   0.67x ok
bitset.union                       edge-empty       size=0        ops=819200000  bend=     1.25ns ref=     1.00ns   1.26x ok
bitset.intersection                edge-empty       size=0        FAILED MEASUREMENT (sample 2: A-B = -197000000ns (bend) / 153125000ns (reference), below the 50000000ns / 100000ns minima)
bitset.difference                  edge-empty       size=0        ops=140800000  bend=     1.23ns ref=     1.00ns   1.24x ok
bitset.xor                         edge-empty       size=0        ops=153600000  bend=     1.24ns ref=     0.99ns   1.25x ok
bitset.to_list                     edge-empty       size=0        ops=115200000  bend=     1.74ns ref=     3.26ns   0.53x ok
union_find.find                    small            size=64       ops=70400000   bend=     1.44ns ref=     1.27ns   1.13x ok
union_find.find                    medium           size=4096     ops=83200000   bend=     1.32ns ref=     1.15ns   1.15x ok
union_find.find                    large            size=65536    ops=87040000   bend=     1.34ns ref=     1.16ns   1.16x ok
union_find.union                   small            size=64       ops=51200000   bend=     2.34ns ref=     1.52ns   1.54x ok
union_find.union                   medium           size=4096     ops=83200000   bend=     2.08ns ref=     1.30ns   1.60x ok
union_find.union                   large            size=65536    FAILED MEASUREMENT (sample 4: A-B = -215000000ns (bend) / 142607000ns (reference), below the 50000000ns / 100000ns minima)
union_find.connected               small            size=64       ops=51200000   bend=     2.25ns ref=     1.58ns   1.43x ok
union_find.connected               medium           size=4096     ops=54400000   bend=     2.02ns ref=     1.35ns   1.50x ok
union_find.connected               large            size=65536    ops=66560000   bend=     2.10ns ref=     1.49ns   1.41x ok
union_find.component_size          small            size=64       ops=76800000   bend=     1.52ns ref=     1.29ns   1.18x ok
union_find.component_size          medium           size=4096     ops=83200000   bend=     1.41ns ref=     1.18ns   1.20x ok
union_find.component_size          large            size=65536    ops=81920000   bend=     1.53ns ref=     1.28ns   1.20x ok
union_find.component_count         small            size=64       ops=128000000  bend=     0.96ns ref=     2.68ns   0.36x ok
union_find.component_count         medium           size=4096     ops=192000000  bend=     0.95ns ref=     2.63ns   0.36x ok
union_find.component_count         large            size=65536    ops=108800000  bend=     0.95ns ref=     2.62ns   0.36x ok
union_find.new                     small            size=64       ops=5200000    bend=    21.35ns ref=     1.77ns  12.08x ok
union_find.new                     medium           size=4096     ops=6800000    bend=    21.84ns ref=     1.85ns  11.83x ok
union_find.new                     large            size=65536    ops=6400000    bend=    21.80ns ref=     1.80ns  12.13x ok
union_find.new                     edge-empty       size=0        ops=6800000    bend=    21.99ns ref=     1.82ns  12.06x ok
union_find.find                    edge-empty       size=0        ops=96000000   bend=     1.11ns ref=     1.01ns   1.10x ok
union_find.union                   edge-empty       size=0        ops=70400000   bend=     1.65ns ref=     1.11ns   1.49x ok
union_find.connected               edge-empty       size=0        ops=70400000   bend=     1.57ns ref=     1.12ns   1.40x ok
union_find.component_size          edge-empty       size=0        ops=96000000   bend=     1.12ns ref=     1.01ns   1.11x ok
union_find.component_count         edge-empty       size=0        ops=108800000  bend=     0.96ns ref=     2.66ns   0.36x ok
fenwick_tree.add                   small            size=64       ops=5100000    bend=    22.65ns ref=    19.05ns   1.19x ok
fenwick_tree.add                   medium           size=4096     ops=2550000    bend=    40.78ns ref=    36.11ns   1.13x ok
fenwick_tree.add                   large            size=262144   ops=2040000    bend=    56.86ns ref=    50.72ns   1.12x ok
fenwick_tree.prefix_sum            small            size=64       ops=5100000    bend=    22.65ns ref=    18.90ns   1.20x ok
fenwick_tree.prefix_sum            medium           size=4096     ops=2550000    bend=    40.78ns ref=    36.48ns   1.12x ok
fenwick_tree.prefix_sum            large            size=262144   ops=2560000    bend=    58.20ns ref=    50.91ns   1.14x ok
fenwick_tree.range_sum             small            size=64       ops=6800000    bend=    23.53ns ref=    19.55ns   1.20x ok
fenwick_tree.range_sum             medium           size=4096     ops=2550000    bend=    41.57ns ref=    36.57ns   1.14x ok
fenwick_tree.range_sum             large            size=262144   ops=7680000    bend=    14.26ns ref=    12.17ns   1.17x ok
fenwick_tree.length                small            size=64       ops=128000000  bend=     0.96ns ref=     2.66ns   0.36x ok
fenwick_tree.length                medium           size=4096     ops=192000000  bend=     0.97ns ref=     2.68ns   0.36x ok
fenwick_tree.length                large            size=262144   ops=108800000  bend=     0.96ns ref=     2.67ns   0.36x ok
fenwick_tree.from_list             small            size=64       ops=5100000    bend=    36.76ns ref=    21.08ns   1.74x ok
fenwick_tree.from_list             medium           size=4096     ops=5100000    bend=    36.76ns ref=    22.69ns   1.62x ok
fenwick_tree.from_list             large            size=262144   ops=3060000    bend=    39.54ns ref=    21.02ns   1.88x ok
fenwick_tree.new                   small            size=64       ops=51200000   bend=     2.49ns ref=     9.30ns   0.27x ok
fenwick_tree.new                   medium           size=4096     ops=40800000   bend=     2.48ns ref=     9.42ns   0.26x ok
fenwick_tree.new                   large            size=262144   ops=54400000   bend=     2.48ns ref=     9.44ns   0.26x ok
fenwick_tree.new                   edge-empty       size=0        ops=44800000   bend=     2.52ns ref=     9.45ns   0.27x ok
fenwick_tree.from_list             edge-empty       size=0        ops=5200000    bend=    37.02ns ref=    21.00ns   1.76x ok
fenwick_tree.length                edge-empty       size=0        ops=192000000  bend=     0.98ns ref=     2.70ns   0.36x ok
fenwick_tree.add                   edge-empty       size=0        ops=108800000  bend=     1.12ns ref=     1.02ns   1.10x ok
fenwick_tree.prefix_sum            edge-empty       size=0        ops=64000000   bend=     1.87ns ref=     1.04ns   1.80x ok
fenwick_tree.range_sum             edge-empty       size=0        ops=32000000   bend=     3.27ns ref=     1.48ns   2.20x ok
segment_tree.range_add             small            size=64       ops=3200000    bend=    44.69ns ref=    28.34ns   1.58x ok
segment_tree.range_add             medium           size=4096     ops=1020000    bend=   103.43ns ref=    52.86ns   1.96x ok
segment_tree.range_add             large            size=262144   ops=3200000    bend=    40.47ns ref=    27.35ns   1.48x ok
segment_tree.get                   small            size=64       ops=19200000   bend=     6.72ns ref=     3.18ns   2.11x ok
segment_tree.get                   medium           size=4096     ops=8960000    bend=    12.50ns ref=     5.77ns   2.17x ok
segment_tree.get                   large            size=262144   ops=6400000    bend=    19.06ns ref=    10.62ns   1.79x ok
segment_tree.range_query           small            size=64       ops=3200000    bend=    31.09ns ref=    20.28ns   1.53x ok
segment_tree.range_query           medium           size=4096     ops=2560000    bend=    57.62ns ref=    37.99ns   1.52x ok
segment_tree.range_query           large            size=262144   ops=5760000    bend=    19.62ns ref=    12.38ns   1.58x ok
segment_tree.length                small            size=64       ops=115200000  bend=     0.98ns ref=     2.42ns   0.40x ok
segment_tree.length                medium           size=4096     ops=192000000  bend=     0.97ns ref=     2.35ns   0.41x ok
segment_tree.length                large            size=262144   ops=163200000  bend=     0.97ns ref=     2.32ns   0.42x ok
segment_tree.set                   small            size=64       ops=6400000    bend=    24.61ns ref=    10.12ns   2.43x ok
segment_tree.set                   medium           size=4096     ops=2560000    bend=    42.38ns ref=    20.92ns   2.03x ok
segment_tree.set                   large            size=262144   ops=1280000    bend=   114.45ns ref=   106.27ns   1.08x ok
segment_tree.from_list             small            size=64       ops=750000     bend=   168.00ns ref=    53.91ns   3.12x ok
segment_tree.from_list             medium           size=4096     ops=1200000    bend=   169.17ns ref=    55.56ns   3.04x ok
segment_tree.from_list             large            size=262144   ops=1040000    bend=   167.79ns ref=    53.51ns   3.14x ok
segment_tree.new                   small            size=64       ops=13600000   bend=     8.75ns ref=     9.40ns   0.93x ok
segment_tree.new                   medium           size=4096     ops=20400000   bend=     8.73ns ref=     9.51ns   0.92x ok
segment_tree.new                   large            size=262144   ops=12800000   bend=     8.83ns ref=     9.45ns   0.93x ok
segment_tree.new                   edge-empty       size=0        ops=12800000   bend=     8.59ns ref=     9.64ns   0.89x ok
segment_tree.from_list             edge-empty       size=0        ops=1200000    bend=   165.83ns ref=    53.92ns   3.08x ok
segment_tree.length                edge-empty       size=0        ops=192000000  bend=     0.99ns ref=     2.41ns   0.41x ok
segment_tree.get                   edge-empty       size=0        ops=96000000   bend=     1.11ns ref=     1.02ns   1.09x ok
segment_tree.set                   edge-empty       size=0        ops=32000000   bend=     3.44ns ref=     1.01ns   3.40x ok
segment_tree.range_query           edge-empty       size=0        ops=19200000   bend=     6.61ns ref=     1.48ns   4.45x ok
segment_tree.range_add             edge-empty       size=0        ops=19200000   bend=     5.57ns ref=     2.48ns   2.25x ok
prefix_trie.insert                 small            size=64       ops=250000     bend=   500.00ns ref=   113.50ns   4.41x ok
prefix_trie.insert                 medium           size=2048     ops=260000     bend=   432.69ns ref=    96.31ns   4.49x ok
prefix_trie.insert                 large            size=32768    ops=393216     bend=   616.71ns ref=   115.22ns   5.35x ok
prefix_trie.lookup                 small            size=64       ops=900000     bend=   212.22ns ref=    23.91ns   8.87x ok
prefix_trie.lookup                 medium           size=2048     ops=340000     bend=   300.00ns ref=    45.46ns   6.60x ok
prefix_trie.lookup                 large            size=32768    ops=640000     bend=   429.69ns ref=    84.94ns   5.06x ok
prefix_trie.remove                 small            size=64       ops=250000     bend=   412.00ns ref=    53.88ns   7.65x ok
prefix_trie.remove                 medium           size=2048     ops=320000     bend=   582.81ns ref=    78.23ns   7.45x ok
prefix_trie.remove                 large            size=32768    ops=640000     bend=   882.03ns ref=   130.88ns   6.74x ok
prefix_trie.contains               small            size=64       ops=450000     bend=   216.67ns ref=    24.42ns   8.87x ok
prefix_trie.contains               medium           size=2048     ops=600000     bend=   295.83ns ref=    44.73ns   6.61x ok
prefix_trie.contains               large            size=32768    ops=420000     bend=   409.52ns ref=    83.34ns   4.91x ok
prefix_trie.prefix_entries         small            size=64       ops=210000     bend=   857.14ns ref=    72.04ns  11.90x ok
prefix_trie.prefix_entries         medium           size=2048     ops=4500       bend= 27777.78ns ref=  1874.67ns  14.82x ok
prefix_trie.prefix_entries         large            size=32768    ops=200        bend=555000.00ns ref= 27065.00ns  20.51x ok
prefix_trie.longest_prefix         small            size=64       ops=600000     bend=   180.00ns ref=    26.18ns   6.88x ok
prefix_trie.longest_prefix         medium           size=2048     ops=420000     bend=   246.43ns ref=    45.96ns   5.36x ok
prefix_trie.longest_prefix         large            size=32768    ops=560000     bend=   359.82ns ref=    86.68ns   4.15x ok
prefix_trie.new                    small            size=64       ops=134400000  bend=     0.99ns ref=     2.42ns   0.41x ok
prefix_trie.new                    medium           size=2048     ops=134400000  bend=     0.97ns ref=     2.39ns   0.41x ok
prefix_trie.new                    large            size=32768    ops=163200000  bend=     0.98ns ref=     2.39ns   0.41x ok
prefix_trie.new                    edge-empty       size=0        ops=108800000  bend=     0.97ns ref=     2.38ns   0.41x ok
prefix_trie.insert                 edge-empty       size=0        ops=300000     bend=   691.67ns ref=   127.39ns   5.43x ok
prefix_trie.lookup                 edge-empty       size=0        ops=800000     bend=   127.50ns ref=     1.24ns 102.72x ok
prefix_trie.remove                 edge-empty       size=0        ops=1000000    bend=   129.00ns ref=     1.79ns  71.93x ok
prefix_trie.contains               edge-empty       size=0        ops=800000     bend=   126.88ns ref=     1.24ns 102.01x ok
prefix_trie.prefix_entries         edge-empty       size=0        ops=6400000    bend=    16.64ns ref=     3.34ns   4.98x ok
prefix_trie.longest_prefix         edge-empty       size=0        ops=1000000    bend=   122.00ns ref=     2.38ns  51.34x ok
graph.add_vertex                   small            size=32       ops=12800000   bend=     8.91ns ref=    15.66ns   0.57x ok
graph.add_vertex                   medium           size=512      ops=11520000   bend=    10.20ns ref=    27.97ns   0.36x ok
graph.add_vertex                   large            size=4096     ops=7040000    bend=    14.77ns ref=    40.22ns   0.37x ok
graph.remove_vertex                small            size=32       ops=40960000   bend=     2.49ns ref=     1.01ns   2.47x ok
graph.remove_vertex                medium           size=512      ops=384000     bend=   289.06ns ref=   185.12ns   1.56x ok
graph.remove_vertex                large            size=4096     ops=12288      bend=  8260.09ns ref=  5441.77ns   1.52x ok
graph.add_edge                     small            size=32       ops=5100000    bend=    25.10ns ref=    69.96ns   0.36x ok
graph.add_edge                     medium           size=512      ops=1280000    bend=   128.12ns ref=   304.52ns   0.42x ok
graph.add_edge                     large            size=4096     ops=1280000    bend=    98.44ns ref=   315.32ns   0.31x ok
graph.remove_edge                  small            size=32       ops=6400000    bend=    21.88ns ref=    29.80ns   0.73x ok
graph.remove_edge                  medium           size=512      ops=3840000    bend=    38.67ns ref=    62.18ns   0.62x ok
graph.remove_edge                  large            size=4096     ops=2560000    bend=    45.70ns ref=    96.33ns   0.47x ok
graph.has_vertex                   small            size=32       ops=6400000    bend=    20.62ns ref=    15.78ns   1.31x ok
graph.has_vertex                   medium           size=512      ops=3840000    bend=    29.43ns ref=    28.86ns   1.02x ok
graph.has_vertex                   large            size=4096     ops=3200000    bend=    36.41ns ref=    39.39ns   0.92x ok
graph.has_edge                     small            size=32       ops=3200000    bend=    33.44ns ref=    31.54ns   1.06x ok
graph.has_edge                     medium           size=512      ops=2560000    bend=    43.75ns ref=    60.17ns   0.73x ok
graph.has_edge                     large            size=4096     ops=1920000    bend=    53.91ns ref=    92.35ns   0.58x ok
graph.neighbors                    small            size=32       ops=5100000    bend=    23.53ns ref=    17.74ns   1.33x ok
graph.neighbors                    medium           size=512      ops=3840000    bend=    36.07ns ref=    30.14ns   1.20x ok
graph.neighbors                    large            size=4096     ops=2560000    bend=    45.31ns ref=    51.00ns   0.89x ok
graph.vertices                     small            size=32       ops=1280000    bend=    90.62ns ref=    26.88ns   3.37x ok
graph.vertices                     medium           size=512      ops=96000      bend=  1468.75ns ref=   488.38ns   3.01x ok
graph.vertices                     large            size=4096     ops=9600       bend= 13020.83ns ref=  4224.90ns   3.08x ok
graph.edges                        small            size=32       ops=640000     bend=   218.75ns ref=   114.74ns   1.91x ok
graph.edges                        medium           size=512      ops=32000      bend=  3406.25ns ref=  2239.64ns   1.52x ok
graph.edges                        large            size=4096     ops=5100       bend= 30490.20ns ref= 19025.88ns   1.60x ok
graph.new                          small            size=32       ops=10200000   bend=    11.13ns ref=     1.69ns   6.57x ok
graph.new                          medium           size=512      ops=12800000   bend=    11.17ns ref=     1.68ns   6.66x ok
graph.new                          large            size=4096     ops=9600000    bend=    11.15ns ref=     1.68ns   6.63x ok
graph.new                          edge-empty       size=0        ops=10200000   bend=    11.18ns ref=     1.68ns   6.67x ok
graph.add_vertex                   edge-empty       size=0        ops=25600000   bend=     4.55ns ref=     1.04ns   4.39x ok
graph.remove_vertex                edge-empty       size=0        ops=153600000  bend=     1.24ns ref=     1.00ns   1.24x ok
graph.add_edge                     edge-empty       size=0        ops=64000000   bend=     1.50ns ref=     0.99ns   1.52x ok
graph.remove_edge                  edge-empty       size=0        ops=70400000   bend=     1.52ns ref=     1.00ns   1.51x ok
graph.has_vertex                   edge-empty       size=0        ops=32000000   bend=     3.81ns ref=     1.00ns   3.82x ok
graph.has_edge                     edge-empty       size=0        ops=32000000   bend=     3.28ns ref=     1.00ns   3.29x ok
graph.neighbors                    edge-empty       size=0        ops=83200000   bend=     1.24ns ref=     0.99ns   1.25x ok
graph.vertices                     edge-empty       size=0        ops=108800000  bend=     0.91ns ref=     3.20ns   0.28x ok
graph.edges                        edge-empty       size=0        ops=25600000   bend=     4.69ns ref=     3.24ns   1.45x ok
report: build/performance/report.json (408 workloads, 3100s)
